Microchip Technology Inc, vv1.24 (0)

Tool Name:
  c:\program files (x86)\microchip\xc16\v1.24\bin\bin\..\bin/elf-ld.exe

Command:
  -p33EV64GM004 \
  -o \
  dist/Version_C/production/R001_Master.X.production.elf \
  -Lc:/program files (x86)/microchip/xc16/v1.24/bin/bin/.. \
  -Lc:/program files (x86)/microchip/xc16/v1.24/bin/bin/../../lib \
  -Lc:/program files (x86)/microchip/xc16/v1.24/bin/bin/../../lib/PIC24E \
  -Lc:/program files (x86)/microchip/xc16/v1.24/bin/bin/../../support/PIC24E/gld \
  -Lc:/program files (x86)/microchip/xc16/v1.24/bin/bin/../../lib/PIC24F \
  -Lc:/program files (x86)/microchip/xc16/v1.24/bin/bin/../../support/PIC24F/gld \
  -Lc:/program files (x86)/microchip/xc16/v1.24/bin/bin/../../lib/PIC24H \
  -Lc:/program files (x86)/microchip/xc16/v1.24/bin/bin/../../support/PIC24H/gld \
  -Lc:/program files (x86)/microchip/xc16/v1.24/bin/bin/../../lib/dsPIC30F \
  -Lc:/program files (x86)/microchip/xc16/v1.24/bin/bin/../../support/dsPIC30F/gld \
  -Lc:/program files (x86)/microchip/xc16/v1.24/bin/bin/../../lib/dsPIC33E \
  -Lc:/program files (x86)/microchip/xc16/v1.24/bin/bin/../../support/dsPIC33E/gld \
  -Lc:/program files (x86)/microchip/xc16/v1.24/bin/bin/../../lib/dsPIC33F \
  -Lc:/program files (x86)/microchip/xc16/v1.24/bin/bin/../../support/dsPIC33F/gld \
  build/Version_C/production/_ext/1534384650/com_packet.o \
  build/Version_C/production/motor_manu.o \
  build/Version_C/production/motor_init.o \
  build/Version_C/production/motor_auto.o \
  build/Version_C/production/motor_mcc.o \
  build/Version_C/production/motor_mapub17.o \
  build/Version_C/production/motor_hito.o \
  build/Version_C/production/motor_prisma.o \
  build/Version_C/production/motor_mapub110.o \
  build/Version_C/production/motor_alcom17.o \
  build/Version_C/production/motor_venu17.o \
  build/Version_C/production/motor_alcom110.o \
  build/Version_C/production/motor_mcc_rm.o \
  build/Version_C/production/timer_1ms.o \
  build/Version_C/production/timer_100ms.o \
  build/Version_C/production/uart_motor.o \
  build/Version_C/production/uart_motor_protocole.o \
  build/Version_C/production/main.o \
  build/Version_C/production/motor.o \
  build/Version_C/production/telecommande.o \
  build/Version_C/production/cellule.o \
  build/Version_C/production/poster.o \
  build/Version_C/production/errors.o \
  build/Version_C/production/synchro_ext.o \
  build/Version_C/production/door_security.o \
  build/Version_C/production/slave_status.o \
  build/Version_C/production/adc.o \
  build/Version_C/production/flash.o \
  build/Version_C/production/flash2.o \
  build/Version_C/production/i2c.o \
  --local-stack \
  --defsym=__MPLAB_BUILD=1 \
  -Tp33EV64GM004.gld.00 \
  --stack=16 \
  --check-sections \
  --data-init \
  --pack-data \
  --handles \
  --isr \
  --no-gc-sections \
  --fill-upper=0 \
  --stackguard=16 \
  --no-force-link \
  --smart-io \
  -Map=dist/Version_C/production/R001_Master.X.production.map \
  --report-mem \
  -start-group \
  --library=pic30-elf \
  --library=m-elf \
  --library=c-elf \
  -end-group \

Archive member included because of file (symbol)

c:/program files (x86)/microchip/xc16/v1.24/bin/bin/../../lib\libpic30-elf.a(crt0_extendedep.o)
                              (__resetPRI)
c:/program files (x86)/microchip/xc16/v1.24/bin/bin/../../lib\libpic30-elf.a(data_init_extendedep.o)
                              c:/program files (x86)/microchip/xc16/v1.24/bin/bin/../../lib\libpic30-elf.a(crt0_extendedep.o) (__data_init_extended)
c:/program files (x86)/microchip/xc16/v1.24/bin/bin/../../lib\libpic30-elf.a(delay32ep.eo)
                              build/Version_C/production/uart_motor.o (___delay32)
c:/program files (x86)/microchip/xc16/v1.24/bin/bin/../../lib\libm-elf.a(addsf3.epeo)
                              build/Version_C/production/motor_init.o (___subsf3)
c:/program files (x86)/microchip/xc16/v1.24/bin/bin/../../lib\libm-elf.a(divsf3.epeo)
                              build/Version_C/production/motor.o (___divsf3)
c:/program files (x86)/microchip/xc16/v1.24/bin/bin/../../lib\libm-elf.a(feqltle.epeo)
                              build/Version_C/production/motor.o (___eqsf2)
c:/program files (x86)/microchip/xc16/v1.24/bin/bin/../../lib\libm-elf.a(fgtge.epeo)
                              build/Version_C/production/slave_status.o (___gtsf2)
c:/program files (x86)/microchip/xc16/v1.24/bin/bin/../../lib\libm-elf.a(fixsfsi.epeo)
                              build/Version_C/production/slave_status.o (_(float, int, long long, short, float, short, int))
c:/program files (x86)/microchip/xc16/v1.24/bin/bin/../../lib\libm-elf.a(fixunssfsi.epeo)
                              build/Version_C/production/motor_manu.o (___fixunssfsi)
c:/program files (x86)/microchip/xc16/v1.24/bin/bin/../../lib\libm-elf.a(floatsisf.epeo)
                              build/Version_C/production/motor.o (___floatsisf)
c:/program files (x86)/microchip/xc16/v1.24/bin/bin/../../lib\libm-elf.a(floatunsisf.epeo)
[...]
Memory Configuration

Name             Origin             Length             Attributes
data             0x001000           0x002000           a !xr
reset            0x000000           0x000004  
ivt              0x000004           0x0001fc  
program          0x000200           0x00a980           xr
FSEC             0x00ab80           0x000002  
FBSLIM           0x00ab90           0x000002  
FOSCSEL          0x00ab98           0x000002  
FOSC             0x00ab9c           0x000002  
FWDT             0x00aba0           0x000002  
FPOR             0x00aba4           0x000002  
FICD             0x00aba8           0x000002  
FDMTINTVL        0x00abac           0x000002  
FDMTINTVH        0x00abb0           0x000002  
FDMTCNTL         0x00abb4           0x000002  
FDMTCNTH         0x00abb8           0x000002  
FDMT             0x00abbc           0x000002  
FDEVOPT          0x00abc0           0x000002  
FALTREG          0x00abc4           0x000002  
*default*        0x000000           0xffffffff  

Linker script and memory map

LOAD build/Version_C/production/_ext/1534384650/com_packet.o
LOAD build/Version_C/production/motor_manu.o
LOAD build/Version_C/production/motor_init.o
LOAD build/Version_C/production/motor_auto.o
LOAD build/Version_C/production/motor_mcc.o
LOAD build/Version_C/production/motor_mapub17.o
LOAD build/Version_C/production/motor_hito.o
LOAD build/Version_C/production/motor_prisma.o
LOAD build/Version_C/production/motor_mapub110.o
LOAD build/Version_C/production/motor_alcom17.o
LOAD build/Version_C/production/motor_venu17.o
LOAD build/Version_C/production/motor_alcom110.o
LOAD build/Version_C/production/motor_mcc_rm.o
LOAD build/Version_C/production/timer_1ms.o
LOAD build/Version_C/production/timer_100ms.o
LOAD build/Version_C/production/uart_motor.o
LOAD build/Version_C/production/uart_motor_protocole.o
LOAD build/Version_C/production/main.o
LOAD build/Version_C/production/motor.o
LOAD build/Version_C/production/telecommande.o
LOAD build/Version_C/production/cellule.o
LOAD build/Version_C/production/poster.o
LOAD build/Version_C/production/errors.o
LOAD build/Version_C/production/synchro_ext.o
LOAD build/Version_C/production/door_security.o
LOAD build/Version_C/production/slave_status.o
LOAD build/Version_C/production/adc.o
LOAD build/Version_C/production/flash.o
LOAD build/Version_C/production/flash2.o
LOAD build/Version_C/production/i2c.o
                    0x0001                  __MPLAB_BUILD = 0x1
LOAD c:/program files (x86)/microchip/xc16/v1.24/bin/bin/../../lib/dsPIC33E\libp33EV64GM004-elf.a
LOAD c:/program files (x86)/microchip/xc16/v1.24/bin/bin/../../lib\libfx-elf.a
                    0xab80                  __FSEC = 0xab80
                    0xab90                  __FBSLIM = 0xab90
                    0xab98                  __FOSCSEL = 0xab98
                    0xab9c                  __FOSC = 0xab9c
                    0xaba0                  __FWDT = 0xaba0
                    0xaba4                  __FPOR = 0xaba4
                    0xaba8                  __FICD = 0xaba8
                    0xabac                  __FDMTINTVL = 0xabac
                    0xabb0                  __FDMTINTVH = 0xabb0
                    0xabb4                  __FDMTCNTL = 0xabb4
                    0xabb8                  __FDMTCNTH = 0xabb8
                    0xabbc                  __FDMT = 0xabbc
                    0xabc0                  __FDEVOPT = 0xabc0
                    0xabc4                  __FALTREG = 0xabc4
                    0x0001                  __NO_HANDLES = 0x1
                    0x0200                  __CODE_BASE = 0x200
                    0xa980                  __CODE_LENGTH = 0xa980
                    0x0004                  __IVT_BASE = 0x4
                    0x1000                  __DATA_BASE = 0x1000
                    0x2000                  __DATA_LENGTH = 0x2000
                    0x2000                  __YDATA_BASE = 0x2000

.reset            0x000000          0x4
                  0x000000          0x2 SHORT 0x200 ABSOLUTE (__reset)
                  0x000001          0x2 SHORT 0x4
                  0x000002          0x2 SHORT 0x0 ((ABSOLUTE (__reset) >> 0x10) & 0x7f)
                  0x000003          0x2 SHORT 0x0

.text             0x000200       0x10e8
 *(.init)
 .init            0x000200         0x38 c:/program files (x86)/microchip/xc16/v1.24/bin/bin/../../lib\libpic30-elf.a(crt0_extendedep.o)
                  0x000200                  __resetPRI
                  0x000200                  __reset
                  0x00022c                  __psv_init
 .init            0x000238         0x9a c:/program files (x86)/microchip/xc16/v1.24/bin/bin/../../lib\libpic30-elf.a(data_init_extendedep.o)
                  0x000238                  __data_init
                  0x000238                  __data_init_extended
 *(.user_init)
 *(.handle)
 *(.isr*)
 .isr             0x0002d2          0x4 default_isr
                  0x0002d2                  __DefaultInterrupt
 *(.libc)
 .libc            0x0002d6         0x60 c:/program files (x86)/microchip/xc16/v1.24/bin/bin/../../lib\libpic30-elf.a(writeep.eo)
                  0x0002d6                  _write
 *(.libm)
 *(.libdsp)
 *(.lib*)
 .libm.subsf3     0x000336         0xbc c:/program files (x86)/microchip/xc16/v1.24/bin/bin/../../lib\libm-elf.a(addsf3.epeo)
                  0x000336                  ___subsf3
                  0x000338                  ___addsf3
 .libm.divfs3     0x0003f2         0x84 c:/program files (x86)/microchip/xc16/v1.24/bin/bin/../../lib\libm-elf.a(divsf3.epeo)
                  0x0003f2                  ___divsf3
 .libm.eqsf2      0x000476          0x4 c:/program files (x86)/microchip/xc16/v1.24/bin/bin/../../lib\libm-elf.a(feqltle.epeo)
                  0x000476                  ___eqsf2
                  0x000476                  ___ltsf2
                  0x000476                  ___lesf2
 .libm.gtsf2      0x00047a          0x4 c:/program files (x86)/microchip/xc16/v1.24/bin/bin/../../lib\libm-elf.a(fgtge.epeo)
                  0x00047a                  ___gesf2
                  0x00047a                  ___gtsf2
 .libm.fixsfsi    0x00047e         0x42 c:/program files (x86)/microchip/xc16/v1.24/bin/bin/../../lib\libm-elf.a(fixsfsi.epeo)
                  0x00047e                  _(float, int, long long, short, float, short, int)
 .libm.fixunssfsi
                  0x0004c0         0x36 c:/program files (x86)/microchip/xc16/v1.24/bin/bin/../../lib\libm-elf.a(fixunssfsi.epeo)
                  0x0004c0                  ___fixunssfsi
 .libm.floatsisf
                  0x0004f6          0x6 c:/program files (x86)/microchip/xc16/v1.24/bin/bin/../../lib\libm-elf.a(floatsisf.epeo)
                  0x0004f6                  ___floatsisf
 .libm.floatunsisf
                  0x0004fc          0x4 c:/program files (x86)/microchip/xc16/v1.24/bin/bin/../../lib\libm-elf.a(floatunsisf.epeo)
                  0x0004fc                  ___floatunsisf
 .libm.nesf2      0x000500          0x4 c:/program files (x86)/microchip/xc16/v1.24/bin/bin/../../lib\libm-elf.a(fne.epeo)
                  0x000500                  ___nesf2
 .libm.fpack      0x000504         0x4c c:/program files (x86)/microchip/xc16/v1.24/bin/bin/../../lib\libm-elf.a(fpack.epeo)
                  0x000504                  __fpack
 .libm.funpack    0x000550         0x2a c:/program files (x86)/microchip/xc16/v1.24/bin/bin/../../lib\libm-elf.a(funpack.epeo)
                  0x000550                  __funpack
 .libm.funpack2
                  0x00057a         0x10 c:/program files (x86)/microchip/xc16/v1.24/bin/bin/../../lib\libm-elf.a(funpack2.epeo)
                  0x00057a                  __funpack2
 .libm.fPropagateNaN
                  0x00058a         0x12 c:/program files (x86)/microchip/xc16/v1.24/bin/bin/../../lib\libm-elf.a(futil.epeo)
                  0x00058a                  __fPropagateNaN
 .libm.fbobExit
                  0x00059c          0x8 c:/program files (x86)/microchip/xc16/v1.24/bin/bin/../../lib\libm-elf.a(futil.epeo)
                  0x00059c                  __fbopExit
 .libm.fbopReturnNaN
                  0x0005a4          0x6 c:/program files (x86)/microchip/xc16/v1.24/bin/bin/../../lib\libm-elf.a(futil.epeo)
                  0x0005a4                  __fbopReturnNaN
 .libm.logf       0x0005aa         0xae c:/program files (x86)/microchip/xc16/v1.24/bin/bin/../../lib\libm-elf.a(logf.epeo)
                  0x0005aa                  _logf
 .libm.mulsf3     0x000658         0x68 c:/program files (x86)/microchip/xc16/v1.24/bin/bin/../../lib\libm-elf.a(mulsf3.epeo)
                  0x000658                  ___mulsf3
 .libm.udivsi3    0x0006c0         0x20 c:/program files (x86)/microchip/xc16/v1.24/bin/bin/../../lib\libm-elf.a(udivsi3.epeo)
                  0x0006c0                  ___udivsi3
 .libm.frexpf     0x0006e0         0x1a c:/program files (x86)/microchip/xc16/v1.24/bin/bin/../../lib\libm-elf.a(_frexpf.epeo)
                  0x0006e0                  __frexpf
 .libm.fcompare
                  0x0006fa         0x36 c:/program files (x86)/microchip/xc16/v1.24/bin/bin/../../lib\libm-elf.a(fcompare.epeo)
                  0x0006fa                  __fcompare
 .libm.floatdisf
                  0x000730         0x20 c:/program files (x86)/microchip/xc16/v1.24/bin/bin/../../lib\libm-elf.a(floatdisf.epeo)
                  0x000730                  ___floatdisf
 .libm.floatundisf
                  0x000750         0x5e c:/program files (x86)/microchip/xc16/v1.24/bin/bin/../../lib\libm-elf.a(floatundisf.epeo)
                  0x000750                  ___floatundisf
 .libc.fputs      0x0007ae         0x20 c:/program files (x86)/microchip/xc16/v1.24/bin/bin/../../lib\libc-elf.a(puts.epeo)
                  0x0007ae                  _fputs
 .libc.puts       0x0007ce         0x18 c:/program files (x86)/microchip/xc16/v1.24/bin/bin/../../lib\libc-elf.a(puts.epeo)
                  0x0007ce                  _puts
 .libc.putchar    0x0007e6          0xa c:/program files (x86)/microchip/xc16/v1.24/bin/bin/../../lib\libc-elf.a(putchar.epeo)
                  0x0007e6                  _putchar
 .libc._printf_cdnopuxX
                  0x0007f0          0xe c:/program files (x86)/microchip/xc16/v1.24/bin/bin/../../lib\libc-elf.a(printf_cdnopuxX.EPeo)
                  0x0007f0                  __printf_cdnopuxX
 .libc.fputc      0x0007fe         0x8c c:/program files (x86)/microchip/xc16/v1.24/bin/bin/../../lib\libc-elf.a(fputc.epeo)
                  0x0007fe                  _fputc
 .libc._vfprintf_cdnopuxX
                  0x00088a        0x710 c:/program files (x86)/microchip/xc16/v1.24/bin/bin/../../lib\libc-elf.a(doprnt_cdnopuxX.EPeo)
                  0x00088a                  __vfprintf_cdnopuxX
 .libc._flsbuf    0x000f9a         0x80 c:/program files (x86)/microchip/xc16/v1.24/bin/bin/../../lib\libc-elf.a(flsbuf.epeo)
                  0x000f9a                  __flsbuf
 .libc.dowrite    0x00101a          0x8 c:/program files (x86)/microchip/xc16/v1.24/bin/bin/../../lib\libpic30-elf.a(writeep.eo)
 .libm.mulsi3     0x001022          0xc c:/program files (x86)/microchip/xc16/v1.24/bin/bin/../../lib\libm-elf.a(mulsi3.epeo)
                  0x001022                  ___mulp32peds3
                  0x001022                  ___mulsi3
                  0x001022                  ___mulp32eds3
 .libm.__PplusBdi
                  0x00102e         0x2c c:/program files (x86)/microchip/xc16/v1.24/bin/bin/../../lib\libm-elf.a(divmoddi3.epeo)
 .libm.__PminusBdi
                  0x00105a         0x42 c:/program files (x86)/microchip/xc16/v1.24/bin/bin/../../lib\libm-elf.a(divmoddi3.epeo)
 .libm.__udivmoddi3
                  0x00109c         0xd0 c:/program files (x86)/microchip/xc16/v1.24/bin/bin/../../lib\libm-elf.a(divmoddi3.epeo)
                  0x00109c                  ___udivmoddi3
 .libm.__udivdi3
                  0x00116c         0x12 c:/program files (x86)/microchip/xc16/v1.24/bin/bin/../../lib\libm-elf.a(divmoddi3.epeo)
                  0x00116c                  ___udivdi3
 .libm.__umoddi3
                  0x00117e          0xc c:/program files (x86)/microchip/xc16/v1.24/bin/bin/../../lib\libm-elf.a(divmoddi3.epeo)
                  0x00117e                  ___umoddi3
 .libm.__divdi3
                  0x00118a         0x64 c:/program files (x86)/microchip/xc16/v1.24/bin/bin/../../lib\libm-elf.a(divmoddi3.epeo)
                  0x00118a                  ___divdi3
 .libm.__moddi3
                  0x0011ee         0x60 c:/program files (x86)/microchip/xc16/v1.24/bin/bin/../../lib\libm-elf.a(divmoddi3.epeo)
                  0x0011ee                  ___moddi3
 .libm.__muldi3
                  0x00124e         0x56 c:/program files (x86)/microchip/xc16/v1.24/bin/bin/../../lib\libm-elf.a(muldi3.epeo)
                  0x00124e                  ___muldi3
 .libm.umuldi3    0x0012a4         0x44 c:/program files (x86)/microchip/xc16/v1.24/bin/bin/../../lib\libm-elf.a(umuldi3.epeo)
                  0x0012a4                  ___umuldi3

usercode
 *(usercode)

__FSEC            0x00ab80          0x2
 *(__FSEC.sec*)
 __FSEC.sec       0x00ab80          0x2 build/Version_C/production/main.o

__FBSLIM
 *(__FBSLIM.sec*)

__FOSCSEL         0x00ab98          0x2
 *(__FOSCSEL.sec*)
 __FOSCSEL.sec    0x00ab98          0x2 build/Version_C/production/main.o

__FOSC            0x00ab9c          0x2
 *(__FOSC.sec*)
 __FOSC.sec       0x00ab9c          0x2 build/Version_C/production/main.o

__FWDT            0x00aba0          0x2
 *(__FWDT.sec*)
 __FWDT.sec       0x00aba0          0x2 build/Version_C/production/main.o

__FPOR            0x00aba4          0x2
 *(__FPOR.sec*)
 __FPOR.sec       0x00aba4          0x2 build/Version_C/production/main.o

__FICD            0x00aba8          0x2
 *(__FICD.sec*)
 __FICD.sec       0x00aba8          0x2 build/Version_C/production/main.o

__FDMTINTVL
 *(__FDMTINTVL.sec*)

__FDMTINTVH
 *(__FDMTINTVH.sec*)

__FDMTCNTL
 *(__FDMTCNTL.sec*)

__FDMTCNTH
 *(__FDMTCNTH.sec*)

__FDMT            0x00abbc          0x2
 *(__FDMT.sec*)
 __FDMT.sec       0x00abbc          0x2 build/Version_C/production/main.o

__FDEVOPT         0x00abc0          0x2
 *(__FDEVOPT.sec*)
 __FDEVOPT.sec    0x00abc0          0x2 build/Version_C/production/main.o

__FALTREG
 *(__FALTREG.sec*)

.comment
 *(.comment)

.debug_info       0x000000      0x1b392
 *(.debug_info)
 .debug_info      0x000000        0x48d build/Version_C/production/_ext/1534384650/com_packet.o
 .debug_info      0x00048d       0x1653 build/Version_C/production/motor_manu.o
 .debug_info      0x001ae0       0x1513 build/Version_C/production/motor_init.o
 .debug_info      0x002ff3       0x1657 build/Version_C/production/motor_auto.o
 .debug_info      0x00464a        0xdb8 build/Version_C/production/motor_mcc.o
 .debug_info      0x005402        0xdce build/Version_C/production/motor_mapub17.o
 .debug_info      0x0061d0        0xdba build/Version_C/production/motor_hito.o
 .debug_info      0x006f8a        0xdbe build/Version_C/production/motor_prisma.o
 .debug_info      0x007d48        0xc7d build/Version_C/production/motor_mapub110.o
 .debug_info      0x0089c5        0xdc0 build/Version_C/production/motor_alcom17.o
 .debug_info      0x009785        0xdbe build/Version_C/production/motor_venu17.o
 .debug_info      0x00a543        0xc7d build/Version_C/production/motor_alcom110.o
 .debug_info      0x00b1c0        0xdbe build/Version_C/production/motor_mcc_rm.o
 .debug_info      0x00bf7e        0x7b9 build/Version_C/production/timer_1ms.o
 .debug_info      0x00c737        0x820 build/Version_C/production/timer_100ms.o
 .debug_info      0x00cf57       0x1bea build/Version_C/production/uart_motor.o
 .debug_info      0x00eb41        0x7f6 build/Version_C/production/uart_motor_protocole.o
 .debug_info      0x00f337       0x1dc0 build/Version_C/production/main.o
 .debug_info      0x0110f7       0x20c0 build/Version_C/production/motor.o
 .debug_info      0x0131b7        0x627 build/Version_C/production/telecommande.o
 .debug_info      0x0137de        0x440 build/Version_C/production/cellule.o
 .debug_info      0x013c1e        0x4d1 build/Version_C/production/poster.o
 .debug_info      0x0140ef       0x11ba build/Version_C/production/errors.o
 .debug_info      0x0152a9        0x5e0 build/Version_C/production/synchro_ext.o
 .debug_info      0x015889       0x129e build/Version_C/production/door_security.o
 .debug_info      0x016b27        0xedd build/Version_C/production/slave_status.o
 .debug_info      0x017a04       0x1d1c build/Version_C/production/adc.o
 .debug_info      0x019720       0x162d build/Version_C/production/flash.o
 .debug_info      0x01ad4d        0x181 build/Version_C/production/flash2.o
 .debug_info      0x01aece        0x4c4 build/Version_C/production/i2c.o
 *(.gnu.linkonce.wi.*)

.debug_abbrev     0x000000       0x1f3e
 *(.debug_abbrev)
 .debug_abbrev    0x000000         0xe8 build/Version_C/production/_ext/1534384650/com_packet.o
 .debug_abbrev    0x0000e8        0x16a build/Version_C/production/motor_manu.o
 .debug_abbrev    0x000252        0x150 build/Version_C/production/motor_init.o
 .debug_abbrev    0x0003a2        0x12c build/Version_C/production/motor_auto.o
 .debug_abbrev    0x0004ce         0xb6 build/Version_C/production/motor_mcc.o
 .debug_abbrev    0x000584         0xc5 build/Version_C/production/motor_mapub17.o
 .debug_abbrev    0x000649         0xb6 build/Version_C/production/motor_hito.o
 .debug_abbrev    0x0006ff         0xb6 build/Version_C/production/motor_prisma.o
 .debug_abbrev    0x0007b5         0xb6 build/Version_C/production/motor_mapub110.o
 .debug_abbrev    0x00086b         0xb6 build/Version_C/production/motor_alcom17.o
 .debug_abbrev    0x000921         0xb6 build/Version_C/production/motor_venu17.o
 .debug_abbrev    0x0009d7         0xb6 build/Version_C/production/motor_alcom110.o
 .debug_abbrev    0x000a8d         0xb6 build/Version_C/production/motor_mcc_rm.o
 .debug_abbrev    0x000b43        0x137 build/Version_C/production/timer_1ms.o
 .debug_abbrev    0x000c7a        0x137 build/Version_C/production/timer_100ms.o
 .debug_abbrev    0x000db1        0x169 build/Version_C/production/uart_motor.o
 .debug_abbrev    0x000f1a        0x101 build/Version_C/production/uart_motor_protocole.o
 .debug_abbrev    0x00101b        0x1cf build/Version_C/production/main.o
 .debug_abbrev    0x0011ea        0x1f6 build/Version_C/production/motor.o
 .debug_abbrev    0x0013e0         0xd2 build/Version_C/production/telecommande.o
 .debug_abbrev    0x0014b2         0xce build/Version_C/production/cellule.o
 .debug_abbrev    0x001580         0xd6 build/Version_C/production/poster.o
 .debug_abbrev    0x001656        0x156 build/Version_C/production/errors.o
 .debug_abbrev    0x0017ac         0xd0 build/Version_C/production/synchro_ext.o
 .debug_abbrev    0x00187c        0x158 build/Version_C/production/door_security.o
 .debug_abbrev    0x0019d4        0x128 build/Version_C/production/slave_status.o
 .debug_abbrev    0x001afc        0x18d build/Version_C/production/adc.o
 .debug_abbrev    0x001c89        0x219 build/Version_C/production/flash.o
 .debug_abbrev    0x001ea2         0x1f build/Version_C/production/flash2.o
 .debug_abbrev    0x001ec1         0x7d build/Version_C/production/i2c.o

.debug_line       0x000000       0xbb3f
 *(.debug_line)
 .debug_line      0x000000        0x1e2 build/Version_C/production/_ext/1534384650/com_packet.o
 .debug_line      0x0001e2        0x901 build/Version_C/production/motor_manu.o
 .debug_line      0x000ae3        0x87d build/Version_C/production/motor_init.o
 .debug_line      0x001360        0xd56 build/Version_C/production/motor_auto.o
 .debug_line      0x0020b6        0xb06 build/Version_C/production/motor_mcc.o
 .debug_line      0x002bbc        0x9a2 build/Version_C/production/motor_mapub17.o
 .debug_line      0x00355e        0xb4f build/Version_C/production/motor_hito.o
 .debug_line      0x0040ad        0xb59 build/Version_C/production/motor_prisma.o
 .debug_line      0x004c06        0x3bb build/Version_C/production/motor_mapub110.o
 .debug_line      0x004fc1        0x9aa build/Version_C/production/motor_alcom17.o
 .debug_line      0x00596b        0x991 build/Version_C/production/motor_venu17.o
 .debug_line      0x0062fc        0x3bb build/Version_C/production/motor_alcom110.o
 .debug_line      0x0066b7        0xb69 build/Version_C/production/motor_mcc_rm.o
 .debug_line      0x007220        0x294 build/Version_C/production/timer_1ms.o
 .debug_line      0x0074b4        0x2bd build/Version_C/production/timer_100ms.o
 .debug_line      0x007771        0x3ed build/Version_C/production/uart_motor.o
 .debug_line      0x007b5e        0x3ef build/Version_C/production/uart_motor_protocole.o
 .debug_line      0x007f4d        0x635 build/Version_C/production/main.o
 .debug_line      0x008582        0xe65 build/Version_C/production/motor.o
 .debug_line      0x0093e7        0x1e9 build/Version_C/production/telecommande.o
 .debug_line      0x0095d0        0x1df build/Version_C/production/cellule.o
 .debug_line      0x0097af        0x13c build/Version_C/production/poster.o
 .debug_line      0x0098eb        0x5da build/Version_C/production/errors.o
 .debug_line      0x009ec5        0x2dd build/Version_C/production/synchro_ext.o
 .debug_line      0x00a1a2        0x204 build/Version_C/production/door_security.o
 .debug_line      0x00a3a6        0x641 build/Version_C/production/slave_status.o
 .debug_line      0x00a9e7        0x4e3 build/Version_C/production/adc.o
 .debug_line      0x00aeca        0xb33 build/Version_C/production/flash.o
 .debug_line      0x00b9fd         0x24 build/Version_C/production/flash2.o
 .debug_line      0x00ba21        0x11e build/Version_C/production/i2c.o

.debug_frame      0x000000       0x1be0
 *(.debug_frame)
 .debug_frame     0x000000         0x74 build/Version_C/production/_ext/1534384650/com_packet.o
 .debug_frame     0x000074        0x240 build/Version_C/production/motor_manu.o
 .debug_frame     0x0002b4        0x1e0 build/Version_C/production/motor_init.o
 .debug_frame     0x000494        0xad4 build/Version_C/production/motor_auto.o
 .debug_frame     0x000f68         0x24 build/Version_C/production/motor_mcc.o
 .debug_frame     0x000f8c         0x24 build/Version_C/production/motor_mapub17.o
 .debug_frame     0x000fb0         0x24 build/Version_C/production/motor_hito.o
 .debug_frame     0x000fd4         0x24 build/Version_C/production/motor_prisma.o
 .debug_frame     0x000ff8         0x24 build/Version_C/production/motor_mapub110.o
 .debug_frame     0x00101c         0x24 build/Version_C/production/motor_alcom17.o
 .debug_frame     0x001040         0x24 build/Version_C/production/motor_venu17.o
 .debug_frame     0x001064         0x24 build/Version_C/production/motor_alcom110.o
 .debug_frame     0x001088         0x24 build/Version_C/production/motor_mcc_rm.o
 .debug_frame     0x0010ac         0x64 build/Version_C/production/timer_1ms.o
 .debug_frame     0x001110         0x64 build/Version_C/production/timer_100ms.o
 .debug_frame     0x001174         0x84 build/Version_C/production/uart_motor.o
 .debug_frame     0x0011f8         0xa4 build/Version_C/production/uart_motor_protocole.o
 .debug_frame     0x00129c        0x168 build/Version_C/production/main.o
 .debug_frame     0x001404        0x1f8 build/Version_C/production/motor.o
 .debug_frame     0x0015fc         0x44 build/Version_C/production/telecommande.o
 .debug_frame     0x001640         0x44 build/Version_C/production/cellule.o
 .debug_frame     0x001684         0x24 build/Version_C/production/poster.o
 .debug_frame     0x0016a8         0xd8 build/Version_C/production/errors.o
 .debug_frame     0x001780         0x34 build/Version_C/production/synchro_ext.o
 .debug_frame     0x0017b4         0x50 build/Version_C/production/door_security.o
 .debug_frame     0x001804         0x34 build/Version_C/production/slave_status.o
 .debug_frame     0x001838        0x148 build/Version_C/production/adc.o
 .debug_frame     0x001980        0x23c build/Version_C/production/flash.o
 .debug_frame     0x001bbc         0x24 build/Version_C/production/i2c.o

.debug_str        0x000000       0x18d1
 *(.debug_str)
 .debug_str       0x000000          0x7 build/Version_C/production/_ext/1534384650/com_packet.o
 .debug_str       0x000007        0x1a6 build/Version_C/production/motor_manu.o
 .debug_str       0x0001ad        0x1bb build/Version_C/production/motor_init.o
 .debug_str       0x000368        0x28a build/Version_C/production/motor_auto.o
 .debug_str       0x0005f2         0x5e build/Version_C/production/motor_mcc.o
 .debug_str       0x000650         0x5e build/Version_C/production/motor_mapub17.o
 .debug_str       0x0006ae         0x5e build/Version_C/production/motor_hito.o
 .debug_str       0x00070c         0x5e build/Version_C/production/motor_prisma.o
 .debug_str       0x00076a         0x5e build/Version_C/production/motor_mapub110.o
 .debug_str       0x0007c8         0x5e build/Version_C/production/motor_alcom17.o
 .debug_str       0x000826         0x5e build/Version_C/production/motor_venu17.o
 .debug_str       0x000884         0x5e build/Version_C/production/motor_alcom110.o
 .debug_str       0x0008e2         0x5e build/Version_C/production/motor_mcc_rm.o
 .debug_str       0x000940         0x42 build/Version_C/production/timer_1ms.o
 .debug_str       0x000982         0x86 build/Version_C/production/timer_100ms.o
 .debug_str       0x000a08        0x128 build/Version_C/production/uart_motor.o
 .debug_str       0x000b30        0x18c build/Version_C/production/uart_motor_protocole.o
 .debug_str       0x000cbc        0x190 build/Version_C/production/main.o
 .debug_str       0x000e4c        0x2b8 build/Version_C/production/motor.o
 .debug_str       0x001104         0x9e build/Version_C/production/telecommande.o
 .debug_str       0x0011a2         0x4b build/Version_C/production/cellule.o
 .debug_str       0x0011ed         0x2a build/Version_C/production/poster.o
 .debug_str       0x001217        0x13b build/Version_C/production/errors.o
 .debug_str       0x001352         0x99 build/Version_C/production/synchro_ext.o
 .debug_str       0x0013eb         0x9c build/Version_C/production/door_security.o
 .debug_str       0x001487        0x141 build/Version_C/production/slave_status.o
 .debug_str       0x0015c8        0x212 build/Version_C/production/adc.o
 .debug_str       0x0017da         0xe4 build/Version_C/production/flash.o
 .debug_str       0x0018be         0x13 build/Version_C/production/i2c.o

.debug_loc
 *(.debug_loc)

.debug_macinfo
 *(.debug_macinfo)

.debug_pubnames
                  0x000000       0x194c
 *(.debug_pubnames)
 .debug_pubnames
                  0x000000         0x9e build/Version_C/production/_ext/1534384650/com_packet.o
 .debug_pubnames
                  0x00009e         0xec build/Version_C/production/motor_manu.o
 .debug_pubnames
                  0x00018a        0x120 build/Version_C/production/motor_init.o
 .debug_pubnames
                  0x0002aa        0x1f5 build/Version_C/production/motor_auto.o
 .debug_pubnames
                  0x00049f         0x2a build/Version_C/production/motor_mcc.o
 .debug_pubnames
                  0x0004c9         0x2e build/Version_C/production/motor_mapub17.o
 .debug_pubnames
                  0x0004f7         0x2b build/Version_C/production/motor_hito.o
 .debug_pubnames
                  0x000522         0x2d build/Version_C/production/motor_prisma.o
 .debug_pubnames
                  0x00054f         0x2f build/Version_C/production/motor_mapub110.o
 .debug_pubnames
                  0x00057e         0x2e build/Version_C/production/motor_alcom17.o
 .debug_pubnames
                  0x0005ac         0x2d build/Version_C/production/motor_venu17.o
 .debug_pubnames
                  0x0005d9         0x2f build/Version_C/production/motor_alcom110.o
 .debug_pubnames
                  0x000608         0x2d build/Version_C/production/motor_mcc_rm.o
 .debug_pubnames
                  0x000635         0xa7 build/Version_C/production/timer_1ms.o
 .debug_pubnames
                  0x0006dc         0xce build/Version_C/production/timer_100ms.o
 .debug_pubnames
                  0x0007aa        0x107 build/Version_C/production/uart_motor.o
 .debug_pubnames
                  0x0008b1        0x31b build/Version_C/production/uart_motor_protocole.o
 .debug_pubnames
                  0x000bcc         0xcc build/Version_C/production/main.o
 .debug_pubnames
                  0x000c98        0x47b build/Version_C/production/motor.o
 .debug_pubnames
                  0x001113         0xfc build/Version_C/production/telecommande.o
 .debug_pubnames
                  0x00120f         0xaa build/Version_C/production/cellule.o
 .debug_pubnames
                  0x0012b9         0x2d build/Version_C/production/poster.o
 .debug_pubnames
                  0x0012e6        0x176 build/Version_C/production/errors.o
 .debug_pubnames
                  0x00145c         0xd7 build/Version_C/production/synchro_ext.o
 .debug_pubnames
                  0x001533         0x72 build/Version_C/production/door_security.o
 .debug_pubnames
                  0x0015a5         0xf9 build/Version_C/production/slave_status.o
 .debug_pubnames
                  0x00169e        0x159 build/Version_C/production/adc.o
 .debug_pubnames
                  0x0017f7        0x136 build/Version_C/production/flash.o
 .debug_pubnames
                  0x00192d         0x1f build/Version_C/production/i2c.o

.debug_ranges
 *(.debug_ranges)

.debug_aranges    0x000000        0x2b8
 *(.debug_aranges)
 .debug_aranges
                  0x000000         0x18 build/Version_C/production/_ext/1534384650/com_packet.o
 .debug_aranges
                  0x000018         0x18 build/Version_C/production/motor_manu.o
 .debug_aranges
                  0x000030         0x18 build/Version_C/production/motor_init.o
 .debug_aranges
                  0x000048         0x18 build/Version_C/production/motor_auto.o
 .debug_aranges
                  0x000060         0x18 build/Version_C/production/motor_mcc.o
 .debug_aranges
                  0x000078         0x18 build/Version_C/production/motor_mapub17.o
 .debug_aranges
                  0x000090         0x18 build/Version_C/production/motor_hito.o
 .debug_aranges
                  0x0000a8         0x18 build/Version_C/production/motor_prisma.o
 .debug_aranges
                  0x0000c0         0x18 build/Version_C/production/motor_mapub110.o
 .debug_aranges
                  0x0000d8         0x18 build/Version_C/production/motor_alcom17.o
 .debug_aranges
                  0x0000f0         0x18 build/Version_C/production/motor_venu17.o
 .debug_aranges
                  0x000108         0x18 build/Version_C/production/motor_alcom110.o
 .debug_aranges
                  0x000120         0x18 build/Version_C/production/motor_mcc_rm.o
 .debug_aranges
                  0x000138         0x18 build/Version_C/production/timer_1ms.o
 .debug_aranges
                  0x000150         0x18 build/Version_C/production/timer_100ms.o
 .debug_aranges
                  0x000168         0x18 build/Version_C/production/uart_motor.o
 .debug_aranges
                  0x000180         0x18 build/Version_C/production/uart_motor_protocole.o
 .debug_aranges
                  0x000198         0x18 build/Version_C/production/main.o
 .debug_aranges
                  0x0001b0         0x18 build/Version_C/production/motor.o
 .debug_aranges
                  0x0001c8         0x18 build/Version_C/production/telecommande.o
 .debug_aranges
                  0x0001e0         0x18 build/Version_C/production/cellule.o
 .debug_aranges
                  0x0001f8         0x18 build/Version_C/production/poster.o
 .debug_aranges
                  0x000210         0x18 build/Version_C/production/errors.o
 .debug_aranges
                  0x000228         0x18 build/Version_C/production/synchro_ext.o
 .debug_aranges
                  0x000240         0x18 build/Version_C/production/door_security.o
 .debug_aranges
                  0x000258         0x18 build/Version_C/production/slave_status.o
 .debug_aranges
                  0x000270         0x18 build/Version_C/production/adc.o
 .debug_aranges
                  0x000288         0x18 build/Version_C/production/flash.o
 .debug_aranges
                  0x0002a0         0x18 build/Version_C/production/i2c.o

.ivt              0x000004        0x186
                  0x000004          0x4 LONG 0x2d2 DEFINED (__OscillatorFail)?ABSOLUTE (__OscillatorFail):ABSOLUTE (__DefaultInterrupt)
                  0x000006          0x4 LONG 0x2d2 DEFINED (__AddressError)?ABSOLUTE (__AddressError):ABSOLUTE (__DefaultInterrupt)
                  0x000008          0x4 LONG 0x2d2 DEFINED (__HardTrapError)?ABSOLUTE (__HardTrapError):ABSOLUTE (__DefaultInterrupt)
                  0x00000a          0x4 LONG 0x2d2 DEFINED (__StackError)?ABSOLUTE (__StackError):ABSOLUTE (__DefaultInterrupt)
                  0x00000c          0x4 LONG 0x2d2 DEFINED (__MathError)?ABSOLUTE (__MathError):ABSOLUTE (__DefaultInterrupt)
                  0x00000e          0x4 LONG 0x2d2 DEFINED (__DMACError)?ABSOLUTE (__DMACError):ABSOLUTE (__DefaultInterrupt)
                  0x000010          0x4 LONG 0x2d2 DEFINED (__SoftTrapError)?ABSOLUTE (__SoftTrapError):ABSOLUTE (__DefaultInterrupt)
                  0x000012          0x4 LONG 0x2d2 DEFINED (__ReservedTrap7)?ABSOLUTE (__ReservedTrap7):ABSOLUTE (__DefaultInterrupt)
                  0x000014          0x4 LONG 0x2d2 DEFINED (__INT0Interrupt)?ABSOLUTE (__INT0Interrupt):ABSOLUTE (__DefaultInterrupt)
                  0x000016          0x4 LONG 0x2d2 DEFINED (__IC1Interrupt)?ABSOLUTE (__IC1Interrupt):ABSOLUTE (__DefaultInterrupt)
                  0x000018          0x4 LONG 0x2d2 DEFINED (__OC1Interrupt)?ABSOLUTE (__OC1Interrupt):ABSOLUTE (__DefaultInterrupt)
                  0x00001a          0x4 LONG 0x8dd2 DEFINED (__T1Interrupt)?ABSOLUTE (__T1Interrupt):ABSOLUTE (__DefaultInterrupt)
                  0x00001c          0x4 LONG 0x2d2 DEFINED (__DMA0Interrupt)?ABSOLUTE (__DMA0Interrupt):ABSOLUTE (__DefaultInterrupt)
                  0x00001e          0x4 LONG 0x2d2 DEFINED (__IC2Interrupt)?ABSOLUTE (__IC2Interrupt):ABSOLUTE (__DefaultInterrupt)
                  0x000020          0x4 LONG 0x2d2 DEFINED (__OC2Interrupt)?ABSOLUTE (__OC2Interrupt):ABSOLUTE (__DefaultInterrupt)
                  0x000022          0x4 LONG 0x8718 DEFINED (__T2Interrupt)?ABSOLUTE (__T2Interrupt):ABSOLUTE (__DefaultInterrupt)
                  0x000024          0x4 LONG 0x2d2 DEFINED (__T3Interrupt)?ABSOLUTE (__T3Interrupt):ABSOLUTE (__DefaultInterrupt)
                  0x000026          0x4 LONG 0x2d2 DEFINED (__SPI1ErrInterrupt)?ABSOLUTE (__SPI1ErrInterrupt):ABSOLUTE (__DefaultInterrupt)
                  0x000028          0x4 LONG 0x2d2 DEFINED (__SPI1Interrupt)?ABSOLUTE (__SPI1Interrupt):ABSOLUTE (__DefaultInterrupt)
                  0x00002a          0x4 LONG 0x890a DEFINED (__U1RXInterrupt)?ABSOLUTE (__U1RXInterrupt):ABSOLUTE (__DefaultInterrupt)
                  0x00002c          0x4 LONG 0x2d2 DEFINED (__U1TXInterrupt)?ABSOLUTE (__U1TXInterrupt):ABSOLUTE (__DefaultInterrupt)
                  0x00002e          0x4 LONG 0x2d2 DEFINED (__AD1Interrupt)?ABSOLUTE (__AD1Interrupt):ABSOLUTE (__DefaultInterrupt)
                  0x000030          0x4 LONG 0x2d2 DEFINED (__DMA1Interrupt)?ABSOLUTE (__DMA1Interrupt):ABSOLUTE (__DefaultInterrupt)
                  0x000032          0x4 LONG 0x2d2 DEFINED (__NVMInterrupt)?ABSOLUTE (__NVMInterrupt):ABSOLUTE (__DefaultInterrupt)
                  0x000034          0x4 LONG 0x2d2 DEFINED (__SI2C1Interrupt)?ABSOLUTE (__SI2C1Interrupt):ABSOLUTE (__DefaultInterrupt)
                  0x000036          0x4 LONG 0x2d2 DEFINED (__MI2C1Interrupt)?ABSOLUTE (__MI2C1Interrupt):ABSOLUTE (__DefaultInterrupt)
                  0x000038          0x4 LONG 0x2d2 DEFINED (__CMP1Interrupt)?ABSOLUTE (__CMP1Interrupt):ABSOLUTE (__DefaultInterrupt)
                  0x00003a          0x4 LONG 0x2d2 DEFINED (__CNInterrupt)?ABSOLUTE (__CNInterrupt):ABSOLUTE (__DefaultInterrupt)
                  0x00003c          0x4 LONG 0x2d2 DEFINED (__INT1Interrupt)?ABSOLUTE (__INT1Interrupt):ABSOLUTE (__DefaultInterrupt)
                  0x00003e          0x4 LONG 0x2d2 DEFINED (__Interrupt21)?ABSOLUTE (__Interrupt21):ABSOLUTE (__DefaultInterrupt)
                  0x000040          0x4 LONG 0x2d2 DEFINED (__Interrupt22)?ABSOLUTE (__Interrupt22):ABSOLUTE (__DefaultInterrupt)
                  0x000042          0x4 LONG 0x2d2 DEFINED (__Interrupt23)?ABSOLUTE (__Interrupt23):ABSOLUTE (__DefaultInterrupt)
                  0x000044          0x4 LONG 0x2d2 DEFINED (__DMA2Interrupt)?ABSOLUTE (__DMA2Interrupt):ABSOLUTE (__DefaultInterrupt)
                  0x000046          0x4 LONG 0x2d2 DEFINED (__OC3Interrupt)?ABSOLUTE (__OC3Interrupt):ABSOLUTE (__DefaultInterrupt)
                  0x000048          0x4 LONG 0x2d2 DEFINED (__OC4Interrupt)?ABSOLUTE (__OC4Interrupt):ABSOLUTE (__DefaultInterrupt)
                  0x00004a          0x4 LONG 0x2d2 DEFINED (__T4Interrupt)?ABSOLUTE (__T4Interrupt):ABSOLUTE (__DefaultInterrupt)
                  0x00004c          0x4 LONG 0x2d2 DEFINED (__T5Interrupt)?ABSOLUTE (__T5Interrupt):ABSOLUTE (__DefaultInterrupt)
                  0x00004e          0x4 LONG 0x2d2 DEFINED (__INT2Interrupt)?ABSOLUTE (__INT2Interrupt):ABSOLUTE (__DefaultInterrupt)
                  0x000050          0x4 LONG 0x2d2 DEFINED (__U2RXInterrupt)?ABSOLUTE (__U2RXInterrupt):ABSOLUTE (__DefaultInterrupt)
                  0x000052          0x4 LONG 0x2d2 DEFINED (__U2TXInterrupt)?ABSOLUTE (__U2TXInterrupt):ABSOLUTE (__DefaultInterrupt)
                  0x000054          0x4 LONG 0x2d2 DEFINED (__SPI2ErrInterrupt)?ABSOLUTE (__SPI2ErrInterrupt):ABSOLUTE (__DefaultInterrupt)
                  0x000056          0x4 LONG 0x2d2 DEFINED (__SPI2Interrupt)?ABSOLUTE (__SPI2Interrupt):ABSOLUTE (__DefaultInterrupt)
                  0x000058          0x4 LONG 0x2d2 DEFINED (__Interrupt34)?ABSOLUTE (__Interrupt34):ABSOLUTE (__DefaultInterrupt)
                  0x00005a          0x4 LONG 0x2d2 DEFINED (__Interrupt35)?ABSOLUTE (__Interrupt35):ABSOLUTE (__DefaultInterrupt)
                  0x00005c          0x4 LONG 0x2d2 DEFINED (__DMA3Interrupt)?ABSOLUTE (__DMA3Interrupt):ABSOLUTE (__DefaultInterrupt)
                  0x00005e          0x4 LONG 0x2d2 DEFINED (__IC3Interrupt)?ABSOLUTE (__IC3Interrupt):ABSOLUTE (__DefaultInterrupt)
                  0x000060          0x4 LONG 0x2d2 DEFINED (__IC4Interrupt)?ABSOLUTE (__IC4Interrupt):ABSOLUTE (__DefaultInterrupt)
                  0x000062          0x4 LONG 0x2d2 DEFINED (__Interrupt39)?ABSOLUTE (__Interrupt39):ABSOLUTE (__DefaultInterrupt)
                  0x000064          0x4 LONG 0x2d2 DEFINED (__Interrupt40)?ABSOLUTE (__Interrupt40):ABSOLUTE (__DefaultInterrupt)
                  0x000066          0x4 LONG 0x2d2 DEFINED (__Interrupt41)?ABSOLUTE (__Interrupt41):ABSOLUTE (__DefaultInterrupt)
                  0x000068          0x4 LONG 0x2d2 DEFINED (__Interrupt42)?ABSOLUTE (__Interrupt42):ABSOLUTE (__DefaultInterrupt)
                  0x00006a          0x4 LONG 0x2d2 DEFINED (__Interrupt43)?ABSOLUTE (__Interrupt43):ABSOLUTE (__DefaultInterrupt)
                  0x00006c          0x4 LONG 0x2d2 DEFINED (__Interrupt44)?ABSOLUTE (__Interrupt44):ABSOLUTE (__DefaultInterrupt)
                  0x00006e          0x4 LONG 0x2d2 DEFINED (__Interrupt45)?ABSOLUTE (__Interrupt45):ABSOLUTE (__DefaultInterrupt)
                  0x000070          0x4 LONG 0x2d2 DEFINED (__Interrupt46)?ABSOLUTE (__Interrupt46):ABSOLUTE (__DefaultInterrupt)
                  0x000072          0x4 LONG 0x2d2 DEFINED (__Interrupt47)?ABSOLUTE (__Interrupt47):ABSOLUTE (__DefaultInterrupt)
                  0x000074          0x4 LONG 0x2d2 DEFINED (__Interrupt48)?ABSOLUTE (__Interrupt48):ABSOLUTE (__DefaultInterrupt)
                  0x000076          0x4 LONG 0x2d2 DEFINED (__Interrupt49)?ABSOLUTE (__Interrupt49):ABSOLUTE (__DefaultInterrupt)
                  0x000078          0x4 LONG 0x2d2 DEFINED (__Interrupt50)?ABSOLUTE (__Interrupt50):ABSOLUTE (__DefaultInterrupt)
                  0x00007a          0x4 LONG 0x2d2 DEFINED (__Interrupt51)?ABSOLUTE (__Interrupt51):ABSOLUTE (__DefaultInterrupt)
                  0x00007c          0x4 LONG 0x2d2 DEFINED (__Interrupt52)?ABSOLUTE (__Interrupt52):ABSOLUTE (__DefaultInterrupt)
                  0x00007e          0x4 LONG 0x2d2 DEFINED (__Interrupt53)?ABSOLUTE (__Interrupt53):ABSOLUTE (__DefaultInterrupt)
                  0x000080          0x4 LONG 0x2d2 DEFINED (__Interrupt54)?ABSOLUTE (__Interrupt54):ABSOLUTE (__DefaultInterrupt)
                  0x000082          0x4 LONG 0x2d2 DEFINED (__Interrupt55)?ABSOLUTE (__Interrupt55):ABSOLUTE (__DefaultInterrupt)
                  0x000084          0x4 LONG 0x2d2 DEFINED (__Interrupt56)?ABSOLUTE (__Interrupt56):ABSOLUTE (__DefaultInterrupt)
                  0x000086          0x4 LONG 0x2d2 DEFINED (__PWMSpEventMatchInterrupt)?ABSOLUTE (__PWMSpEventMatchInterrupt):ABSOLUTE (__DefaultInterrupt)
                  0x000088          0x4 LONG 0x2d2 DEFINED (__Interrupt58)?ABSOLUTE (__Interrupt58):ABSOLUTE (__DefaultInterrupt)
                  0x00008a          0x4 LONG 0x2d2 DEFINED (__Interrupt59)?ABSOLUTE (__Interrupt59):ABSOLUTE (__DefaultInterrupt)
                  0x00008c          0x4 LONG 0x2d2 DEFINED (__Interrupt60)?ABSOLUTE (__Interrupt60):ABSOLUTE (__DefaultInterrupt)
                  0x00008e          0x4 LONG 0x2d2 DEFINED (__Interrupt61)?ABSOLUTE (__Interrupt61):ABSOLUTE (__DefaultInterrupt)
                  0x000090          0x4 LONG 0x2d2 DEFINED (__Interrupt62)?ABSOLUTE (__Interrupt62):ABSOLUTE (__DefaultInterrupt)
                  0x000092          0x4 LONG 0x2d2 DEFINED (__Interrupt63)?ABSOLUTE (__Interrupt63):ABSOLUTE (__DefaultInterrupt)
                  0x000094          0x4 LONG 0x2d2 DEFINED (__Interrupt64)?ABSOLUTE (__Interrupt64):ABSOLUTE (__DefaultInterrupt)
                  0x000096          0x4 LONG 0x2d2 DEFINED (__U1ErrInterrupt)?ABSOLUTE (__U1ErrInterrupt):ABSOLUTE (__DefaultInterrupt)
                  0x000098          0x4 LONG 0x2d2 DEFINED (__U2ErrInterrupt)?ABSOLUTE (__U2ErrInterrupt):ABSOLUTE (__DefaultInterrupt)
                  0x00009a          0x4 LONG 0x2d2 DEFINED (__Interrupt67)?ABSOLUTE (__Interrupt67):ABSOLUTE (__DefaultInterrupt)
                  0x00009c          0x4 LONG 0x2d2 DEFINED (__Interrupt68)?ABSOLUTE (__Interrupt68):ABSOLUTE (__DefaultInterrupt)
                  0x00009e          0x4 LONG 0x2d2 DEFINED (__Interrupt69)?ABSOLUTE (__Interrupt69):ABSOLUTE (__DefaultInterrupt)
                  0x0000a0          0x4 LONG 0x2d2 DEFINED (__C1TXInterrupt)?ABSOLUTE (__C1TXInterrupt):ABSOLUTE (__DefaultInterrupt)
                  0x0000a2          0x4 LONG 0x2d2 DEFINED (__Interrupt71)?ABSOLUTE (__Interrupt71):ABSOLUTE (__DefaultInterrupt)
                  0x0000a4          0x4 LONG 0x2d2 DEFINED (__Interrupt72)?ABSOLUTE (__Interrupt72):ABSOLUTE (__DefaultInterrupt)
                  0x0000a6          0x4 LONG 0x2d2 DEFINED (__Interrupt73)?ABSOLUTE (__Interrupt73):ABSOLUTE (__DefaultInterrupt)
                  0x0000a8          0x4 LONG 0x2d2 DEFINED (__Interrupt74)?ABSOLUTE (__Interrupt74):ABSOLUTE (__DefaultInterrupt)
                  0x0000aa          0x4 LONG 0x2d2 DEFINED (__Interrupt75)?ABSOLUTE (__Interrupt75):ABSOLUTE (__DefaultInterrupt)
                  0x0000ac          0x4 LONG 0x2d2 DEFINED (__Interrupt76)?ABSOLUTE (__Interrupt76):ABSOLUTE (__DefaultInterrupt)
                  0x0000ae          0x4 LONG 0x2d2 DEFINED (__CTMUInterrupt)?ABSOLUTE (__CTMUInterrupt):ABSOLUTE (__DefaultInterrupt)
                  0x0000b0          0x4 LONG 0x2d2 DEFINED (__Interrupt78)?ABSOLUTE (__Interrupt78):ABSOLUTE (__DefaultInterrupt)
                  0x0000b2          0x4 LONG 0x2d2 DEFINED (__Interrupt79)?ABSOLUTE (__Interrupt79):ABSOLUTE (__DefaultInterrupt)
                  0x0000b4          0x4 LONG 0x2d2 DEFINED (__Interrupt80)?ABSOLUTE (__Interrupt80):ABSOLUTE (__DefaultInterrupt)
                  0x0000b6          0x4 LONG 0x2d2 DEFINED (__Interrupt81)?ABSOLUTE (__Interrupt81):ABSOLUTE (__DefaultInterrupt)
                  0x0000b8          0x4 LONG 0x2d2 DEFINED (__Interrupt82)?ABSOLUTE (__Interrupt82):ABSOLUTE (__DefaultInterrupt)
                  0x0000ba          0x4 LONG 0x2d2 DEFINED (__Interrupt83)?ABSOLUTE (__Interrupt83):ABSOLUTE (__DefaultInterrupt)
                  0x0000bc          0x4 LONG 0x2d2 DEFINED (__Interrupt84)?ABSOLUTE (__Interrupt84):ABSOLUTE (__DefaultInterrupt)
                  0x0000be          0x4 LONG 0x2d2 DEFINED (__Interrupt85)?ABSOLUTE (__Interrupt85):ABSOLUTE (__DefaultInterrupt)
                  0x0000c0          0x4 LONG 0x2d2 DEFINED (__Interrupt86)?ABSOLUTE (__Interrupt86):ABSOLUTE (__DefaultInterrupt)
                  0x0000c2          0x4 LONG 0x2d2 DEFINED (__Interrupt87)?ABSOLUTE (__Interrupt87):ABSOLUTE (__DefaultInterrupt)
                  0x0000c4          0x4 LONG 0x2d2 DEFINED (__Interrupt88)?ABSOLUTE (__Interrupt88):ABSOLUTE (__DefaultInterrupt)
                  0x0000c6          0x4 LONG 0x2d2 DEFINED (__Interrupt89)?ABSOLUTE (__Interrupt89):ABSOLUTE (__DefaultInterrupt)
                  0x0000c8          0x4 LONG 0x2d2 DEFINED (__Interrupt90)?ABSOLUTE (__Interrupt90):ABSOLUTE (__DefaultInterrupt)
                  0x0000ca          0x4 LONG 0x2d2 DEFINED (__Interrupt91)?ABSOLUTE (__Interrupt91):ABSOLUTE (__DefaultInterrupt)
                  0x0000cc          0x4 LONG 0x2d2 DEFINED (__Interrupt92)?ABSOLUTE (__Interrupt92):ABSOLUTE (__DefaultInterrupt)
                  0x0000ce          0x4 LONG 0x2d2 DEFINED (__Interrupt93)?ABSOLUTE (__Interrupt93):ABSOLUTE (__DefaultInterrupt)
                  0x0000d0          0x4 LONG 0x2d2 DEFINED (__PWM1Interrupt)?ABSOLUTE (__PWM1Interrupt):ABSOLUTE (__DefaultInterrupt)
                  0x0000d2          0x4 LONG 0x2d2 DEFINED (__PWM2Interrupt)?ABSOLUTE (__PWM2Interrupt):ABSOLUTE (__DefaultInterrupt)
                  0x0000d4          0x4 LONG 0x2d2 DEFINED (__PWM3Interrupt)?ABSOLUTE (__PWM3Interrupt):ABSOLUTE (__DefaultInterrupt)
                  0x0000d6          0x4 LONG 0x2d2 DEFINED (__Interrupt97)?ABSOLUTE (__Interrupt97):ABSOLUTE (__DefaultInterrupt)
                  0x0000d8          0x4 LONG 0x2d2 DEFINED (__Interrupt98)?ABSOLUTE (__Interrupt98):ABSOLUTE (__DefaultInterrupt)
                  0x0000da          0x4 LONG 0x2d2 DEFINED (__Interrupt99)?ABSOLUTE (__Interrupt99):ABSOLUTE (__DefaultInterrupt)
                  0x0000dc          0x4 LONG 0x2d2 DEFINED (__Interrupt100)?ABSOLUTE (__Interrupt100):ABSOLUTE (__DefaultInterrupt)
                  0x0000de          0x4 LONG 0x2d2 DEFINED (__Interrupt101)?ABSOLUTE (__Interrupt101):ABSOLUTE (__DefaultInterrupt)
                  0x0000e0          0x4 LONG 0x2d2 DEFINED (__Interrupt102)?ABSOLUTE (__Interrupt102):ABSOLUTE (__DefaultInterrupt)
                  0x0000e2          0x4 LONG 0x2d2 DEFINED (__Interrupt103)?ABSOLUTE (__Interrupt103):ABSOLUTE (__DefaultInterrupt)
                  0x0000e4          0x4 LONG 0x2d2 DEFINED (__Interrupt104)?ABSOLUTE (__Interrupt104):ABSOLUTE (__DefaultInterrupt)
                  0x0000e6          0x4 LONG 0x2d2 DEFINED (__Interrupt105)?ABSOLUTE (__Interrupt105):ABSOLUTE (__DefaultInterrupt)
                  0x0000e8          0x4 LONG 0x2d2 DEFINED (__Interrupt106)?ABSOLUTE (__Interrupt106):ABSOLUTE (__DefaultInterrupt)
                  0x0000ea          0x4 LONG 0x2d2 DEFINED (__Interrupt107)?ABSOLUTE (__Interrupt107):ABSOLUTE (__DefaultInterrupt)
                  0x0000ec          0x4 LONG 0x2d2 DEFINED (__Interrupt108)?ABSOLUTE (__Interrupt108):ABSOLUTE (__DefaultInterrupt)
                  0x0000ee          0x4 LONG 0x2d2 DEFINED (__Interrupt109)?ABSOLUTE (__Interrupt109):ABSOLUTE (__DefaultInterrupt)
                  0x0000f0          0x4 LONG 0x2d2 DEFINED (__Interrupt110)?ABSOLUTE (__Interrupt110):ABSOLUTE (__DefaultInterrupt)
                  0x0000f2          0x4 LONG 0x2d2 DEFINED (__Interrupt111)?ABSOLUTE (__Interrupt111):ABSOLUTE (__DefaultInterrupt)
                  0x0000f4          0x4 LONG 0x2d2 DEFINED (__Interrupt112)?ABSOLUTE (__Interrupt112):ABSOLUTE (__DefaultInterrupt)
                  0x0000f6          0x4 LONG 0x2d2 DEFINED (__Interrupt113)?ABSOLUTE (__Interrupt113):ABSOLUTE (__DefaultInterrupt)
                  0x0000f8          0x4 LONG 0x2d2 DEFINED (__Interrupt114)?ABSOLUTE (__Interrupt114):ABSOLUTE (__DefaultInterrupt)
                  0x0000fa          0x4 LONG 0x2d2 DEFINED (__Interrupt115)?ABSOLUTE (__Interrupt115):ABSOLUTE (__DefaultInterrupt)
                  0x0000fc          0x4 LONG 0x2d2 DEFINED (__Interrupt116)?ABSOLUTE (__Interrupt116):ABSOLUTE (__DefaultInterrupt)
                  0x0000fe          0x4 LONG 0x2d2 DEFINED (__Interrupt117)?ABSOLUTE (__Interrupt117):ABSOLUTE (__DefaultInterrupt)
                  0x000100          0x4 LONG 0x2d2 DEFINED (__Interrupt118)?ABSOLUTE (__Interrupt118):ABSOLUTE (__DefaultInterrupt)
                  0x000102          0x4 LONG 0x2d2 DEFINED (__Interrupt119)?ABSOLUTE (__Interrupt119):ABSOLUTE (__DefaultInterrupt)
                  0x000104          0x4 LONG 0x2d2 DEFINED (__Interrupt120)?ABSOLUTE (__Interrupt120):ABSOLUTE (__DefaultInterrupt)
                  0x000106          0x4 LONG 0x2d2 DEFINED (__Interrupt121)?ABSOLUTE (__Interrupt121):ABSOLUTE (__DefaultInterrupt)
                  0x000108          0x4 LONG 0x2d2 DEFINED (__Interrupt122)?ABSOLUTE (__Interrupt122):ABSOLUTE (__DefaultInterrupt)
                  0x00010a          0x4 LONG 0x2d2 DEFINED (__Interrupt123)?ABSOLUTE (__Interrupt123):ABSOLUTE (__DefaultInterrupt)
                  0x00010c          0x4 LONG 0x2d2 DEFINED (__Interrupt124)?ABSOLUTE (__Interrupt124):ABSOLUTE (__DefaultInterrupt)
                  0x00010e          0x4 LONG 0x2d2 DEFINED (__Interrupt125)?ABSOLUTE (__Interrupt125):ABSOLUTE (__DefaultInterrupt)
                  0x000110          0x4 LONG 0x2d2 DEFINED (__Interrupt126)?ABSOLUTE (__Interrupt126):ABSOLUTE (__DefaultInterrupt)
                  0x000112          0x4 LONG 0x2d2 DEFINED (__Interrupt127)?ABSOLUTE (__Interrupt127):ABSOLUTE (__DefaultInterrupt)
                  0x000114          0x4 LONG 0x2d2 DEFINED (__Interrupt128)?ABSOLUTE (__Interrupt128):ABSOLUTE (__DefaultInterrupt)
                  0x000116          0x4 LONG 0x2d2 DEFINED (__Interrupt129)?ABSOLUTE (__Interrupt129):ABSOLUTE (__DefaultInterrupt)
                  0x000118          0x4 LONG 0x2d2 DEFINED (__Interrupt130)?ABSOLUTE (__Interrupt130):ABSOLUTE (__DefaultInterrupt)
                  0x00011a          0x4 LONG 0x2d2 DEFINED (__Interrupt131)?ABSOLUTE (__Interrupt131):ABSOLUTE (__DefaultInterrupt)
                  0x00011c          0x4 LONG 0x2d2 DEFINED (__Interrupt132)?ABSOLUTE (__Interrupt132):ABSOLUTE (__DefaultInterrupt)
                  0x00011e          0x4 LONG 0x2d2 DEFINED (__Interrupt133)?ABSOLUTE (__Interrupt133):ABSOLUTE (__DefaultInterrupt)
                  0x000120          0x4 LONG 0x2d2 DEFINED (__Interrupt134)?ABSOLUTE (__Interrupt134):ABSOLUTE (__DefaultInterrupt)
                  0x000122          0x4 LONG 0x2d2 DEFINED (__Interrupt135)?ABSOLUTE (__Interrupt135):ABSOLUTE (__DefaultInterrupt)
                  0x000124          0x4 LONG 0x2d2 DEFINED (__Interrupt136)?ABSOLUTE (__Interrupt136):ABSOLUTE (__DefaultInterrupt)
                  0x000126          0x4 LONG 0x2d2 DEFINED (__Interrupt137)?ABSOLUTE (__Interrupt137):ABSOLUTE (__DefaultInterrupt)
                  0x000128          0x4 LONG 0x2d2 DEFINED (__Interrupt138)?ABSOLUTE (__Interrupt138):ABSOLUTE (__DefaultInterrupt)
                  0x00012a          0x4 LONG 0x2d2 DEFINED (__Interrupt139)?ABSOLUTE (__Interrupt139):ABSOLUTE (__DefaultInterrupt)
                  0x00012c          0x4 LONG 0x2d2 DEFINED (__Interrupt140)?ABSOLUTE (__Interrupt140):ABSOLUTE (__DefaultInterrupt)
                  0x00012e          0x4 LONG 0x2d2 DEFINED (__Interrupt141)?ABSOLUTE (__Interrupt141):ABSOLUTE (__DefaultInterrupt)
                  0x000130          0x4 LONG 0x2d2 DEFINED (__ICDInterrupt)?ABSOLUTE (__ICDInterrupt):ABSOLUTE (__DefaultInterrupt)
                  0x000132          0x4 LONG 0x2d2 DEFINED (__Interrupt143)?ABSOLUTE (__Interrupt143):ABSOLUTE (__DefaultInterrupt)
                  0x000134          0x4 LONG 0x2d2 DEFINED (__Interrupt144)?ABSOLUTE (__Interrupt144):ABSOLUTE (__DefaultInterrupt)
                  0x000136          0x4 LONG 0x2d2 DEFINED (__Interrupt145)?ABSOLUTE (__Interrupt145):ABSOLUTE (__DefaultInterrupt)
                  0x000138          0x4 LONG 0x2d2 DEFINED (__Interrupt146)?ABSOLUTE (__Interrupt146):ABSOLUTE (__DefaultInterrupt)
                  0x00013a          0x4 LONG 0x2d2 DEFINED (__Interrupt147)?ABSOLUTE (__Interrupt147):ABSOLUTE (__DefaultInterrupt)
                  0x00013c          0x4 LONG 0x2d2 DEFINED (__Interrupt148)?ABSOLUTE (__Interrupt148):ABSOLUTE (__DefaultInterrupt)
                  0x00013e          0x4 LONG 0x2d2 DEFINED (__Interrupt149)?ABSOLUTE (__Interrupt149):ABSOLUTE (__DefaultInterrupt)
                  0x000140          0x4 LONG 0x2d2 DEFINED (__Interrupt150)?ABSOLUTE (__Interrupt150):ABSOLUTE (__DefaultInterrupt)
                  0x000142          0x4 LONG 0x2d2 DEFINED (__Interrupt151)?ABSOLUTE (__Interrupt151):ABSOLUTE (__DefaultInterrupt)
                  0x000144          0x4 LONG 0x2d2 DEFINED (__Interrupt152)?ABSOLUTE (__Interrupt152):ABSOLUTE (__DefaultInterrupt)
                  0x000146          0x4 LONG 0x2d2 DEFINED (__Interrupt153)?ABSOLUTE (__Interrupt153):ABSOLUTE (__DefaultInterrupt)
                  0x000148          0x4 LONG 0x2d2 DEFINED (__Interrupt154)?ABSOLUTE (__Interrupt154):ABSOLUTE (__DefaultInterrupt)
                  0x00014a          0x4 LONG 0x2d2 DEFINED (__Interrupt155)?ABSOLUTE (__Interrupt155):ABSOLUTE (__DefaultInterrupt)
                  0x00014c          0x4 LONG 0x2d2 DEFINED (__Interrupt156)?ABSOLUTE (__Interrupt156):ABSOLUTE (__DefaultInterrupt)
                  0x00014e          0x4 LONG 0x2d2 DEFINED (__Interrupt157)?ABSOLUTE (__Interrupt157):ABSOLUTE (__DefaultInterrupt)
                  0x000150          0x4 LONG 0x2d2 DEFINED (__Interrupt158)?ABSOLUTE (__Interrupt158):ABSOLUTE (__DefaultInterrupt)
                  0x000152          0x4 LONG 0x2d2 DEFINED (__Interrupt159)?ABSOLUTE (__Interrupt159):ABSOLUTE (__DefaultInterrupt)
                  0x000154          0x4 LONG 0x2d2 DEFINED (__Interrupt160)?ABSOLUTE (__Interrupt160):ABSOLUTE (__DefaultInterrupt)
                  0x000156          0x4 LONG 0x2d2 DEFINED (__Interrupt161)?ABSOLUTE (__Interrupt161):ABSOLUTE (__DefaultInterrupt)
                  0x000158          0x4 LONG 0x2d2 DEFINED (__Interrupt162)?ABSOLUTE (__Interrupt162):ABSOLUTE (__DefaultInterrupt)
                  0x00015a          0x4 LONG 0x2d2 DEFINED (__Interrupt163)?ABSOLUTE (__Interrupt163):ABSOLUTE (__DefaultInterrupt)
                  0x00015c          0x4 LONG 0x2d2 DEFINED (__Interrupt164)?ABSOLUTE (__Interrupt164):ABSOLUTE (__DefaultInterrupt)
                  0x00015e          0x4 LONG 0x2d2 DEFINED (__Interrupt165)?ABSOLUTE (__Interrupt165):ABSOLUTE (__DefaultInterrupt)
                  0x000160          0x4 LONG 0x2d2 DEFINED (__Interrupt166)?ABSOLUTE (__Interrupt166):ABSOLUTE (__DefaultInterrupt)
                  0x000162          0x4 LONG 0x2d2 DEFINED (__Interrupt167)?ABSOLUTE (__Interrupt167):ABSOLUTE (__DefaultInterrupt)
                  0x000164          0x4 LONG 0x2d2 DEFINED (__Interrupt168)?ABSOLUTE (__Interrupt168):ABSOLUTE (__DefaultInterrupt)
                  0x000166          0x4 LONG 0x2d2 DEFINED (__Interrupt169)?ABSOLUTE (__Interrupt169):ABSOLUTE (__DefaultInterrupt)
                  0x000168          0x4 LONG 0x2d2 DEFINED (__Interrupt170)?ABSOLUTE (__Interrupt170):ABSOLUTE (__DefaultInterrupt)
                  0x00016a          0x4 LONG 0x2d2 DEFINED (__Interrupt171)?ABSOLUTE (__Interrupt171):ABSOLUTE (__DefaultInterrupt)
                  0x00016c          0x4 LONG 0x2d2 DEFINED (__Interrupt172)?ABSOLUTE (__Interrupt172):ABSOLUTE (__DefaultInterrupt)
                  0x00016e          0x4 LONG 0x2d2 DEFINED (__I2C1Interrupt)?ABSOLUTE (__I2C1Interrupt):ABSOLUTE (__DefaultInterrupt)
                  0x000170          0x4 LONG 0x2d2 DEFINED (__Interrupt174)?ABSOLUTE (__Interrupt174):ABSOLUTE (__DefaultInterrupt)
                  0x000172          0x4 LONG 0x2d2 DEFINED (__Interrupt175)?ABSOLUTE (__Interrupt175):ABSOLUTE (__DefaultInterrupt)
                  0x000174          0x4 LONG 0x2d2 DEFINED (__Interrupt176)?ABSOLUTE (__Interrupt176):ABSOLUTE (__DefaultInterrupt)
                  0x000176          0x4 LONG 0x2d2 DEFINED (__Interrupt177)?ABSOLUTE (__Interrupt177):ABSOLUTE (__DefaultInterrupt)
                  0x000178          0x4 LONG 0x2d2 DEFINED (__Interrupt178)?ABSOLUTE (__Interrupt178):ABSOLUTE (__DefaultInterrupt)
                  0x00017a          0x4 LONG 0x2d2 DEFINED (__Interrupt179)?ABSOLUTE (__Interrupt179):ABSOLUTE (__DefaultInterrupt)
                  0x00017c          0x4 LONG 0x2d2 DEFINED (__Interrupt180)?ABSOLUTE (__Interrupt180):ABSOLUTE (__DefaultInterrupt)
                  0x00017e          0x4 LONG 0x2d2 DEFINED (__Interrupt181)?ABSOLUTE (__Interrupt181):ABSOLUTE (__DefaultInterrupt)
                  0x000180          0x4 LONG 0x2d2 DEFINED (__SENT1ERRInterrupt)?ABSOLUTE (__SENT1ERRInterrupt):ABSOLUTE (__DefaultInterrupt)
                  0x000182          0x4 LONG 0x2d2 DEFINED (__SENT1Interrupt)?ABSOLUTE (__SENT1Interrupt):ABSOLUTE (__DefaultInterrupt)
                  0x000184          0x4 LONG 0x2d2 DEFINED (__SENT2ERRInterrupt)?ABSOLUTE (__SENT2ERRInterrupt):ABSOLUTE (__DefaultInterrupt)
                  0x000186          0x4 LONG 0x2d2 DEFINED (__SENT2Interrupt)?ABSOLUTE (__SENT2Interrupt):ABSOLUTE (__DefaultInterrupt)
                  0x000188          0x4 LONG 0x2d2 DEFINED (__ECCSBEInterrupt)?ABSOLUTE (__ECCSBEInterrupt):ABSOLUTE (__DefaultInterrupt)

.aivt
                  0x000000          0x4 LONG 0x0
                  0x000000          0x4 LONG 0x0
                  0x000000          0x4 LONG 0x0 DEFINED (__AltOscillatorFail)?ABSOLUTE (__AltOscillatorFail):DEFINED (__OscillatorFail)?ABSOLUTE (__OscillatorFail):ABSOLUTE (__DefaultInterrupt)
                  0x000000          0x4 LONG 0x0 DEFINED (__AltAddressError)?ABSOLUTE (__AltAddressError):DEFINED (__AddressError)?ABSOLUTE (__AddressError):ABSOLUTE (__DefaultInterrupt)
                  0x000000          0x4 LONG 0x0 DEFINED (__AltHardTrapError)?ABSOLUTE (__AltHardTrapError):DEFINED (__HardTrapError)?ABSOLUTE (__HardTrapError):ABSOLUTE (__DefaultInterrupt)
                  0x000000          0x4 LONG 0x0 DEFINED (__AltStackError)?ABSOLUTE (__AltStackError):DEFINED (__StackError)?ABSOLUTE (__StackError):ABSOLUTE (__DefaultInterrupt)
                  0x000000          0x4 LONG 0x0 DEFINED (__AltMathError)?ABSOLUTE (__AltMathError):DEFINED (__MathError)?ABSOLUTE (__MathError):ABSOLUTE (__DefaultInterrupt)
                  0x000000          0x4 LONG 0x0 DEFINED (__AltDMACError)?ABSOLUTE (__AltDMACError):DEFINED (__DMACError)?ABSOLUTE (__DMACError):ABSOLUTE (__DefaultInterrupt)
                  0x000000          0x4 LONG 0x0 DEFINED (__AltSoftTrapError)?ABSOLUTE (__AltSoftTrapError):DEFINED (__SoftTrapError)?ABSOLUTE (__SoftTrapError):ABSOLUTE (__DefaultInterrupt)
                  0x000000          0x4 LONG 0x0 DEFINED (__AltReservedTrap7)?ABSOLUTE (__AltReservedTrap7):DEFINED (__ReservedTrap7)?ABSOLUTE (__ReservedTrap7):ABSOLUTE (__DefaultInterrupt)
                  0x000000          0x4 LONG 0x0 DEFINED (__AltINT0Interrupt)?ABSOLUTE (__AltINT0Interrupt):DEFINED (__INT0Interrupt)?ABSOLUTE (__INT0Interrupt):ABSOLUTE (__DefaultInterrupt)
                  0x000000          0x4 LONG 0x0 DEFINED (__AltIC1Interrupt)?ABSOLUTE (__AltIC1Interrupt):DEFINED (__IC1Interrupt)?ABSOLUTE (__IC1Interrupt):ABSOLUTE (__DefaultInterrupt)
                  0x000000          0x4 LONG 0x0 DEFINED (__AltOC1Interrupt)?ABSOLUTE (__AltOC1Interrupt):DEFINED (__OC1Interrupt)?ABSOLUTE (__OC1Interrupt):ABSOLUTE (__DefaultInterrupt)
                  0x000000          0x4 LONG 0x0 DEFINED (__AltT1Interrupt)?ABSOLUTE (__AltT1Interrupt):DEFINED (__T1Interrupt)?ABSOLUTE (__T1Interrupt):ABSOLUTE (__DefaultInterrupt)
                  0x000000          0x4 LONG 0x0 DEFINED (__AltDMA0Interrupt)?ABSOLUTE (__AltDMA0Interrupt):DEFINED (__DMA0Interrupt)?ABSOLUTE (__DMA0Interrupt):ABSOLUTE (__DefaultInterrupt)
                  0x000000          0x4 LONG 0x0 DEFINED (__AltIC2Interrupt)?ABSOLUTE (__AltIC2Interrupt):DEFINED (__IC2Interrupt)?ABSOLUTE (__IC2Interrupt):ABSOLUTE (__DefaultInterrupt)
                  0x000000          0x4 LONG 0x0 DEFINED (__AltOC2Interrupt)?ABSOLUTE (__AltOC2Interrupt):DEFINED (__OC2Interrupt)?ABSOLUTE (__OC2Interrupt):ABSOLUTE (__DefaultInterrupt)
                  0x000000          0x4 LONG 0x0 DEFINED (__AltT2Interrupt)?ABSOLUTE (__AltT2Interrupt):DEFINED (__T2Interrupt)?ABSOLUTE (__T2Interrupt):ABSOLUTE (__DefaultInterrupt)
                  0x000000          0x4 LONG 0x0 DEFINED (__AltT3Interrupt)?ABSOLUTE (__AltT3Interrupt):DEFINED (__T3Interrupt)?ABSOLUTE (__T3Interrupt):ABSOLUTE (__DefaultInterrupt)
                  0x000000          0x4 LONG 0x0 DEFINED (__AltSPI1ErrInterrupt)?ABSOLUTE (__AltSPI1ErrInterrupt):DEFINED (__SPI1ErrInterrupt)?ABSOLUTE (__SPI1ErrInterrupt):ABSOLUTE (__DefaultInterrupt)
                  0x000000          0x4 LONG 0x0 DEFINED (__AltSPI1Interrupt)?ABSOLUTE (__AltSPI1Interrupt):DEFINED (__SPI1Interrupt)?ABSOLUTE (__SPI1Interrupt):ABSOLUTE (__DefaultInterrupt)
                  0x000000          0x4 LONG 0x0 DEFINED (__AltU1RXInterrupt)?ABSOLUTE (__AltU1RXInterrupt):DEFINED (__U1RXInterrupt)?ABSOLUTE (__U1RXInterrupt):ABSOLUTE (__DefaultInterrupt)
                  0x000000          0x4 LONG 0x0 DEFINED (__AltU1TXInterrupt)?ABSOLUTE (__AltU1TXInterrupt):DEFINED (__U1TXInterrupt)?ABSOLUTE (__U1TXInterrupt):ABSOLUTE (__DefaultInterrupt)
                  0x000000          0x4 LONG 0x0 DEFINED (__AltAD1Interrupt)?ABSOLUTE (__AltAD1Interrupt):DEFINED (__AD1Interrupt)?ABSOLUTE (__AD1Interrupt):ABSOLUTE (__DefaultInterrupt)
                  0x000000          0x4 LONG 0x0 DEFINED (__AltDMA1Interrupt)?ABSOLUTE (__AltDMA1Interrupt):DEFINED (__DMA1Interrupt)?ABSOLUTE (__DMA1Interrupt):ABSOLUTE (__DefaultInterrupt)
                  0x000000          0x4 LONG 0x0 DEFINED (__AltNVMInterrupt)?ABSOLUTE (__AltNVMInterrupt):DEFINED (__NVMInterrupt)?ABSOLUTE (__NVMInterrupt):ABSOLUTE (__DefaultInterrupt)
                  0x000000          0x4 LONG 0x0 DEFINED (__AltSI2C1Interrupt)?ABSOLUTE (__AltSI2C1Interrupt):DEFINED (__SI2C1Interrupt)?ABSOLUTE (__SI2C1Interrupt):ABSOLUTE (__DefaultInterrupt)
                  0x000000          0x4 LONG 0x0 DEFINED (__AltMI2C1Interrupt)?ABSOLUTE (__AltMI2C1Interrupt):DEFINED (__MI2C1Interrupt)?ABSOLUTE (__MI2C1Interrupt):ABSOLUTE (__DefaultInterrupt)
                  0x000000          0x4 LONG 0x0 DEFINED (__AltCMP1Interrupt)?ABSOLUTE (__AltCMP1Interrupt):DEFINED (__CMP1Interrupt)?ABSOLUTE (__CMP1Interrupt):ABSOLUTE (__DefaultInterrupt)
                  0x000000          0x4 LONG 0x0 DEFINED (__AltCNInterrupt)?ABSOLUTE (__AltCNInterrupt):DEFINED (__CNInterrupt)?ABSOLUTE (__CNInterrupt):ABSOLUTE (__DefaultInterrupt)
                  0x000000          0x4 LONG 0x0 DEFINED (__AltINT1Interrupt)?ABSOLUTE (__AltINT1Interrupt):DEFINED (__INT1Interrupt)?ABSOLUTE (__INT1Interrupt):ABSOLUTE (__DefaultInterrupt)
                  0x000000          0x4 LONG 0x0 DEFINED (__AltInterrupt21)?ABSOLUTE (__AltInterrupt21):DEFINED (__Interrupt21)?ABSOLUTE (__Interrupt21):ABSOLUTE (__DefaultInterrupt)
                  0x000000          0x4 LONG 0x0 DEFINED (__AltInterrupt22)?ABSOLUTE (__AltInterrupt22):DEFINED (__Interrupt22)?ABSOLUTE (__Interrupt22):ABSOLUTE (__DefaultInterrupt)
                  0x000000          0x4 LONG 0x0 DEFINED (__AltInterrupt23)?ABSOLUTE (__AltInterrupt23):DEFINED (__Interrupt23)?ABSOLUTE (__Interrupt23):ABSOLUTE (__DefaultInterrupt)
                  0x000000          0x4 LONG 0x0 DEFINED (__AltDMA2Interrupt)?ABSOLUTE (__AltDMA2Interrupt):DEFINED (__DMA2Interrupt)?ABSOLUTE (__DMA2Interrupt):ABSOLUTE (__DefaultInterrupt)
                  0x000000          0x4 LONG 0x0 DEFINED (__AltOC3Interrupt)?ABSOLUTE (__AltOC3Interrupt):DEFINED (__OC3Interrupt)?ABSOLUTE (__OC3Interrupt):ABSOLUTE (__DefaultInterrupt)
                  0x000000          0x4 LONG 0x0 DEFINED (__AltOC4Interrupt)?ABSOLUTE (__AltOC4Interrupt):DEFINED (__OC4Interrupt)?ABSOLUTE (__OC4Interrupt):ABSOLUTE (__DefaultInterrupt)
                  0x000000          0x4 LONG 0x0 DEFINED (__AltT4Interrupt)?ABSOLUTE (__AltT4Interrupt):DEFINED (__T4Interrupt)?ABSOLUTE (__T4Interrupt):ABSOLUTE (__DefaultInterrupt)
                  0x000000          0x4 LONG 0x0 DEFINED (__AltT5Interrupt)?ABSOLUTE (__AltT5Interrupt):DEFINED (__T5Interrupt)?ABSOLUTE (__T5Interrupt):ABSOLUTE (__DefaultInterrupt)
                  0x000000          0x4 LONG 0x0 DEFINED (__AltINT2Interrupt)?ABSOLUTE (__AltINT2Interrupt):DEFINED (__INT2Interrupt)?ABSOLUTE (__INT2Interrupt):ABSOLUTE (__DefaultInterrupt)
                  0x000000          0x4 LONG 0x0 DEFINED (__AltU2RXInterrupt)?ABSOLUTE (__AltU2RXInterrupt):DEFINED (__U2RXInterrupt)?ABSOLUTE (__U2RXInterrupt):ABSOLUTE (__DefaultInterrupt)
                  0x000000          0x4 LONG 0x0 DEFINED (__AltU2TXInterrupt)?ABSOLUTE (__AltU2TXInterrupt):DEFINED (__U2TXInterrupt)?ABSOLUTE (__U2TXInterrupt):ABSOLUTE (__DefaultInterrupt)
                  0x000000          0x4 LONG 0x0 DEFINED (__AltSPI2ErrInterrupt)?ABSOLUTE (__AltSPI2ErrInterrupt):DEFINED (__SPI2ErrInterrupt)?ABSOLUTE (__SPI2ErrInterrupt):ABSOLUTE (__DefaultInterrupt)
                  0x000000          0x4 LONG 0x0 DEFINED (__AltSPI2Interrupt)?ABSOLUTE (__AltSPI2Interrupt):DEFINED (__SPI2Interrupt)?ABSOLUTE (__SPI2Interrupt):ABSOLUTE (__DefaultInterrupt)
                  0x000000          0x4 LONG 0x0 DEFINED (__AltInterrupt34)?ABSOLUTE (__AltInterrupt34):DEFINED (__Interrupt34)?ABSOLUTE (__Interrupt34):ABSOLUTE (__DefaultInterrupt)
                  0x000000          0x4 LONG 0x0 DEFINED (__AltInterrupt35)?ABSOLUTE (__AltInterrupt35):DEFINED (__Interrupt35)?ABSOLUTE (__Interrupt35):ABSOLUTE (__DefaultInterrupt)
                  0x000000          0x4 LONG 0x0 DEFINED (__AltDMA3Interrupt)?ABSOLUTE (__AltDMA3Interrupt):DEFINED (__DMA3Interrupt)?ABSOLUTE (__DMA3Interrupt):ABSOLUTE (__DefaultInterrupt)
                  0x000000          0x4 LONG 0x0 DEFINED (__AltIC3Interrupt)?ABSOLUTE (__AltIC3Interrupt):DEFINED (__IC3Interrupt)?ABSOLUTE (__IC3Interrupt):ABSOLUTE (__DefaultInterrupt)
                  0x000000          0x4 LONG 0x0 DEFINED (__AltIC4Interrupt)?ABSOLUTE (__AltIC4Interrupt):DEFINED (__IC4Interrupt)?ABSOLUTE (__IC4Interrupt):ABSOLUTE (__DefaultInterrupt)
                  0x000000          0x4 LONG 0x0 DEFINED (__AltInterrupt39)?ABSOLUTE (__AltInterrupt39):DEFINED (__Interrupt39)?ABSOLUTE (__Interrupt39):ABSOLUTE (__DefaultInterrupt)
                  0x000000          0x4 LONG 0x0 DEFINED (__AltInterrupt40)?ABSOLUTE (__AltInterrupt40):DEFINED (__Interrupt40)?ABSOLUTE (__Interrupt40):ABSOLUTE (__DefaultInterrupt)
                  0x000000          0x4 LONG 0x0 DEFINED (__AltInterrupt41)?ABSOLUTE (__AltInterrupt41):DEFINED (__Interrupt41)?ABSOLUTE (__Interrupt41):ABSOLUTE (__DefaultInterrupt)
                  0x000000          0x4 LONG 0x0 DEFINED (__AltInterrupt42)?ABSOLUTE (__AltInterrupt42):DEFINED (__Interrupt42)?ABSOLUTE (__Interrupt42):ABSOLUTE (__DefaultInterrupt)
                  0x000000          0x4 LONG 0x0 DEFINED (__AltInterrupt43)?ABSOLUTE (__AltInterrupt43):DEFINED (__Interrupt43)?ABSOLUTE (__Interrupt43):ABSOLUTE (__DefaultInterrupt)
                  0x000000          0x4 LONG 0x0 DEFINED (__AltInterrupt44)?ABSOLUTE (__AltInterrupt44):DEFINED (__Interrupt44)?ABSOLUTE (__Interrupt44):ABSOLUTE (__DefaultInterrupt)
                  0x000000          0x4 LONG 0x0 DEFINED (__AltInterrupt45)?ABSOLUTE (__AltInterrupt45):DEFINED (__Interrupt45)?ABSOLUTE (__Interrupt45):ABSOLUTE (__DefaultInterrupt)
                  0x000000          0x4 LONG 0x0 DEFINED (__AltInterrupt46)?ABSOLUTE (__AltInterrupt46):DEFINED (__Interrupt46)?ABSOLUTE (__Interrupt46):ABSOLUTE (__DefaultInterrupt)
                  0x000000          0x4 LONG 0x0 DEFINED (__AltInterrupt47)?ABSOLUTE (__AltInterrupt47):DEFINED (__Interrupt47)?ABSOLUTE (__Interrupt47):ABSOLUTE (__DefaultInterrupt)
                  0x000000          0x4 LONG 0x0 DEFINED (__AltInterrupt48)?ABSOLUTE (__AltInterrupt48):DEFINED (__Interrupt48)?ABSOLUTE (__Interrupt48):ABSOLUTE (__DefaultInterrupt)
                  0x000000          0x4 LONG 0x0 DEFINED (__AltInterrupt49)?ABSOLUTE (__AltInterrupt49):DEFINED (__Interrupt49)?ABSOLUTE (__Interrupt49):ABSOLUTE (__DefaultInterrupt)
                  0x000000          0x4 LONG 0x0 DEFINED (__AltInterrupt50)?ABSOLUTE (__AltInterrupt50):DEFINED (__Interrupt50)?ABSOLUTE (__Interrupt50):ABSOLUTE (__DefaultInterrupt)
                  0x000000          0x4 LONG 0x0 DEFINED (__AltInterrupt51)?ABSOLUTE (__AltInterrupt51):DEFINED (__Interrupt51)?ABSOLUTE (__Interrupt51):ABSOLUTE (__DefaultInterrupt)
                  0x000000          0x4 LONG 0x0 DEFINED (__AltInterrupt52)?ABSOLUTE (__AltInterrupt52):DEFINED (__Interrupt52)?ABSOLUTE (__Interrupt52):ABSOLUTE (__DefaultInterrupt)
                  0x000000          0x4 LONG 0x0 DEFINED (__AltInterrupt53)?ABSOLUTE (__AltInterrupt53):DEFINED (__Interrupt53)?ABSOLUTE (__Interrupt53):ABSOLUTE (__DefaultInterrupt)
                  0x000000          0x4 LONG 0x0 DEFINED (__AltInterrupt54)?ABSOLUTE (__AltInterrupt54):DEFINED (__Interrupt54)?ABSOLUTE (__Interrupt54):ABSOLUTE (__DefaultInterrupt)
                  0x000000          0x4 LONG 0x0 DEFINED (__AltInterrupt55)?ABSOLUTE (__AltInterrupt55):DEFINED (__Interrupt55)?ABSOLUTE (__Interrupt55):ABSOLUTE (__DefaultInterrupt)
                  0x000000          0x4 LONG 0x0 DEFINED (__AltInterrupt56)?ABSOLUTE (__AltInterrupt56):DEFINED (__Interrupt56)?ABSOLUTE (__Interrupt56):ABSOLUTE (__DefaultInterrupt)
                  0x000000          0x4 LONG 0x0 DEFINED (__AltPWMSpEventMatchInterrupt)?ABSOLUTE (__AltPWMSpEventMatchInterrupt):DEFINED (__PWMSpEventMatchInterrupt)?ABSOLUTE (__PWMSpEventMatchInterrupt):ABSOLUTE (__DefaultInterrupt)
                  0x000000          0x4 LONG 0x0 DEFINED (__AltInterrupt58)?ABSOLUTE (__AltInterrupt58):DEFINED (__Interrupt58)?ABSOLUTE (__Interrupt58):ABSOLUTE (__DefaultInterrupt)
                  0x000000          0x4 LONG 0x0 DEFINED (__AltInterrupt59)?ABSOLUTE (__AltInterrupt59):DEFINED (__Interrupt59)?ABSOLUTE (__Interrupt59):ABSOLUTE (__DefaultInterrupt)
                  0x000000          0x4 LONG 0x0 DEFINED (__AltInterrupt60)?ABSOLUTE (__AltInterrupt60):DEFINED (__Interrupt60)?ABSOLUTE (__Interrupt60):ABSOLUTE (__DefaultInterrupt)
                  0x000000          0x4 LONG 0x0 DEFINED (__AltInterrupt61)?ABSOLUTE (__AltInterrupt61):DEFINED (__Interrupt61)?ABSOLUTE (__Interrupt61):ABSOLUTE (__DefaultInterrupt)
                  0x000000          0x4 LONG 0x0 DEFINED (__AltInterrupt62)?ABSOLUTE (__AltInterrupt62):DEFINED (__Interrupt62)?ABSOLUTE (__Interrupt62):ABSOLUTE (__DefaultInterrupt)
                  0x000000          0x4 LONG 0x0 DEFINED (__AltInterrupt63)?ABSOLUTE (__AltInterrupt63):DEFINED (__Interrupt63)?ABSOLUTE (__Interrupt63):ABSOLUTE (__DefaultInterrupt)
                  0x000000          0x4 LONG 0x0 DEFINED (__AltInterrupt64)?ABSOLUTE (__AltInterrupt64):DEFINED (__Interrupt64)?ABSOLUTE (__Interrupt64):ABSOLUTE (__DefaultInterrupt)
                  0x000000          0x4 LONG 0x0 DEFINED (__AltU1ErrInterrupt)?ABSOLUTE (__AltU1ErrInterrupt):DEFINED (__U1ErrInterrupt)?ABSOLUTE (__U1ErrInterrupt):ABSOLUTE (__DefaultInterrupt)
                  0x000000          0x4 LONG 0x0 DEFINED (__AltU2ErrInterrupt)?ABSOLUTE (__AltU2ErrInterrupt):DEFINED (__U2ErrInterrupt)?ABSOLUTE (__U2ErrInterrupt):ABSOLUTE (__DefaultInterrupt)
                  0x000000          0x4 LONG 0x0 DEFINED (__AltInterrupt67)?ABSOLUTE (__AltInterrupt67):DEFINED (__Interrupt67)?ABSOLUTE (__Interrupt67):ABSOLUTE (__DefaultInterrupt)
                  0x000000          0x4 LONG 0x0 DEFINED (__AltInterrupt68)?ABSOLUTE (__AltInterrupt68):DEFINED (__Interrupt68)?ABSOLUTE (__Interrupt68):ABSOLUTE (__DefaultInterrupt)
                  0x000000          0x4 LONG 0x0 DEFINED (__AltInterrupt69)?ABSOLUTE (__AltInterrupt69):DEFINED (__Interrupt69)?ABSOLUTE (__Interrupt69):ABSOLUTE (__DefaultInterrupt)
                  0x000000          0x4 LONG 0x0 DEFINED (__AltC1TXInterrupt)?ABSOLUTE (__AltC1TXInterrupt):DEFINED (__C1TXInterrupt)?ABSOLUTE (__C1TXInterrupt):ABSOLUTE (__DefaultInterrupt)
                  0x000000          0x4 LONG 0x0 DEFINED (__AltInterrupt71)?ABSOLUTE (__AltInterrupt71):DEFINED (__Interrupt71)?ABSOLUTE (__Interrupt71):ABSOLUTE (__DefaultInterrupt)
                  0x000000          0x4 LONG 0x0 DEFINED (__AltInterrupt72)?ABSOLUTE (__AltInterrupt72):DEFINED (__Interrupt72)?ABSOLUTE (__Interrupt72):ABSOLUTE (__DefaultInterrupt)
                  0x000000          0x4 LONG 0x0 DEFINED (__AltInterrupt73)?ABSOLUTE (__AltInterrupt73):DEFINED (__Interrupt73)?ABSOLUTE (__Interrupt73):ABSOLUTE (__DefaultInterrupt)
                  0x000000          0x4 LONG 0x0 DEFINED (__AltInterrupt74)?ABSOLUTE (__AltInterrupt74):DEFINED (__Interrupt74)?ABSOLUTE (__Interrupt74):ABSOLUTE (__DefaultInterrupt)
                  0x000000          0x4 LONG 0x0 DEFINED (__AltInterrupt75)?ABSOLUTE (__AltInterrupt75):DEFINED (__Interrupt75)?ABSOLUTE (__Interrupt75):ABSOLUTE (__DefaultInterrupt)
                  0x000000          0x4 LONG 0x0 DEFINED (__AltInterrupt76)?ABSOLUTE (__AltInterrupt76):DEFINED (__Interrupt76)?ABSOLUTE (__Interrupt76):ABSOLUTE (__DefaultInterrupt)
                  0x000000          0x4 LONG 0x0 DEFINED (__AltCTMUInterrupt)?ABSOLUTE (__AltCTMUInterrupt):DEFINED (__CTMUInterrupt)?ABSOLUTE (__CTMUInterrupt):ABSOLUTE (__DefaultInterrupt)
                  0x000000          0x4 LONG 0x0 DEFINED (__AltInterrupt78)?ABSOLUTE (__AltInterrupt78):DEFINED (__Interrupt78)?ABSOLUTE (__Interrupt78):ABSOLUTE (__DefaultInterrupt)
                  0x000000          0x4 LONG 0x0 DEFINED (__AltInterrupt79)?ABSOLUTE (__AltInterrupt79):DEFINED (__Interrupt79)?ABSOLUTE (__Interrupt79):ABSOLUTE (__DefaultInterrupt)
                  0x000000          0x4 LONG 0x0 DEFINED (__AltInterrupt80)?ABSOLUTE (__AltInterrupt80):DEFINED (__Interrupt80)?ABSOLUTE (__Interrupt80):ABSOLUTE (__DefaultInterrupt)
                  0x000000          0x4 LONG 0x0 DEFINED (__AltInterrupt81)?ABSOLUTE (__AltInterrupt81):DEFINED (__Interrupt81)?ABSOLUTE (__Interrupt81):ABSOLUTE (__DefaultInterrupt)
                  0x000000          0x4 LONG 0x0 DEFINED (__AltInterrupt82)?ABSOLUTE (__AltInterrupt82):DEFINED (__Interrupt82)?ABSOLUTE (__Interrupt82):ABSOLUTE (__DefaultInterrupt)
                  0x000000          0x4 LONG 0x0 DEFINED (__AltInterrupt83)?ABSOLUTE (__AltInterrupt83):DEFINED (__Interrupt83)?ABSOLUTE (__Interrupt83):ABSOLUTE (__DefaultInterrupt)
                  0x000000          0x4 LONG 0x0 DEFINED (__AltInterrupt84)?ABSOLUTE (__AltInterrupt84):DEFINED (__Interrupt84)?ABSOLUTE (__Interrupt84):ABSOLUTE (__DefaultInterrupt)
                  0x000000          0x4 LONG 0x0 DEFINED (__AltInterrupt85)?ABSOLUTE (__AltInterrupt85):DEFINED (__Interrupt85)?ABSOLUTE (__Interrupt85):ABSOLUTE (__DefaultInterrupt)
                  0x000000          0x4 LONG 0x0 DEFINED (__AltInterrupt86)?ABSOLUTE (__AltInterrupt86):DEFINED (__Interrupt86)?ABSOLUTE (__Interrupt86):ABSOLUTE (__DefaultInterrupt)
                  0x000000          0x4 LONG 0x0 DEFINED (__AltInterrupt87)?ABSOLUTE (__AltInterrupt87):DEFINED (__Interrupt87)?ABSOLUTE (__Interrupt87):ABSOLUTE (__DefaultInterrupt)
                  0x000000          0x4 LONG 0x0 DEFINED (__AltInterrupt88)?ABSOLUTE (__AltInterrupt88):DEFINED (__Interrupt88)?ABSOLUTE (__Interrupt88):ABSOLUTE (__DefaultInterrupt)
                  0x000000          0x4 LONG 0x0 DEFINED (__AltInterrupt89)?ABSOLUTE (__AltInterrupt89):DEFINED (__Interrupt89)?ABSOLUTE (__Interrupt89):ABSOLUTE (__DefaultInterrupt)
                  0x000000          0x4 LONG 0x0 DEFINED (__AltInterrupt90)?ABSOLUTE (__AltInterrupt90):DEFINED (__Interrupt90)?ABSOLUTE (__Interrupt90):ABSOLUTE (__DefaultInterrupt)
                  0x000000          0x4 LONG 0x0 DEFINED (__AltInterrupt91)?ABSOLUTE (__AltInterrupt91):DEFINED (__Interrupt91)?ABSOLUTE (__Interrupt91):ABSOLUTE (__DefaultInterrupt)
                  0x000000          0x4 LONG 0x0 DEFINED (__AltInterrupt92)?ABSOLUTE (__AltInterrupt92):DEFINED (__Interrupt92)?ABSOLUTE (__Interrupt92):ABSOLUTE (__DefaultInterrupt)
                  0x000000          0x4 LONG 0x0 DEFINED (__AltInterrupt93)?ABSOLUTE (__AltInterrupt93):DEFINED (__Interrupt93)?ABSOLUTE (__Interrupt93):ABSOLUTE (__DefaultInterrupt)
                  0x000000          0x4 LONG 0x0 DEFINED (__AltPWM1Interrupt)?ABSOLUTE (__AltPWM1Interrupt):DEFINED (__PWM1Interrupt)?ABSOLUTE (__PWM1Interrupt):ABSOLUTE (__DefaultInterrupt)
                  0x000000          0x4 LONG 0x0 DEFINED (__AltPWM2Interrupt)?ABSOLUTE (__AltPWM2Interrupt):DEFINED (__PWM2Interrupt)?ABSOLUTE (__PWM2Interrupt):ABSOLUTE (__DefaultInterrupt)
                  0x000000          0x4 LONG 0x0 DEFINED (__AltPWM3Interrupt)?ABSOLUTE (__AltPWM3Interrupt):DEFINED (__PWM3Interrupt)?ABSOLUTE (__PWM3Interrupt):ABSOLUTE (__DefaultInterrupt)
                  0x000000          0x4 LONG 0x0 DEFINED (__AltInterrupt97)?ABSOLUTE (__AltInterrupt97):DEFINED (__Interrupt97)?ABSOLUTE (__Interrupt97):ABSOLUTE (__DefaultInterrupt)
                  0x000000          0x4 LONG 0x0 DEFINED (__AltInterrupt98)?ABSOLUTE (__AltInterrupt98):DEFINED (__Interrupt98)?ABSOLUTE (__Interrupt98):ABSOLUTE (__DefaultInterrupt)
                  0x000000          0x4 LONG 0x0 DEFINED (__AltInterrupt99)?ABSOLUTE (__AltInterrupt99):DEFINED (__Interrupt99)?ABSOLUTE (__Interrupt99):ABSOLUTE (__DefaultInterrupt)
                  0x000000          0x4 LONG 0x0 DEFINED (__AltInterrupt100)?ABSOLUTE (__AltInterrupt100):DEFINED (__Interrupt100)?ABSOLUTE (__Interrupt100):ABSOLUTE (__DefaultInterrupt)
                  0x000000          0x4 LONG 0x0 DEFINED (__AltInterrupt101)?ABSOLUTE (__AltInterrupt101):DEFINED (__Interrupt101)?ABSOLUTE (__Interrupt101):ABSOLUTE (__DefaultInterrupt)
                  0x000000          0x4 LONG 0x0 DEFINED (__AltInterrupt102)?ABSOLUTE (__AltInterrupt102):DEFINED (__Interrupt102)?ABSOLUTE (__Interrupt102):ABSOLUTE (__DefaultInterrupt)
                  0x000000          0x4 LONG 0x0 DEFINED (__AltInterrupt103)?ABSOLUTE (__AltInterrupt103):DEFINED (__Interrupt103)?ABSOLUTE (__Interrupt103):ABSOLUTE (__DefaultInterrupt)
                  0x000000          0x4 LONG 0x0 DEFINED (__AltInterrupt104)?ABSOLUTE (__AltInterrupt104):DEFINED (__Interrupt104)?ABSOLUTE (__Interrupt104):ABSOLUTE (__DefaultInterrupt)
                  0x000000          0x4 LONG 0x0 DEFINED (__AltInterrupt105)?ABSOLUTE (__AltInterrupt105):DEFINED (__Interrupt105)?ABSOLUTE (__Interrupt105):ABSOLUTE (__DefaultInterrupt)
                  0x000000          0x4 LONG 0x0 DEFINED (__AltInterrupt106)?ABSOLUTE (__AltInterrupt106):DEFINED (__Interrupt106)?ABSOLUTE (__Interrupt106):ABSOLUTE (__DefaultInterrupt)
                  0x000000          0x4 LONG 0x0 DEFINED (__AltInterrupt107)?ABSOLUTE (__AltInterrupt107):DEFINED (__Interrupt107)?ABSOLUTE (__Interrupt107):ABSOLUTE (__DefaultInterrupt)
                  0x000000          0x4 LONG 0x0 DEFINED (__AltInterrupt108)?ABSOLUTE (__AltInterrupt108):DEFINED (__Interrupt108)?ABSOLUTE (__Interrupt108):ABSOLUTE (__DefaultInterrupt)
                  0x000000          0x4 LONG 0x0 DEFINED (__AltInterrupt109)?ABSOLUTE (__AltInterrupt109):DEFINED (__Interrupt109)?ABSOLUTE (__Interrupt109):ABSOLUTE (__DefaultInterrupt)
                  0x000000          0x4 LONG 0x0 DEFINED (__AltInterrupt110)?ABSOLUTE (__AltInterrupt110):DEFINED (__Interrupt110)?ABSOLUTE (__Interrupt110):ABSOLUTE (__DefaultInterrupt)
                  0x000000          0x4 LONG 0x0 DEFINED (__AltInterrupt111)?ABSOLUTE (__AltInterrupt111):DEFINED (__Interrupt111)?ABSOLUTE (__Interrupt111):ABSOLUTE (__DefaultInterrupt)
                  0x000000          0x4 LONG 0x0 DEFINED (__AltInterrupt112)?ABSOLUTE (__AltInterrupt112):DEFINED (__Interrupt112)?ABSOLUTE (__Interrupt112):ABSOLUTE (__DefaultInterrupt)
                  0x000000          0x4 LONG 0x0 DEFINED (__AltInterrupt113)?ABSOLUTE (__AltInterrupt113):DEFINED (__Interrupt113)?ABSOLUTE (__Interrupt113):ABSOLUTE (__DefaultInterrupt)
                  0x000000          0x4 LONG 0x0 DEFINED (__AltInterrupt114)?ABSOLUTE (__AltInterrupt114):DEFINED (__Interrupt114)?ABSOLUTE (__Interrupt114):ABSOLUTE (__DefaultInterrupt)
                  0x000000          0x4 LONG 0x0 DEFINED (__AltInterrupt115)?ABSOLUTE (__AltInterrupt115):DEFINED (__Interrupt115)?ABSOLUTE (__Interrupt115):ABSOLUTE (__DefaultInterrupt)
                  0x000000          0x4 LONG 0x0 DEFINED (__AltInterrupt116)?ABSOLUTE (__AltInterrupt116):DEFINED (__Interrupt116)?ABSOLUTE (__Interrupt116):ABSOLUTE (__DefaultInterrupt)
                  0x000000          0x4 LONG 0x0 DEFINED (__AltInterrupt117)?ABSOLUTE (__AltInterrupt117):DEFINED (__Interrupt117)?ABSOLUTE (__Interrupt117):ABSOLUTE (__DefaultInterrupt)
                  0x000000          0x4 LONG 0x0 DEFINED (__AltInterrupt118)?ABSOLUTE (__AltInterrupt118):DEFINED (__Interrupt118)?ABSOLUTE (__Interrupt118):ABSOLUTE (__DefaultInterrupt)
                  0x000000          0x4 LONG 0x0 DEFINED (__AltInterrupt119)?ABSOLUTE (__AltInterrupt119):DEFINED (__Interrupt119)?ABSOLUTE (__Interrupt119):ABSOLUTE (__DefaultInterrupt)
                  0x000000          0x4 LONG 0x0 DEFINED (__AltInterrupt120)?ABSOLUTE (__AltInterrupt120):DEFINED (__Interrupt120)?ABSOLUTE (__Interrupt120):ABSOLUTE (__DefaultInterrupt)
                  0x000000          0x4 LONG 0x0 DEFINED (__AltInterrupt121)?ABSOLUTE (__AltInterrupt121):DEFINED (__Interrupt121)?ABSOLUTE (__Interrupt121):ABSOLUTE (__DefaultInterrupt)
                  0x000000          0x4 LONG 0x0 DEFINED (__AltInterrupt122)?ABSOLUTE (__AltInterrupt122):DEFINED (__Interrupt122)?ABSOLUTE (__Interrupt122):ABSOLUTE (__DefaultInterrupt)
                  0x000000          0x4 LONG 0x0 DEFINED (__AltInterrupt123)?ABSOLUTE (__AltInterrupt123):DEFINED (__Interrupt123)?ABSOLUTE (__Interrupt123):ABSOLUTE (__DefaultInterrupt)
                  0x000000          0x4 LONG 0x0 DEFINED (__AltInterrupt124)?ABSOLUTE (__AltInterrupt124):DEFINED (__Interrupt124)?ABSOLUTE (__Interrupt124):ABSOLUTE (__DefaultInterrupt)
                  0x000000          0x4 LONG 0x0 DEFINED (__AltInterrupt125)?ABSOLUTE (__AltInterrupt125):DEFINED (__Interrupt125)?ABSOLUTE (__Interrupt125):ABSOLUTE (__DefaultInterrupt)
                  0x000000          0x4 LONG 0x0 DEFINED (__AltInterrupt126)?ABSOLUTE (__AltInterrupt126):DEFINED (__Interrupt126)?ABSOLUTE (__Interrupt126):ABSOLUTE (__DefaultInterrupt)
                  0x000000          0x4 LONG 0x0 DEFINED (__AltInterrupt127)?ABSOLUTE (__AltInterrupt127):DEFINED (__Interrupt127)?ABSOLUTE (__Interrupt127):ABSOLUTE (__DefaultInterrupt)
                  0x000000          0x4 LONG 0x0 DEFINED (__AltInterrupt128)?ABSOLUTE (__AltInterrupt128):DEFINED (__Interrupt128)?ABSOLUTE (__Interrupt128):ABSOLUTE (__DefaultInterrupt)
                  0x000000          0x4 LONG 0x0 DEFINED (__AltInterrupt129)?ABSOLUTE (__AltInterrupt129):DEFINED (__Interrupt129)?ABSOLUTE (__Interrupt129):ABSOLUTE (__DefaultInterrupt)
                  0x000000          0x4 LONG 0x0 DEFINED (__AltInterrupt130)?ABSOLUTE (__AltInterrupt130):DEFINED (__Interrupt130)?ABSOLUTE (__Interrupt130):ABSOLUTE (__DefaultInterrupt)
                  0x000000          0x4 LONG 0x0 DEFINED (__AltInterrupt131)?ABSOLUTE (__AltInterrupt131):DEFINED (__Interrupt131)?ABSOLUTE (__Interrupt131):ABSOLUTE (__DefaultInterrupt)
                  0x000000          0x4 LONG 0x0 DEFINED (__AltInterrupt132)?ABSOLUTE (__AltInterrupt132):DEFINED (__Interrupt132)?ABSOLUTE (__Interrupt132):ABSOLUTE (__DefaultInterrupt)
                  0x000000          0x4 LONG 0x0 DEFINED (__AltInterrupt133)?ABSOLUTE (__AltInterrupt133):DEFINED (__Interrupt133)?ABSOLUTE (__Interrupt133):ABSOLUTE (__DefaultInterrupt)
                  0x000000          0x4 LONG 0x0 DEFINED (__AltInterrupt134)?ABSOLUTE (__AltInterrupt134):DEFINED (__Interrupt134)?ABSOLUTE (__Interrupt134):ABSOLUTE (__DefaultInterrupt)
                  0x000000          0x4 LONG 0x0 DEFINED (__AltInterrupt135)?ABSOLUTE (__AltInterrupt135):DEFINED (__Interrupt135)?ABSOLUTE (__Interrupt135):ABSOLUTE (__DefaultInterrupt)
                  0x000000          0x4 LONG 0x0 DEFINED (__AltInterrupt136)?ABSOLUTE (__AltInterrupt136):DEFINED (__Interrupt136)?ABSOLUTE (__Interrupt136):ABSOLUTE (__DefaultInterrupt)
                  0x000000          0x4 LONG 0x0 DEFINED (__AltInterrupt137)?ABSOLUTE (__AltInterrupt137):DEFINED (__Interrupt137)?ABSOLUTE (__Interrupt137):ABSOLUTE (__DefaultInterrupt)
                  0x000000          0x4 LONG 0x0 DEFINED (__AltInterrupt138)?ABSOLUTE (__AltInterrupt138):DEFINED (__Interrupt138)?ABSOLUTE (__Interrupt138):ABSOLUTE (__DefaultInterrupt)
                  0x000000          0x4 LONG 0x0 DEFINED (__AltInterrupt139)?ABSOLUTE (__AltInterrupt139):DEFINED (__Interrupt139)?ABSOLUTE (__Interrupt139):ABSOLUTE (__DefaultInterrupt)
                  0x000000          0x4 LONG 0x0 DEFINED (__AltInterrupt140)?ABSOLUTE (__AltInterrupt140):DEFINED (__Interrupt140)?ABSOLUTE (__Interrupt140):ABSOLUTE (__DefaultInterrupt)
                  0x000000          0x4 LONG 0x0 DEFINED (__AltInterrupt141)?ABSOLUTE (__AltInterrupt141):DEFINED (__Interrupt141)?ABSOLUTE (__Interrupt141):ABSOLUTE (__DefaultInterrupt)
                  0x000000          0x4 LONG 0x0 DEFINED (__AltICDInterrupt)?ABSOLUTE (__AltICDInterrupt):DEFINED (__ICDInterrupt)?ABSOLUTE (__ICDInterrupt):ABSOLUTE (__DefaultInterrupt)
                  0x000000          0x4 LONG 0x0 DEFINED (__AltInterrupt143)?ABSOLUTE (__AltInterrupt143):DEFINED (__Interrupt143)?ABSOLUTE (__Interrupt143):ABSOLUTE (__DefaultInterrupt)
                  0x000000          0x4 LONG 0x0 DEFINED (__AltInterrupt144)?ABSOLUTE (__AltInterrupt144):DEFINED (__Interrupt144)?ABSOLUTE (__Interrupt144):ABSOLUTE (__DefaultInterrupt)
                  0x000000          0x4 LONG 0x0 DEFINED (__AltInterrupt145)?ABSOLUTE (__AltInterrupt145):DEFINED (__Interrupt145)?ABSOLUTE (__Interrupt145):ABSOLUTE (__DefaultInterrupt)
                  0x000000          0x4 LONG 0x0 DEFINED (__AltInterrupt146)?ABSOLUTE (__AltInterrupt146):DEFINED (__Interrupt146)?ABSOLUTE (__Interrupt146):ABSOLUTE (__DefaultInterrupt)
                  0x000000          0x4 LONG 0x0 DEFINED (__AltInterrupt147)?ABSOLUTE (__AltInterrupt147):DEFINED (__Interrupt147)?ABSOLUTE (__Interrupt147):ABSOLUTE (__DefaultInterrupt)
                  0x000000          0x4 LONG 0x0 DEFINED (__AltInterrupt148)?ABSOLUTE (__AltInterrupt148):DEFINED (__Interrupt148)?ABSOLUTE (__Interrupt148):ABSOLUTE (__DefaultInterrupt)
                  0x000000          0x4 LONG 0x0 DEFINED (__AltInterrupt149)?ABSOLUTE (__AltInterrupt149):DEFINED (__Interrupt149)?ABSOLUTE (__Interrupt149):ABSOLUTE (__DefaultInterrupt)
                  0x000000          0x4 LONG 0x0 DEFINED (__AltInterrupt150)?ABSOLUTE (__AltInterrupt150):DEFINED (__Interrupt150)?ABSOLUTE (__Interrupt150):ABSOLUTE (__DefaultInterrupt)
                  0x000000          0x4 LONG 0x0 DEFINED (__AltInterrupt151)?ABSOLUTE (__AltInterrupt151):DEFINED (__Interrupt151)?ABSOLUTE (__Interrupt151):ABSOLUTE (__DefaultInterrupt)
                  0x000000          0x4 LONG 0x0 DEFINED (__AltInterrupt152)?ABSOLUTE (__AltInterrupt152):DEFINED (__Interrupt152)?ABSOLUTE (__Interrupt152):ABSOLUTE (__DefaultInterrupt)
                  0x000000          0x4 LONG 0x0 DEFINED (__AltInterrupt153)?ABSOLUTE (__AltInterrupt153):DEFINED (__Interrupt153)?ABSOLUTE (__Interrupt153):ABSOLUTE (__DefaultInterrupt)
                  0x000000          0x4 LONG 0x0 DEFINED (__AltInterrupt154)?ABSOLUTE (__AltInterrupt154):DEFINED (__Interrupt154)?ABSOLUTE (__Interrupt154):ABSOLUTE (__DefaultInterrupt)
                  0x000000          0x4 LONG 0x0 DEFINED (__AltInterrupt155)?ABSOLUTE (__AltInterrupt155):DEFINED (__Interrupt155)?ABSOLUTE (__Interrupt155):ABSOLUTE (__DefaultInterrupt)
                  0x000000          0x4 LONG 0x0 DEFINED (__AltInterrupt156)?ABSOLUTE (__AltInterrupt156):DEFINED (__Interrupt156)?ABSOLUTE (__Interrupt156):ABSOLUTE (__DefaultInterrupt)
                  0x000000          0x4 LONG 0x0 DEFINED (__AltInterrupt157)?ABSOLUTE (__AltInterrupt157):DEFINED (__Interrupt157)?ABSOLUTE (__Interrupt157):ABSOLUTE (__DefaultInterrupt)
                  0x000000          0x4 LONG 0x0 DEFINED (__AltInterrupt158)?ABSOLUTE (__AltInterrupt158):DEFINED (__Interrupt158)?ABSOLUTE (__Interrupt158):ABSOLUTE (__DefaultInterrupt)
                  0x000000          0x4 LONG 0x0 DEFINED (__AltInterrupt159)?ABSOLUTE (__AltInterrupt159):DEFINED (__Interrupt159)?ABSOLUTE (__Interrupt159):ABSOLUTE (__DefaultInterrupt)
                  0x000000          0x4 LONG 0x0 DEFINED (__AltInterrupt160)?ABSOLUTE (__AltInterrupt160):DEFINED (__Interrupt160)?ABSOLUTE (__Interrupt160):ABSOLUTE (__DefaultInterrupt)
                  0x000000          0x4 LONG 0x0 DEFINED (__AltInterrupt161)?ABSOLUTE (__AltInterrupt161):DEFINED (__Interrupt161)?ABSOLUTE (__Interrupt161):ABSOLUTE (__DefaultInterrupt)
                  0x000000          0x4 LONG 0x0 DEFINED (__AltInterrupt162)?ABSOLUTE (__AltInterrupt162):DEFINED (__Interrupt162)?ABSOLUTE (__Interrupt162):ABSOLUTE (__DefaultInterrupt)
                  0x000000          0x4 LONG 0x0 DEFINED (__AltInterrupt163)?ABSOLUTE (__AltInterrupt163):DEFINED (__Interrupt163)?ABSOLUTE (__Interrupt163):ABSOLUTE (__DefaultInterrupt)
                  0x000000          0x4 LONG 0x0 DEFINED (__AltInterrupt164)?ABSOLUTE (__AltInterrupt164):DEFINED (__Interrupt164)?ABSOLUTE (__Interrupt164):ABSOLUTE (__DefaultInterrupt)
                  0x000000          0x4 LONG 0x0 DEFINED (__AltInterrupt165)?ABSOLUTE (__AltInterrupt165):DEFINED (__Interrupt165)?ABSOLUTE (__Interrupt165):ABSOLUTE (__DefaultInterrupt)
                  0x000000          0x4 LONG 0x0 DEFINED (__AltInterrupt166)?ABSOLUTE (__AltInterrupt166):DEFINED (__Interrupt166)?ABSOLUTE (__Interrupt166):ABSOLUTE (__DefaultInterrupt)
                  0x000000          0x4 LONG 0x0 DEFINED (__AltInterrupt167)?ABSOLUTE (__AltInterrupt167):DEFINED (__Interrupt167)?ABSOLUTE (__Interrupt167):ABSOLUTE (__DefaultInterrupt)
                  0x000000          0x4 LONG 0x0 DEFINED (__AltInterrupt168)?ABSOLUTE (__AltInterrupt168):DEFINED (__Interrupt168)?ABSOLUTE (__Interrupt168):ABSOLUTE (__DefaultInterrupt)
                  0x000000          0x4 LONG 0x0 DEFINED (__AltInterrupt169)?ABSOLUTE (__AltInterrupt169):DEFINED (__Interrupt169)?ABSOLUTE (__Interrupt169):ABSOLUTE (__DefaultInterrupt)
                  0x000000          0x4 LONG 0x0 DEFINED (__AltInterrupt170)?ABSOLUTE (__AltInterrupt170):DEFINED (__Interrupt170)?ABSOLUTE (__Interrupt170):ABSOLUTE (__DefaultInterrupt)
                  0x000000          0x4 LONG 0x0 DEFINED (__AltInterrupt171)?ABSOLUTE (__AltInterrupt171):DEFINED (__Interrupt171)?ABSOLUTE (__Interrupt171):ABSOLUTE (__DefaultInterrupt)
                  0x000000          0x4 LONG 0x0 DEFINED (__AltInterrupt172)?ABSOLUTE (__AltInterrupt172):DEFINED (__Interrupt172)?ABSOLUTE (__Interrupt172):ABSOLUTE (__DefaultInterrupt)
                  0x000000          0x4 LONG 0x0 DEFINED (__AltI2C1Interrupt)?ABSOLUTE (__AltI2C1Interrupt):DEFINED (__I2C1Interrupt)?ABSOLUTE (__I2C1Interrupt):ABSOLUTE (__DefaultInterrupt)
                  0x000000          0x4 LONG 0x0 DEFINED (__AltInterrupt174)?ABSOLUTE (__AltInterrupt174):DEFINED (__Interrupt174)?ABSOLUTE (__Interrupt174):ABSOLUTE (__DefaultInterrupt)
                  0x000000          0x4 LONG 0x0 DEFINED (__AltInterrupt175)?ABSOLUTE (__AltInterrupt175):DEFINED (__Interrupt175)?ABSOLUTE (__Interrupt175):ABSOLUTE (__DefaultInterrupt)
                  0x000000          0x4 LONG 0x0 DEFINED (__AltInterrupt176)?ABSOLUTE (__AltInterrupt176):DEFINED (__Interrupt176)?ABSOLUTE (__Interrupt176):ABSOLUTE (__DefaultInterrupt)
                  0x000000          0x4 LONG 0x0 DEFINED (__AltInterrupt177)?ABSOLUTE (__AltInterrupt177):DEFINED (__Interrupt177)?ABSOLUTE (__Interrupt177):ABSOLUTE (__DefaultInterrupt)
                  0x000000          0x4 LONG 0x0 DEFINED (__AltInterrupt178)?ABSOLUTE (__AltInterrupt178):DEFINED (__Interrupt178)?ABSOLUTE (__Interrupt178):ABSOLUTE (__DefaultInterrupt)
                  0x000000          0x4 LONG 0x0 DEFINED (__AltInterrupt179)?ABSOLUTE (__AltInterrupt179):DEFINED (__Interrupt179)?ABSOLUTE (__Interrupt179):ABSOLUTE (__DefaultInterrupt)
                  0x000000          0x4 LONG 0x0 DEFINED (__AltInterrupt180)?ABSOLUTE (__AltInterrupt180):DEFINED (__Interrupt180)?ABSOLUTE (__Interrupt180):ABSOLUTE (__DefaultInterrupt)
                  0x000000          0x4 LONG 0x0 DEFINED (__AltInterrupt181)?ABSOLUTE (__AltInterrupt181):DEFINED (__Interrupt181)?ABSOLUTE (__Interrupt181):ABSOLUTE (__DefaultInterrupt)
                  0x000000          0x4 LONG 0x0 DEFINED (__AltSENT1ERRInterrupt)?ABSOLUTE (__AltSENT1ERRInterrupt):DEFINED (__SENT1ERRInterrupt)?ABSOLUTE (__SENT1ERRInterrupt):ABSOLUTE (__DefaultInterrupt)
                  0x000000          0x4 LONG 0x0 DEFINED (__AltSENT1Interrupt)?ABSOLUTE (__AltSENT1Interrupt):DEFINED (__SENT1Interrupt)?ABSOLUTE (__SENT1Interrupt):ABSOLUTE (__DefaultInterrupt)
                  0x000000          0x4 LONG 0x0 DEFINED (__AltSENT2ERRInterrupt)?ABSOLUTE (__AltSENT2ERRInterrupt):DEFINED (__SENT2ERRInterrupt)?ABSOLUTE (__SENT2ERRInterrupt):ABSOLUTE (__DefaultInterrupt)
                  0x000000          0x4 LONG 0x0 DEFINED (__AltSENT2Interrupt)?ABSOLUTE (__AltSENT2Interrupt):DEFINED (__SENT2Interrupt)?ABSOLUTE (__SENT2Interrupt):ABSOLUTE (__DefaultInterrupt)
                  0x000000          0x4 LONG 0x0 DEFINED (__AltECCSBEInterrupt)?ABSOLUTE (__AltECCSBEInterrupt):DEFINED (__ECCSBEInterrupt)?ABSOLUTE (__ECCSBEInterrupt):ABSOLUTE (__DefaultInterrupt)
                    0x0000                  WREG0 = 0x0
                    0x0000                  _WREG0 = 0x0
                    0x0002                  WREG1 = 0x2