Microchip Technology Inc, v1.25 (A)

Tool Name:
  c:\program files (x86)\microchip\xc16\v1.25\bin\bin\..\bin/elf-ld.exe

Command:
  -p33EV128GM004 \
  -o \
  dist/Version_E/production/R041_MasterFirmware.X.production.elf \
  -Lc:/program files (x86)/microchip/xc16/v1.25/bin/bin/.. \
  -Lc:/program files (x86)/microchip/xc16/v1.25/bin/bin/../../lib \
  -Lc:/program files (x86)/microchip/xc16/v1.25/bin/bin/../../support/PIC24E/gld \
  -Lc:/program files (x86)/microchip/xc16/v1.25/bin/bin/../../support/PIC24F/gld \
  -Lc:/program files (x86)/microchip/xc16/v1.25/bin/bin/../../support/PIC24H/gld \
  -Lc:/program files (x86)/microchip/xc16/v1.25/bin/bin/../../support/dsPIC30F/gld \
  -Lc:/program files (x86)/microchip/xc16/v1.25/bin/bin/../../support/dsPIC33E/gld \
  -Lc:/program files (x86)/microchip/xc16/v1.25/bin/bin/../../support/dsPIC33F/gld \
  build/Version_E/production/_files/adc/adc.o \
  build/Version_E/production/_files/cellule/cellule.o \
  build/Version_E/production/_files/com_packet/com_packet.o \
  build/Version_E/production/_files/door/door_security.o \
  build/Version_E/production/_files/eeprom/eeprom_events.o \
  build/Version_E/production/_files/eeprom/eeprom_variables.o \
  build/Version_E/production/_files/embedded_flash/embedded_flash.o \
  build/Version_E/production/_files/errors/errors.o \
  build/Version_E/production/_files/flash/flash.o \
  build/Version_E/production/_files/force_keepalive/force_keepalive.o \
  build/Version_E/production/_files/gsm/gsm.o \
  build/Version_E/production/_files/i2c/i2c.o \
  build/Version_E/production/_files/i2c/i2c_user.o \
  build/Version_E/production/_files/motor/motor.o \
  build/Version_E/production/_files/motor/motor_auto.o \
  build/Version_E/production/_files/motor/motor_init.o \
  build/Version_E/production/_files/motor/motor_manu.o \
  build/Version_E/production/_files/poster/poster.o \
  build/Version_E/production/_files/slave_status/slave_status.o \
  build/Version_E/production/_files/synchro_ext/synchro_ext.o \
  build/Version_E/production/_files/telecommand/telecommande.o \
  build/Version_E/production/_files/temporary_stop/temporary_stop.o \
  build/Version_E/production/_files/timers/timer_100ms.o \
  build/Version_E/production/_files/timers/timer_1ms.o \
  build/Version_E/production/_files/timers/timer_pulses.o \
  build/Version_E/production/_files/tools/tools.o \
  build/Version_E/production/_files/uart_motor/uart_motor.o \
  build/Version_E/production/_files/uart_motor/uart_motor_protocole.o \
  build/Version_E/production/_files/uart_system/uart_system.o \
  build/Version_E/production/_files/uart_system/uart_packet_system.o \
  build/Version_E/production/_files/main.o \
  --local-stack \
  --defsym=__MPLAB_BUILD=1 \
  -Tp33EV128GM004.gld.00 \
  --stack=16 \
  --check-sections \
  --data-init \
  --pack-data \
  --handles \
  --isr \
  --no-gc-sections \
  --fill-upper=0 \
  --stackguard=16 \
  --no-force-link \
  --smart-io \
  -Map=dist/Version_E/production/R041_MasterFirmware.X.production.map \
  --report-mem \
  --memorysummary \
  dist/Version_E/production/memoryfile.xml \
  -start-group \
  --library=pic30-elf \
  --library=m-elf \
  --library=c-elf \
  -end-group \


Optional library libp33EV128GM004.a not found
Archive member included because of file (symbol)

c:/program files (x86)/microchip/xc16/v1.25/bin/bin/../../lib\libpic30-elf.a(crt0_extendedep.o)
                              (__resetPRI)
c:/program files (x86)/microchip/xc16/v1.25/bin/bin/../../lib\libpic30-elf.a(data_init_extendedep.o)
                              c:/program files (x86)/microchip/xc16/v1.25/bin/bin/../../lib\libpic30-elf.a(crt0_extendedep.o) (__data_init_extended)
c:/program files (x86)/microchip/xc16/v1.25/bin/bin/../../lib\libpic30-elf.a(delay32ep.eo)
                              build/Version_E/production/_files/adc/adc.o (___delay32)
c:/program files (x86)/microchip/xc16/v1.25/bin/bin/../../lib\libm-elf.a(addsf3.epeo)
                              build/Version_E/production/_files/motor/motor_init.o (___subsf3)
c:/program files (x86)/microchip/xc16/v1.25/bin/bin/../../lib\libm-elf.a(divsf3.epeo)
                              build/Version_E/production/_files/adc/adc.o (___divsf3)
c:/program files (x86)/microchip/xc16/v1.25/bin/bin/../../lib\libm-elf.a(feqltle.epeo)
                              build/Version_E/production/_files/motor/motor.o (___eqsf2)
c:/program files (x86)/microchip/xc16/v1.25/bin/bin/../../lib\libm-elf.a(fgtge.epeo)
                              build/Version_E/production/_files/motor/motor_auto.o (___gtsf2)
c:/program files (x86)/microchip/xc16/v1.25/bin/bin/../../lib\libm-elf.a(fixsfsi.epeo)
                              build/Version_E/production/_files/slave_status/slave_status.o (_(float, int, long long, short, float, short, int))
c:/program files (x86)/microchip/xc16/v1.25/bin/bin/../../lib\libm-elf.a(fixunssfsi.epeo)
                              build/Version_E/production/_files/adc/adc.o (___fixunssfsi)
[...]
Memory Configuration

Name             Origin             Length             Attributes
data             0x001000           0x002000           a !xr
reset            0x000000           0x000004  
ivt              0x000004           0x0001fc  
program          0x000c08           0x011bf8           xr
FSEC             0x015780           0x000002  
FBSLIM           0x015790           0x000002  
FOSCSEL          0x015798           0x000002  
FOSC             0x01579c           0x000002  
FWDT             0x0157a0           0x000002  
FPOR             0x0157a4           0x000002  
FICD             0x0157a8           0x000002  
FDMTINTVL        0x0157ac           0x000002  
FDMTINTVH        0x0157b0           0x000002  
FDMTCNTL         0x0157b4           0x000002  
FDMTCNTH         0x0157b8           0x000002  
FDMT             0x0157bc           0x000002  
FDEVOPT          0x0157c0           0x000002  
FALTREG          0x0157c4           0x000002  
*default*        0x000000           0xffffffff  

Linker script and memory map

LOAD build/Version_E/production/_files/adc/adc.o
LOAD build/Version_E/production/_files/cellule/cellule.o
LOAD build/Version_E/production/_files/com_packet/com_packet.o
LOAD build/Version_E/production/_files/door/door_security.o
LOAD build/Version_E/production/_files/eeprom/eeprom_events.o
LOAD build/Version_E/production/_files/eeprom/eeprom_variables.o
LOAD build/Version_E/production/_files/embedded_flash/embedded_flash.o
LOAD build/Version_E/production/_files/errors/errors.o
LOAD build/Version_E/production/_files/flash/flash.o
LOAD build/Version_E/production/_files/force_keepalive/force_keepalive.o
LOAD build/Version_E/production/_files/gsm/gsm.o
LOAD build/Version_E/production/_files/i2c/i2c.o
LOAD build/Version_E/production/_files/i2c/i2c_user.o
LOAD build/Version_E/production/_files/motor/motor.o
LOAD build/Version_E/production/_files/motor/motor_auto.o
LOAD build/Version_E/production/_files/motor/motor_init.o
LOAD build/Version_E/production/_files/motor/motor_manu.o
LOAD build/Version_E/production/_files/poster/poster.o
LOAD build/Version_E/production/_files/slave_status/slave_status.o
LOAD build/Version_E/production/_files/synchro_ext/synchro_ext.o
LOAD build/Version_E/production/_files/telecommand/telecommande.o
LOAD build/Version_E/production/_files/temporary_stop/temporary_stop.o
LOAD build/Version_E/production/_files/timers/timer_100ms.o
LOAD build/Version_E/production/_files/timers/timer_1ms.o
LOAD build/Version_E/production/_files/timers/timer_pulses.o
LOAD build/Version_E/production/_files/tools/tools.o
LOAD build/Version_E/production/_files/uart_motor/uart_motor.o
LOAD build/Version_E/production/_files/uart_motor/uart_motor_protocole.o
LOAD build/Version_E/production/_files/uart_system/uart_system.o
LOAD build/Version_E/production/_files/uart_system/uart_packet_system.o
LOAD build/Version_E/production/_files/main.o
                    0x0001                  __MPLAB_BUILD = 0x1
LOAD p33EV128GM004
LOAD c:/program files (x86)/microchip/xc16/v1.25/bin/bin/../../lib\libfx-elf.a
                    0x15780                  __FSEC = 0x15780
                    0x15790                  __FBSLIM = 0x15790
                    0x15798                  __FOSCSEL = 0x15798
                    0x1579c                  __FOSC = 0x1579c
                    0x157a0                  __FWDT = 0x157a0
                    0x157a4                  __FPOR = 0x157a4
                    0x157a8                  __FICD = 0x157a8
                    0x157ac                  __FDMTINTVL = 0x157ac
                    0x157b0                  __FDMTINTVH = 0x157b0
                    0x157b4                  __FDMTCNTL = 0x157b4
                    0x157b8                  __FDMTCNTH = 0x157b8
                    0x157bc                  __FDMT = 0x157bc
                    0x157c0                  __FDEVOPT = 0x157c0
                    0x157c4                  __FALTREG = 0x157c4
                    0x0c08                  __CODE_BASE = 0xc08
                    0x117f8                  __CODE_LENGTH = 0x117f8
                    0x0004                  __IVT_BASE = 0x4
                    0x0800                  __AIVT_BASE = 0x800
                    0x1000                  __DATA_BASE = 0x1000
                    0x2000                  __DATA_LENGTH = 0x2000
                    0x2000                  __YDATA_BASE = 0x2000

.reset            0x000000          0x4
                  0x000000          0x2 SHORT 0xc08 ABSOLUTE (__reset)
                  0x000001          0x2 SHORT 0x4
                  0x000002          0x2 SHORT 0x0 ((ABSOLUTE (__reset) >> 0x10) & 0x7f)
                  0x000003          0x2 SHORT 0x0

.text             0x000c08        0x5a4
 *(.init)
 .init            0x000c08         0x38 c:/program files (x86)/microchip/xc16/v1.25/bin/bin/../../lib\libpic30-elf.a(crt0_extendedep.o)
                  0x000c08                  __resetPRI
                  0x000c08                  __reset
                  0x000c34                  __psv_init
 .init            0x000c40         0x9a c:/program files (x86)/microchip/xc16/v1.25/bin/bin/../../lib\libpic30-elf.a(data_init_extendedep.o)
                  0x000c40                  __data_init
                  0x000c40                  __data_init_extended
 *(.user_init)
 *(.handle)
 .handle          0x000cda         0x50 jump_table
 *(.isr*)
 .isr             0x000d2a          0x4 default_isr
                  0x000d2a                  __DefaultInterrupt
 *(.libc)
 *(.libm)
 *(.libdsp)
 *(.lib*)
 .libm.subsf3     0x000d2e         0xbc c:/program files (x86)/microchip/xc16/v1.25/bin/bin/../../lib\libm-elf.a(addsf3.epeo)
                  0x000d2e                  ___subsf3
                  0x000d30                  ___addsf3
 .libm.divfs3     0x000dea         0x84 c:/program files (x86)/microchip/xc16/v1.25/bin/bin/../../lib\libm-elf.a(divsf3.epeo)
                  0x000dea                  ___divsf3
 .libm.eqsf2      0x000e6e          0x4 c:/program files (x86)/microchip/xc16/v1.25/bin/bin/../../lib\libm-elf.a(feqltle.epeo)
                  0x000e6e                  ___eqsf2
                  0x000e6e                  ___ltsf2
                  0x000e6e                  ___lesf2
 .libm.gtsf2      0x000e72          0x4 c:/program files (x86)/microchip/xc16/v1.25/bin/bin/../../lib\libm-elf.a(fgtge.epeo)
                  0x000e72                  ___gesf2
                  0x000e72                  ___gtsf2
 .libm.fixsfsi    0x000e76         0x42 c:/program files (x86)/microchip/xc16/v1.25/bin/bin/../../lib\libm-elf.a(fixsfsi.epeo)
                  0x000e76                  _(float, int, long long, short, float, short, int)
 .libm.fixunssfsi
                  0x000eb8         0x36 c:/program files (x86)/microchip/xc16/v1.25/bin/bin/../../lib\libm-elf.a(fixunssfsi.epeo)
                  0x000eb8                  ___fixunssfsi
 .libm.floatsisf
                  0x000eee          0x6 c:/program files (x86)/microchip/xc16/v1.25/bin/bin/../../lib\libm-elf.a(floatsisf.epeo)
                  0x000eee                  ___floatsisf
 .libm.floatunsisf
                  0x000ef4          0x4 c:/program files (x86)/microchip/xc16/v1.25/bin/bin/../../lib\libm-elf.a(floatunsisf.epeo)
                  0x000ef4                  ___floatunsisf
 .libm.nesf2      0x000ef8          0x4 c:/program files (x86)/microchip/xc16/v1.25/bin/bin/../../lib\libm-elf.a(fne.epeo)
                  0x000ef8                  ___nesf2
 .libm.fpack      0x000efc         0x4c c:/program files (x86)/microchip/xc16/v1.25/bin/bin/../../lib\libm-elf.a(fpack.epeo)
                  0x000efc                  __fpack
 .libm.funpack    0x000f48         0x2a c:/program files (x86)/microchip/xc16/v1.25/bin/bin/../../lib\libm-elf.a(funpack.epeo)
                  0x000f48                  __funpack
 .libm.funpack2
                  0x000f72         0x10 c:/program files (x86)/microchip/xc16/v1.25/bin/bin/../../lib\libm-elf.a(funpack2.epeo)
                  0x000f72                  __funpack2
 .libm.fPropagateNaN
                  0x000f82         0x12 c:/program files (x86)/microchip/xc16/v1.25/bin/bin/../../lib\libm-elf.a(futil.epeo)
                  0x000f82                  __fPropagateNaN
 .libm.fbobExit
                  0x000f94          0x8 c:/program files (x86)/microchip/xc16/v1.25/bin/bin/../../lib\libm-elf.a(futil.epeo)
                  0x000f94                  __fbopExit
 .libm.fbopReturnNaN
                  0x000f9c          0x6 c:/program files (x86)/microchip/xc16/v1.25/bin/bin/../../lib\libm-elf.a(futil.epeo)
                  0x000f9c                  __fbopReturnNaN
 .libm.logf       0x000fa2         0xae c:/program files (x86)/microchip/xc16/v1.25/bin/bin/../../lib\libm-elf.a(logf.epeo)
                  0x000fa2                  _logf
 .libm.mulsf3     0x001050         0x68 c:/program files (x86)/microchip/xc16/v1.25/bin/bin/../../lib\libm-elf.a(mulsf3.epeo)
                  0x001050                  ___mulsf3
 .libm.udivsi3    0x0010b8         0x20 c:/program files (x86)/microchip/xc16/v1.25/bin/bin/../../lib\libm-elf.a(udivsi3.epeo)
                  0x0010b8                  ___udivsi3
 .libm.umodsi3    0x0010d8          0x6 c:/program files (x86)/microchip/xc16/v1.25/bin/bin/../../lib\libm-elf.a(umodsi3.epeo)
                  0x0010d8                  ___umodsi3
 .libm.frexpf     0x0010de         0x1a c:/program files (x86)/microchip/xc16/v1.25/bin/bin/../../lib\libm-elf.a(_frexpf.epeo)
                  0x0010de                  __frexpf
 .libm.fcompare
                  0x0010f8         0x36 c:/program files (x86)/microchip/xc16/v1.25/bin/bin/../../lib\libm-elf.a(fcompare.epeo)
                  0x0010f8                  __fcompare
 .libm.floatdisf
                  0x00112e         0x20 c:/program files (x86)/microchip/xc16/v1.25/bin/bin/../../lib\libm-elf.a(floatdisf.epeo)
                  0x00112e                  ___floatdisf
 .libm.floatundisf
                  0x00114e         0x5e c:/program files (x86)/microchip/xc16/v1.25/bin/bin/../../lib\libm-elf.a(floatundisf.epeo)
                  0x00114e                  ___floatundisf

usercode
 *(usercode)

__FSEC            0x015780          0x2
 *(__FSEC.sec*)
 __FSEC.sec       0x015780          0x2 build/Version_E/production/_files/main.o

__FBSLIM          0x015790          0x2
 *(__FBSLIM.sec*)
 __FBSLIM.sec     0x015790          0x2 build/Version_E/production/_files/main.o

__FOSCSEL         0x015798          0x2
 *(__FOSCSEL.sec*)
 __FOSCSEL.sec    0x015798          0x2 build/Version_E/production/_files/main.o

__FOSC            0x01579c          0x2
 *(__FOSC.sec*)
 __FOSC.sec       0x01579c          0x2 build/Version_E/production/_files/main.o

__FWDT            0x0157a0          0x2
 *(__FWDT.sec*)
 __FWDT.sec       0x0157a0          0x2 build/Version_E/production/_files/main.o

__FPOR            0x0157a4          0x2
 *(__FPOR.sec*)
 __FPOR.sec       0x0157a4          0x2 build/Version_E/production/_files/main.o

__FICD            0x0157a8          0x2
 *(__FICD.sec*)
 __FICD.sec       0x0157a8          0x2 build/Version_E/production/_files/main.o

__FDMTINTVL
 *(__FDMTINTVL.sec*)

__FDMTINTVH
 *(__FDMTINTVH.sec*)

__FDMTCNTL
 *(__FDMTCNTL.sec*)

__FDMTCNTH
 *(__FDMTCNTH.sec*)

__FDMT            0x0157bc          0x2
 *(__FDMT.sec*)
 __FDMT.sec       0x0157bc          0x2 build/Version_E/production/_files/main.o

__FDEVOPT         0x0157c0          0x2
 *(__FDEVOPT.sec*)
 __FDEVOPT.sec    0x0157c0          0x2 build/Version_E/production/_files/main.o

__FALTREG
 *(__FALTREG.sec*)

.comment
 *(.comment)

.debug_info       0x000000      0x310bf
 *(.debug_info)
 .debug_info      0x000000       0x23e8 build/Version_E/production/_files/adc/adc.o
 .debug_info      0x0023e8        0xfc4 build/Version_E/production/_files/cellule/cellule.o
 .debug_info      0x0033ac        0x445 build/Version_E/production/_files/com_packet/com_packet.o
 .debug_info      0x0037f1       0x1a7b build/Version_E/production/_files/door/door_security.o
 .debug_info      0x00526c        0xd7d build/Version_E/production/_files/eeprom/eeprom_events.o
 .debug_info      0x005fe9       0x1ad5 build/Version_E/production/_files/eeprom/eeprom_variables.o
 .debug_info      0x007abe        0x20b build/Version_E/production/_files/embedded_flash/embedded_flash.o
 .debug_info      0x007cc9       0x2832 build/Version_E/production/_files/errors/errors.o
 .debug_info      0x00a4fb        0x152 build/Version_E/production/_files/flash/flash.o
 .debug_info      0x00a64d       0x1209 build/Version_E/production/_files/force_keepalive/force_keepalive.o
 .debug_info      0x00b856        0xfd2 build/Version_E/production/_files/gsm/gsm.o
 .debug_info      0x00c828       0x171c build/Version_E/production/_files/i2c/i2c.o
 .debug_info      0x00df44       0x1b4e build/Version_E/production/_files/i2c/i2c_user.o
 .debug_info      0x00fa92       0x2ed3 build/Version_E/production/_files/motor/motor.o
 .debug_info      0x012965       0x2cbc build/Version_E/production/_files/motor/motor_auto.o
 .debug_info      0x015621       0x2a42 build/Version_E/production/_files/motor/motor_init.o
 .debug_info      0x018063       0x29e3 build/Version_E/production/_files/motor/motor_manu.o
 .debug_info      0x01aa46       0x114f build/Version_E/production/_files/poster/poster.o
 .debug_info      0x01bb95       0x1c35 build/Version_E/production/_files/slave_status/slave_status.o
 .debug_info      0x01d7ca       0x1073 build/Version_E/production/_files/synchro_ext/synchro_ext.o
 .debug_info      0x01e83d       0x1421 build/Version_E/production/_files/telecommand/telecommande.o
 .debug_info      0x01fc5e        0xdcc build/Version_E/production/_files/temporary_stop/temporary_stop.o
 .debug_info      0x020a2a       0x13df build/Version_E/production/_files/timers/timer_100ms.o
 .debug_info      0x021e09       0x13b0 build/Version_E/production/_files/timers/timer_1ms.o
 .debug_info      0x0231b9       0x1c52 build/Version_E/production/_files/timers/timer_pulses.o
 .debug_info      0x024e0b        0x24a build/Version_E/production/_files/tools/tools.o
 .debug_info      0x025055       0x265e build/Version_E/production/_files/uart_motor/uart_motor.o
 .debug_info      0x0276b3       0x1370 build/Version_E/production/_files/uart_motor/uart_motor_protocole.o
 .debug_info      0x028a23       0x44a3 build/Version_E/production/_files/uart_system/uart_system.o
 .debug_info      0x02cec6        0x80e build/Version_E/production/_files/uart_system/uart_packet_system.o
 .debug_info      0x02d6d4       0x39eb build/Version_E/production/_files/main.o
 *(.gnu.linkonce.wi.*)

.debug_abbrev     0x000000       0x2465
 *(.debug_abbrev)
 .debug_abbrev    0x000000        0x18e build/Version_E/production/_files/adc/adc.o
 .debug_abbrev    0x00018e         0xe4 build/Version_E/production/_files/cellule/cellule.o
 .debug_abbrev    0x000272         0xe6 build/Version_E/production/_files/com_packet/com_packet.o
 .debug_abbrev    0x000358        0x158 build/Version_E/production/_files/door/door_security.o
 .debug_abbrev    0x0004b0         0x83 build/Version_E/production/_files/eeprom/eeprom_events.o
 .debug_abbrev    0x000533        0x14f build/Version_E/production/_files/eeprom/eeprom_variables.o
 .debug_abbrev    0x000682         0x7b build/Version_E/production/_files/embedded_flash/embedded_flash.o
 .debug_abbrev    0x0006fd        0x1af build/Version_E/production/_files/errors/errors.o
 .debug_abbrev    0x0008ac         0x1f build/Version_E/production/_files/flash/flash.o
 .debug_abbrev    0x0008cb         0xf8 build/Version_E/production/_files/force_keepalive/force_keepalive.o
 .debug_abbrev    0x0009c3         0xd6 build/Version_E/production/_files/gsm/gsm.o
 .debug_abbrev    0x000a99        0x193 build/Version_E/production/_files/i2c/i2c.o
 .debug_abbrev    0x000c2c        0x1a4 build/Version_E/production/_files/i2c/i2c_user.o
 .debug_abbrev    0x000dd0        0x1eb build/Version_E/production/_files/motor/motor.o
 .debug_abbrev    0x000fbb        0x181 build/Version_E/production/_files/motor/motor_auto.o
 .debug_abbrev    0x00113c        0x14e build/Version_E/production/_files/motor/motor_init.o
 .debug_abbrev    0x00128a        0x11b build/Version_E/production/_files/motor/motor_manu.o
 .debug_abbrev    0x0013a5         0xee build/Version_E/production/_files/poster/poster.o
 .debug_abbrev    0x001493        0x11b build/Version_E/production/_files/slave_status/slave_status.o
 .debug_abbrev    0x0015ae         0xe8 build/Version_E/production/_files/synchro_ext/synchro_ext.o
 .debug_abbrev    0x001696         0xea build/Version_E/production/_files/telecommand/telecommande.o
 .debug_abbrev    0x001780         0x8a build/Version_E/production/_files/temporary_stop/temporary_stop.o
 .debug_abbrev    0x00180a        0x14d build/Version_E/production/_files/timers/timer_100ms.o
 .debug_abbrev    0x001957        0x17d build/Version_E/production/_files/timers/timer_1ms.o
 .debug_abbrev    0x001ad4        0x13a build/Version_E/production/_files/timers/timer_pulses.o
 .debug_abbrev    0x001c0e         0x73 build/Version_E/production/_files/tools/tools.o
 .debug_abbrev    0x001c81        0x198 build/Version_E/production/_files/uart_motor/uart_motor.o
 .debug_abbrev    0x001e19         0xfd build/Version_E/production/_files/uart_motor/uart_motor_protocole.o
 .debug_abbrev    0x001f16        0x270 build/Version_E/production/_files/uart_system/uart_system.o
 .debug_abbrev    0x002186         0xdc build/Version_E/production/_files/uart_system/uart_packet_system.o
 .debug_abbrev    0x002262        0x203 build/Version_E/production/_files/main.o

.debug_line       0x000000      0x11733
 *(.debug_line)
 .debug_line      0x000000        0xeee build/Version_E/production/_files/adc/adc.o
 .debug_line      0x000eee        0x2c3 build/Version_E/production/_files/cellule/cellule.o
 .debug_line      0x0011b1        0x1ae build/Version_E/production/_files/com_packet/com_packet.o
 .debug_line      0x00135f        0x353 build/Version_E/production/_files/door/door_security.o
 .debug_line      0x0016b2         0xa5 build/Version_E/production/_files/eeprom/eeprom_events.o
 .debug_line      0x001757        0x4af build/Version_E/production/_files/eeprom/eeprom_variables.o
 .debug_line      0x001c06        0x115 build/Version_E/production/_files/embedded_flash/embedded_flash.o
 .debug_line      0x001d1b        0xefb build/Version_E/production/_files/errors/errors.o
 .debug_line      0x002c16         0x24 build/Version_E/production/_files/flash/flash.o
 .debug_line      0x002c3a        0x6f7 build/Version_E/production/_files/force_keepalive/force_keepalive.o
 .debug_line      0x003331        0x300 build/Version_E/production/_files/gsm/gsm.o
 .debug_line      0x003631        0xc86 build/Version_E/production/_files/i2c/i2c.o
 .debug_line      0x0042b7       0x109d build/Version_E/production/_files/i2c/i2c_user.o
 .debug_line      0x005354       0x17a5 build/Version_E/production/_files/motor/motor.o
 .debug_line      0x006af9       0x254f build/Version_E/production/_files/motor/motor_auto.o
 .debug_line      0x009048       0x1c94 build/Version_E/production/_files/motor/motor_init.o
 .debug_line      0x00acdc        0xd3b build/Version_E/production/_files/motor/motor_manu.o
 .debug_line      0x00ba17        0x1a8 build/Version_E/production/_files/poster/poster.o
 .debug_line      0x00bbbf        0x94a build/Version_E/production/_files/slave_status/slave_status.o
 .debug_line      0x00c509        0x3bc build/Version_E/production/_files/synchro_ext/synchro_ext.o
 .debug_line      0x00c8c5        0x2bf build/Version_E/production/_files/telecommand/telecommande.o
 .debug_line      0x00cb84        0x20e build/Version_E/production/_files/temporary_stop/temporary_stop.o
 .debug_line      0x00cd92        0x3d4 build/Version_E/production/_files/timers/timer_100ms.o
 .debug_line      0x00d166        0x352 build/Version_E/production/_files/timers/timer_1ms.o
 .debug_line      0x00d4b8        0x353 build/Version_E/production/_files/timers/timer_pulses.o
 .debug_line      0x00d80b        0x12c build/Version_E/production/_files/tools/tools.o
 .debug_line      0x00d937        0x4ab build/Version_E/production/_files/uart_motor/uart_motor.o
 .debug_line      0x00dde2        0x503 build/Version_E/production/_files/uart_motor/uart_motor_protocole.o
 .debug_line      0x00e2e5       0x21c2 build/Version_E/production/_files/uart_system/uart_system.o
 .debug_line      0x0104a7        0x39d build/Version_E/production/_files/uart_system/uart_packet_system.o
 .debug_line      0x010844        0xeef build/Version_E/production/_files/main.o

.debug_frame      0x000000       0x1a28
 *(.debug_frame)
 .debug_frame     0x000000         0x54 build/Version_E/production/_files/adc/adc.o
 .debug_frame     0x000054         0x54 build/Version_E/production/_files/cellule/cellule.o
 .debug_frame     0x0000a8         0x64 build/Version_E/production/_files/com_packet/com_packet.o
 .debug_frame     0x00010c         0x50 build/Version_E/production/_files/door/door_security.o
 .debug_frame     0x00015c         0xc4 build/Version_E/production/_files/eeprom/eeprom_variables.o
 .debug_frame     0x000220         0x24 build/Version_E/production/_files/embedded_flash/embedded_flash.o
 .debug_frame     0x000244        0x1c0 build/Version_E/production/_files/errors/errors.o
 .debug_frame     0x000404         0x34 build/Version_E/production/_files/force_keepalive/force_keepalive.o
 .debug_frame     0x000438         0x34 build/Version_E/production/_files/gsm/gsm.o
 .debug_frame     0x00046c         0xf4 build/Version_E/production/_files/i2c/i2c.o
 .debug_frame     0x000560        0x250 build/Version_E/production/_files/i2c/i2c_user.o
 .debug_frame     0x0007b0        0x304 build/Version_E/production/_files/motor/motor.o
 .debug_frame     0x000ab4        0x2e8 build/Version_E/production/_files/motor/motor_auto.o
 .debug_frame     0x000d9c        0x2ac build/Version_E/production/_files/motor/motor_init.o
 .debug_frame     0x001048        0x268 build/Version_E/production/_files/motor/motor_manu.o
 .debug_frame     0x0012b0         0x24 build/Version_E/production/_files/poster/poster.o
 .debug_frame     0x0012d4         0x44 build/Version_E/production/_files/slave_status/slave_status.o
 .debug_frame     0x001318         0x34 build/Version_E/production/_files/synchro_ext/synchro_ext.o
 .debug_frame     0x00134c         0x44 build/Version_E/production/_files/telecommand/telecommande.o
 .debug_frame     0x001390         0x24 build/Version_E/production/_files/temporary_stop/temporary_stop.o
 .debug_frame     0x0013b4         0x64 build/Version_E/production/_files/timers/timer_100ms.o
 .debug_frame     0x001418         0x74 build/Version_E/production/_files/timers/timer_1ms.o
 .debug_frame     0x00148c         0xb4 build/Version_E/production/_files/timers/timer_pulses.o
 .debug_frame     0x001540         0x34 build/Version_E/production/_files/tools/tools.o
 .debug_frame     0x001574         0x84 build/Version_E/production/_files/uart_motor/uart_motor.o
 .debug_frame     0x0015f8         0xa4 build/Version_E/production/_files/uart_motor/uart_motor_protocole.o
 .debug_frame     0x00169c        0x204 build/Version_E/production/_files/uart_system/uart_system.o
 .debug_frame     0x0018a0         0xd4 build/Version_E/production/_files/uart_system/uart_packet_system.o
 .debug_frame     0x001974         0xb4 build/Version_E/production/_files/main.o

.debug_str        0x000000       0x3206
 *(.debug_str)
 .debug_str       0x000000        0x256 build/Version_E/production/_files/adc/adc.o
 .debug_str       0x000256         0x93 build/Version_E/production/_files/cellule/cellule.o
 .debug_str       0x0002e9         0x15 build/Version_E/production/_files/com_packet/com_packet.o
 .debug_str       0x0002fe         0xc3 build/Version_E/production/_files/door/door_security.o
 .debug_str       0x0003c1        0x1fe build/Version_E/production/_files/eeprom/eeprom_variables.o
 .debug_str       0x0005bf        0x342 build/Version_E/production/_files/errors/errors.o
 .debug_str       0x000901        0x2a6 build/Version_E/production/_files/force_keepalive/force_keepalive.o
 .debug_str       0x000ba7         0x7e build/Version_E/production/_files/gsm/gsm.o
 .debug_str       0x000c25         0x65 build/Version_E/production/_files/i2c/i2c.o
 .debug_str       0x000c8a        0x245 build/Version_E/production/_files/i2c/i2c_user.o
 .debug_str       0x000ecf        0x42c build/Version_E/production/_files/motor/motor.o
 .debug_str       0x0012fb        0x550 build/Version_E/production/_files/motor/motor_auto.o
 .debug_str       0x00184b        0x41e build/Version_E/production/_files/motor/motor_init.o
 .debug_str       0x001c69        0x243 build/Version_E/production/_files/motor/motor_manu.o
 .debug_str       0x001eac         0x2a build/Version_E/production/_files/poster/poster.o
 .debug_str       0x001ed6        0x1d9 build/Version_E/production/_files/slave_status/slave_status.o
 .debug_str       0x0020af         0x90 build/Version_E/production/_files/synchro_ext/synchro_ext.o
 .debug_str       0x00213f         0xc2 build/Version_E/production/_files/telecommand/telecommande.o
 .debug_str       0x002201         0x6f build/Version_E/production/_files/temporary_stop/temporary_stop.o
 .debug_str       0x002270         0xcc build/Version_E/production/_files/timers/timer_100ms.o
 .debug_str       0x00233c         0x82 build/Version_E/production/_files/timers/timer_1ms.o
 .debug_str       0x0023be         0xb9 build/Version_E/production/_files/timers/timer_pulses.o
 .debug_str       0x002477        0x11e build/Version_E/production/_files/uart_motor/uart_motor.o
 .debug_str       0x002595        0x173 build/Version_E/production/_files/uart_motor/uart_motor_protocole.o
 .debug_str       0x002708        0x7e9 build/Version_E/production/_files/uart_system/uart_system.o
 .debug_str       0x002ef1        0x315 build/Version_E/production/_files/main.o

.debug_loc
 *(.debug_loc)

.debug_macinfo
 *(.debug_macinfo)

.debug_pubnames
                  0x000000       0x3b25
 *(.debug_pubnames)
 .debug_pubnames
                  0x000000        0x26a build/Version_E/production/_files/adc/adc.o
 .debug_pubnames
                  0x00026a         0xf5 build/Version_E/production/_files/cellule/cellule.o
 .debug_pubnames
                  0x00035f         0x96 build/Version_E/production/_files/com_packet/com_packet.o
 .debug_pubnames
                  0x0003f5         0xae build/Version_E/production/_files/door/door_security.o
 .debug_pubnames
                  0x0004a3         0x21 build/Version_E/production/_files/eeprom/eeprom_events.o
 .debug_pubnames
                  0x0004c4        0x163 build/Version_E/production/_files/eeprom/eeprom_variables.o
 .debug_pubnames
                  0x000627         0x28 build/Version_E/production/_files/embedded_flash/embedded_flash.o
 .debug_pubnames
                  0x00064f        0x61f build/Version_E/production/_files/errors/errors.o
 .debug_pubnames
                  0x000c6e        0x2e8 build/Version_E/production/_files/force_keepalive/force_keepalive.o
 .debug_pubnames
                  0x000f56         0x9b build/Version_E/production/_files/gsm/gsm.o
 .debug_pubnames
                  0x000ff1        0x142 build/Version_E/production/_files/i2c/i2c.o
 .debug_pubnames
                  0x001133        0x39a build/Version_E/production/_files/i2c/i2c_user.o
 .debug_pubnames
                  0x0014cd        0x7ab build/Version_E/production/_files/motor/motor.o
 .debug_pubnames
                  0x001c78        0x3a9 build/Version_E/production/_files/motor/motor_auto.o
 .debug_pubnames
                  0x002021        0x34a build/Version_E/production/_files/motor/motor_init.o
 .debug_pubnames
                  0x00236b        0x12a build/Version_E/production/_files/motor/motor_manu.o
 .debug_pubnames
                  0x002495         0x2d build/Version_E/production/_files/poster/poster.o
 .debug_pubnames
                  0x0024c2        0x1aa build/Version_E/production/_files/slave_status/slave_status.o
 .debug_pubnames
                  0x00266c         0xd7 build/Version_E/production/_files/synchro_ext/synchro_ext.o
 .debug_pubnames
                  0x002743         0xfc build/Version_E/production/_files/telecommand/telecommande.o
 .debug_pubnames
                  0x00283f         0x40 build/Version_E/production/_files/temporary_stop/temporary_stop.o
 .debug_pubnames
                  0x00287f         0xca build/Version_E/production/_files/timers/timer_100ms.o
 .debug_pubnames
                  0x002949        0x11e build/Version_E/production/_files/timers/timer_1ms.o
 .debug_pubnames
                  0x002a67        0x173 build/Version_E/production/_files/timers/timer_pulses.o
 .debug_pubnames
                  0x002bda         0x31 build/Version_E/production/_files/tools/tools.o
 .debug_pubnames
                  0x002c0b        0x107 build/Version_E/production/_files/uart_motor/uart_motor.o
 .debug_pubnames
                  0x002d12        0x2fa build/Version_E/production/_files/uart_motor/uart_motor_protocole.o
 .debug_pubnames
                  0x00300c        0x64a build/Version_E/production/_files/uart_system/uart_system.o
 .debug_pubnames
                  0x003656        0x199 build/Version_E/production/_files/uart_system/uart_packet_system.o
 .debug_pubnames
                  0x0037ef        0x336 build/Version_E/production/_files/main.o

.debug_ranges
 *(.debug_ranges)

.debug_aranges    0x000000        0x2b8
 *(.debug_aranges)
 .debug_aranges
                  0x000000         0x18 build/Version_E/production/_files/adc/adc.o
 .debug_aranges
                  0x000018         0x18 build/Version_E/production/_files/cellule/cellule.o
 .debug_aranges
                  0x000030         0x18 build/Version_E/production/_files/com_packet/com_packet.o
 .debug_aranges
                  0x000048         0x18 build/Version_E/production/_files/door/door_security.o
 .debug_aranges
                  0x000060         0x18 build/Version_E/production/_files/eeprom/eeprom_variables.o
 .debug_aranges
                  0x000078         0x18 build/Version_E/production/_files/embedded_flash/embedded_flash.o
 .debug_aranges
                  0x000090         0x18 build/Version_E/production/_files/errors/errors.o
 .debug_aranges
                  0x0000a8         0x18 build/Version_E/production/_files/force_keepalive/force_keepalive.o
 .debug_aranges
                  0x0000c0         0x18 build/Version_E/production/_files/gsm/gsm.o
 .debug_aranges
                  0x0000d8         0x18 build/Version_E/production/_files/i2c/i2c.o
 .debug_aranges
                  0x0000f0         0x18 build/Version_E/production/_files/i2c/i2c_user.o
 .debug_aranges
                  0x000108         0x18 build/Version_E/production/_files/motor/motor.o
 .debug_aranges
                  0x000120         0x18 build/Version_E/production/_files/motor/motor_auto.o
 .debug_aranges
                  0x000138         0x18 build/Version_E/production/_files/motor/motor_init.o
 .debug_aranges
                  0x000150         0x18 build/Version_E/production/_files/motor/motor_manu.o
 .debug_aranges
                  0x000168         0x18 build/Version_E/production/_files/poster/poster.o
 .debug_aranges
                  0x000180         0x18 build/Version_E/production/_files/slave_status/slave_status.o
 .debug_aranges
                  0x000198         0x18 build/Version_E/production/_files/synchro_ext/synchro_ext.o
 .debug_aranges
                  0x0001b0         0x18 build/Version_E/production/_files/telecommand/telecommande.o
 .debug_aranges
                  0x0001c8         0x18 build/Version_E/production/_files/temporary_stop/temporary_stop.o
 .debug_aranges
                  0x0001e0         0x18 build/Version_E/production/_files/timers/timer_100ms.o
 .debug_aranges
                  0x0001f8         0x18 build/Version_E/production/_files/timers/timer_1ms.o
 .debug_aranges
                  0x000210         0x18 build/Version_E/production/_files/timers/timer_pulses.o
 .debug_aranges
                  0x000228         0x18 build/Version_E/production/_files/tools/tools.o
 .debug_aranges
                  0x000240         0x18 build/Version_E/production/_files/uart_motor/uart_motor.o
 .debug_aranges
                  0x000258         0x18 build/Version_E/production/_files/uart_motor/uart_motor_protocole.o
 .debug_aranges
                  0x000270         0x18 build/Version_E/production/_files/uart_system/uart_system.o
 .debug_aranges
                  0x000288         0x18 build/Version_E/production/_files/uart_system/uart_packet_system.o
 .debug_aranges
                  0x0002a0         0x18 build/Version_E/production/_files/main.o

.ivt              0x000004        0x186
                  0x000004          0x4 LONG 0xd2a DEFINED (__OscillatorFail)?ABSOLUTE (__OscillatorFail):ABSOLUTE (__DefaultInterrupt)
                  0x000006          0x4 LONG 0xd2a DEFINED (__AddressError)?ABSOLUTE (__AddressError):ABSOLUTE (__DefaultInterrupt)
                  0x000008          0x4 LONG 0xd2a DEFINED (__HardTrapError)?ABSOLUTE (__HardTrapError):ABSOLUTE (__DefaultInterrupt)
                  0x00000a          0x4 LONG 0xd2a DEFINED (__StackError)?ABSOLUTE (__StackError):ABSOLUTE (__DefaultInterrupt)
                  0x00000c          0x4 LONG 0xd2a DEFINED (__MathError)?ABSOLUTE (__MathError):ABSOLUTE (__DefaultInterrupt)
                  0x00000e          0x4 LONG 0xd2a DEFINED (__DMACError)?ABSOLUTE (__DMACError):ABSOLUTE (__DefaultInterrupt)
                  0x000010          0x4 LONG 0xd2a DEFINED (__SoftTrapError)?ABSOLUTE (__SoftTrapError):ABSOLUTE (__DefaultInterrupt)
                  0x000012          0x4 LONG 0xd2a DEFINED (__ReservedTrap7)?ABSOLUTE (__ReservedTrap7):ABSOLUTE (__DefaultInterrupt)
                  0x000014          0x4 LONG 0xd2a DEFINED (__INT0Interrupt)?ABSOLUTE (__INT0Interrupt):ABSOLUTE (__DefaultInterrupt)
                  0x000016          0x4 LONG 0xd2a DEFINED (__IC1Interrupt)?ABSOLUTE (__IC1Interrupt):ABSOLUTE (__DefaultInterrupt)
                  0x000018          0x4 LONG 0xd2a DEFINED (__OC1Interrupt)?ABSOLUTE (__OC1Interrupt):ABSOLUTE (__DefaultInterrupt)
                  0x00001a          0x4 LONG 0xeb4a DEFINED (__T1Interrupt)?ABSOLUTE (__T1Interrupt):ABSOLUTE (__DefaultInterrupt)
                  0x00001c          0x4 LONG 0xd2a DEFINED (__DMA0Interrupt)?ABSOLUTE (__DMA0Interrupt):ABSOLUTE (__DefaultInterrupt)
                  0x00001e          0x4 LONG 0xd2a DEFINED (__IC2Interrupt)?ABSOLUTE (__IC2Interrupt):ABSOLUTE (__DefaultInterrupt)
                  0x000020          0x4 LONG 0xd2a DEFINED (__OC2Interrupt)?ABSOLUTE (__OC2Interrupt):ABSOLUTE (__DefaultInterrupt)
                  0x000022          0x4 LONG 0xeb8c DEFINED (__T2Interrupt)?ABSOLUTE (__T2Interrupt):ABSOLUTE (__DefaultInterrupt)
                  0x000024          0x4 LONG 0xdf9c DEFINED (__T3Interrupt)?ABSOLUTE (__T3Interrupt):ABSOLUTE (__DefaultInterrupt)
                  0x000026          0x4 LONG 0xd2a DEFINED (__SPI1ErrInterrupt)?ABSOLUTE (__SPI1ErrInterrupt):ABSOLUTE (__DefaultInterrupt)
                  0x000028          0x4 LONG 0xd2a DEFINED (__SPI1Interrupt)?ABSOLUTE (__SPI1Interrupt):ABSOLUTE (__DefaultInterrupt)
                  0x00002a          0x4 LONG 0xde08 DEFINED (__U1RXInterrupt)?ABSOLUTE (__U1RXInterrupt):ABSOLUTE (__DefaultInterrupt)
                  0x00002c          0x4 LONG 0xd2a DEFINED (__U1TXInterrupt)?ABSOLUTE (__U1TXInterrupt):ABSOLUTE (__DefaultInterrupt)
                  0x00002e          0x4 LONG 0xd2a DEFINED (__AD1Interrupt)?ABSOLUTE (__AD1Interrupt):ABSOLUTE (__DefaultInterrupt)
                  0x000030          0x4 LONG 0xd2a DEFINED (__DMA1Interrupt)?ABSOLUTE (__DMA1Interrupt):ABSOLUTE (__DefaultInterrupt)
                  0x000032          0x4 LONG 0xd2a DEFINED (__NVMInterrupt)?ABSOLUTE (__NVMInterrupt):ABSOLUTE (__DefaultInterrupt)
                  0x000034          0x4 LONG 0xd2a DEFINED (__SI2C1Interrupt)?ABSOLUTE (__SI2C1Interrupt):ABSOLUTE (__DefaultInterrupt)
                  0x000036          0x4 LONG 0xd2a DEFINED (__MI2C1Interrupt)?ABSOLUTE (__MI2C1Interrupt):ABSOLUTE (__DefaultInterrupt)
                  0x000038          0x4 LONG 0xd2a DEFINED (__CMP1Interrupt)?ABSOLUTE (__CMP1Interrupt):ABSOLUTE (__DefaultInterrupt)
                  0x00003a          0x4 LONG 0xd2a DEFINED (__CNInterrupt)?ABSOLUTE (__CNInterrupt):ABSOLUTE (__DefaultInterrupt)
                  0x00003c          0x4 LONG 0xd2a DEFINED (__INT1Interrupt)?ABSOLUTE (__INT1Interrupt):ABSOLUTE (__DefaultInterrupt)
                  0x00003e          0x4 LONG 0xd2a DEFINED (__Interrupt21)?ABSOLUTE (__Interrupt21):ABSOLUTE (__DefaultInterrupt)
                  0x000040          0x4 LONG 0xd2a DEFINED (__Interrupt22)?ABSOLUTE (__Interrupt22):ABSOLUTE (__DefaultInterrupt)
                  0x000042          0x4 LONG 0xd2a DEFINED (__Interrupt23)?ABSOLUTE (__Interrupt23):ABSOLUTE (__DefaultInterrupt)
                  0x000044          0x4 LONG 0xd2a DEFINED (__DMA2Interrupt)?ABSOLUTE (__DMA2Interrupt):ABSOLUTE (__DefaultInterrupt)
                  0x000046          0x4 LONG 0xd2a DEFINED (__OC3Interrupt)?ABSOLUTE (__OC3Interrupt):ABSOLUTE (__DefaultInterrupt)
                  0x000048          0x4 LONG 0xd2a DEFINED (__OC4Interrupt)?ABSOLUTE (__OC4Interrupt):ABSOLUTE (__DefaultInterrupt)
                  0x00004a          0x4 LONG 0xd7bc DEFINED (__T4Interrupt)?ABSOLUTE (__T4Interrupt):ABSOLUTE (__DefaultInterrupt)
                  0x00004c          0x4 LONG 0xd2a DEFINED (__T5Interrupt)?ABSOLUTE (__T5Interrupt):ABSOLUTE (__DefaultInterrupt)
                  0x00004e          0x4 LONG 0xd2a DEFINED (__INT2Interrupt)?ABSOLUTE (__INT2Interrupt):ABSOLUTE (__DefaultInterrupt)
                  0x000050          0x4 LONG 0x56c6 DEFINED (__U2RXInterrupt)?ABSOLUTE (__U2RXInterrupt):ABSOLUTE (__DefaultInterrupt)
                  0x000052          0x4 LONG 0xd2a DEFINED (__U2TXInterrupt)?ABSOLUTE (__U2TXInterrupt):ABSOLUTE (__DefaultInterrupt)
                  0x000054          0x4 LONG 0xd2a DEFINED (__SPI2ErrInterrupt)?ABSOLUTE (__SPI2ErrInterrupt):ABSOLUTE (__DefaultInterrupt)
                  0x000056          0x4 LONG 0xd2a DEFINED (__SPI2Interrupt)?ABSOLUTE (__SPI2Interrupt):ABSOLUTE (__DefaultInterrupt)
                  0x000058          0x4 LONG 0xd2a DEFINED (__Interrupt34)?ABSOLUTE (__Interrupt34):ABSOLUTE (__DefaultInterrupt)
                  0x00005a          0x4 LONG 0xd2a DEFINED (__Interrupt35)?ABSOLUTE (__Interrupt35):ABSOLUTE (__DefaultInterrupt)
                  0x00005c          0x4 LONG 0xd2a DEFINED (__DMA3Interrupt)?ABSOLUTE (__DMA3Interrupt):ABSOLUTE (__DefaultInterrupt)
                  0x00005e          0x4 LONG 0xd2a DEFINED (__IC3Interrupt)?ABSOLUTE (__IC3Interrupt):ABSOLUTE (__DefaultInterrupt)
                  0x000060          0x4 LONG 0xd2a DEFINED (__IC4Interrupt)?ABSOLUTE (__IC4Interrupt):ABSOLUTE (__DefaultInterrupt)
                  0x000062          0x4 LONG 0xd2a DEFINED (__Interrupt39)?ABSOLUTE (__Interrupt39):ABSOLUTE (__DefaultInterrupt)
                  0x000064          0x4 LONG 0xd2a DEFINED (__Interrupt40)?ABSOLUTE (__Interrupt40):ABSOLUTE (__DefaultInterrupt)
                  0x000066          0x4 LONG 0xd2a DEFINED (__Interrupt41)?ABSOLUTE (__Interrupt41):ABSOLUTE (__DefaultInterrupt)
                  0x000068          0x4 LONG 0xd2a DEFINED (__Interrupt42)?ABSOLUTE (__Interrupt42):ABSOLUTE (__DefaultInterrupt)
                  0x00006a          0x4 LONG 0xd2a DEFINED (__Interrupt43)?ABSOLUTE (__Interrupt43):ABSOLUTE (__DefaultInterrupt)
                  0x00006c          0x4 LONG 0xd2a DEFINED (__Interrupt44)?ABSOLUTE (__Interrupt44):ABSOLUTE (__DefaultInterrupt)
                  0x00006e          0x4 LONG 0xd2a DEFINED (__Interrupt45)?ABSOLUTE (__Interrupt45):ABSOLUTE (__DefaultInterrupt)
                  0x000070          0x4 LONG 0xd2a DEFINED (__Interrupt46)?ABSOLUTE (__Interrupt46):ABSOLUTE (__DefaultInterrupt)
                  0x000072          0x4 LONG 0xd2a DEFINED (__Interrupt47)?ABSOLUTE (__Interrupt47):ABSOLUTE (__DefaultInterrupt)
                  0x000074          0x4 LONG 0xd2a DEFINED (__Interrupt48)?ABSOLUTE (__Interrupt48):ABSOLUTE (__DefaultInterrupt)
                  0x000076          0x4 LONG 0xd2a DEFINED (__Interrupt49)?ABSOLUTE (__Interrupt49):ABSOLUTE (__DefaultInterrupt)
                  0x000078          0x4 LONG 0xd2a DEFINED (__Interrupt50)?ABSOLUTE (__Interrupt50):ABSOLUTE (__DefaultInterrupt)
                  0x00007a          0x4 LONG 0xd2a DEFINED (__Interrupt51)?ABSOLUTE (__Interrupt51):ABSOLUTE (__DefaultInterrupt)
                  0x00007c          0x4 LONG 0xd2a DEFINED (__Interrupt52)?ABSOLUTE (__Interrupt52):ABSOLUTE (__DefaultInterrupt)
                  0x00007e          0x4 LONG 0xd2a DEFINED (__Interrupt53)?ABSOLUTE (__Interrupt53):ABSOLUTE (__DefaultInterrupt)
                  0x000080          0x4 LONG 0xd2a DEFINED (__Interrupt54)?ABSOLUTE (__Interrupt54):ABSOLUTE (__DefaultInterrupt)
                  0x000082          0x4 LONG 0xd2a DEFINED (__Interrupt55)?ABSOLUTE (__Interrupt55):ABSOLUTE (__DefaultInterrupt)
                  0x000084          0x4 LONG 0xd2a DEFINED (__Interrupt56)?ABSOLUTE (__Interrupt56):ABSOLUTE (__DefaultInterrupt)
                  0x000086          0x4 LONG 0xd2a DEFINED (__PWMSpEventMatchInterrupt)?ABSOLUTE (__PWMSpEventMatchInterrupt):ABSOLUTE (__DefaultInterrupt)
                  0x000088          0x4 LONG 0xd2a DEFINED (__Interrupt58)?ABSOLUTE (__Interrupt58):ABSOLUTE (__DefaultInterrupt)
                  0x00008a          0x4 LONG 0xd2a DEFINED (__Interrupt59)?ABSOLUTE (__Interrupt59):ABSOLUTE (__DefaultInterrupt)
                  0x00008c          0x4 LONG 0xd2a DEFINED (__Interrupt60)?ABSOLUTE (__Interrupt60):ABSOLUTE (__DefaultInterrupt)
                  0x00008e          0x4 LONG 0xd2a DEFINED (__Interrupt61)?ABSOLUTE (__Interrupt61):ABSOLUTE (__DefaultInterrupt)
                  0x000090          0x4 LONG 0xd2a DEFINED (__Interrupt62)?ABSOLUTE (__Interrupt62):ABSOLUTE (__DefaultInterrupt)
                  0x000092          0x4 LONG 0xd2a DEFINED (__Interrupt63)?ABSOLUTE (__Interrupt63):ABSOLUTE (__DefaultInterrupt)
                  0x000094          0x4 LONG 0xd2a DEFINED (__Interrupt64)?ABSOLUTE (__Interrupt64):ABSOLUTE (__DefaultInterrupt)
                  0x000096          0x4 LONG 0xd2a DEFINED (__U1ErrInterrupt)?ABSOLUTE (__U1ErrInterrupt):ABSOLUTE (__DefaultInterrupt)
                  0x000098          0x4 LONG 0xd2a DEFINED (__U2ErrInterrupt)?ABSOLUTE (__U2ErrInterrupt):ABSOLUTE (__DefaultInterrupt)
                  0x00009a          0x4 LONG 0xd2a DEFINED (__Interrupt67)?ABSOLUTE (__Interrupt67):ABSOLUTE (__DefaultInterrupt)
                  0x00009c          0x4 LONG 0xd2a DEFINED (__Interrupt68)?ABSOLUTE (__Interrupt68):ABSOLUTE (__DefaultInterrupt)
                  0x00009e          0x4 LONG 0xd2a DEFINED (__Interrupt69)?ABSOLUTE (__Interrupt69):ABSOLUTE (__DefaultInterrupt)
                  0x0000a0          0x4 LONG 0xd2a DEFINED (__C1TXInterrupt)?ABSOLUTE (__C1TXInterrupt):ABSOLUTE (__DefaultInterrupt)
                  0x0000a2          0x4 LONG 0xd2a DEFINED (__Interrupt71)?ABSOLUTE (__Interrupt71):ABSOLUTE (__DefaultInterrupt)
                  0x0000a4          0x4 LONG 0xd2a DEFINED (__Interrupt72)?ABSOLUTE (__Interrupt72):ABSOLUTE (__DefaultInterrupt)
                  0x0000a6          0x4 LONG 0xd2a DEFINED (__Interrupt73)?ABSOLUTE (__Interrupt73):ABSOLUTE (__DefaultInterrupt)
                  0x0000a8          0x4 LONG 0xd2a DEFINED (__Interrupt74)?ABSOLUTE (__Interrupt74):ABSOLUTE (__DefaultInterrupt)
                  0x0000aa          0x4 LONG 0xd2a DEFINED (__Interrupt75)?ABSOLUTE (__Interrupt75):ABSOLUTE (__DefaultInterrupt)
                  0x0000ac          0x4 LONG 0xd2a DEFINED (__Interrupt76)?ABSOLUTE (__Interrupt76):ABSOLUTE (__DefaultInterrupt)
                  0x0000ae          0x4 LONG 0xd2a DEFINED (__CTMUInterrupt)?ABSOLUTE (__CTMUInterrupt):ABSOLUTE (__DefaultInterrupt)
                  0x0000b0          0x4 LONG 0xd2a DEFINED (__Interrupt78)?ABSOLUTE (__Interrupt78):ABSOLUTE (__DefaultInterrupt)
                  0x0000b2          0x4 LONG 0xd2a DEFINED (__Interrupt79)?ABSOLUTE (__Interrupt79):ABSOLUTE (__DefaultInterrupt)
                  0x0000b4          0x4 LONG 0xd2a DEFINED (__Interrupt80)?ABSOLUTE (__Interrupt80):ABSOLUTE (__DefaultInterrupt)
                  0x0000b6          0x4 LONG 0xd2a DEFINED (__Interrupt81)?ABSOLUTE (__Interrupt81):ABSOLUTE (__DefaultInterrupt)
                  0x0000b8          0x4 LONG 0xd2a DEFINED (__Interrupt82)?ABSOLUTE (__Interrupt82):ABSOLUTE (__DefaultInterrupt)
                  0x0000ba          0x4 LONG 0xd2a DEFINED (__Interrupt83)?ABSOLUTE (__Interrupt83):ABSOLUTE (__DefaultInterrupt)
                  0x0000bc          0x4 LONG 0xd2a DEFINED (__Interrupt84)?ABSOLUTE (__Interrupt84):ABSOLUTE (__DefaultInterrupt)
                  0x0000be          0x4 LONG 0xd2a DEFINED (__Interrupt85)?ABSOLUTE (__Interrupt85):ABSOLUTE (__DefaultInterrupt)
                  0x0000c0          0x4 LONG 0xd2a DEFINED (__Interrupt86)?ABSOLUTE (__Interrupt86):ABSOLUTE (__DefaultInterrupt)
                  0x0000c2          0x4 LONG 0xd2a DEFINED (__Interrupt87)?ABSOLUTE (__Interrupt87):ABSOLUTE (__DefaultInterrupt)
                  0x0000c4          0x4 LONG 0xd2a DEFINED (__Interrupt88)?ABSOLUTE (__Interrupt88):ABSOLUTE (__DefaultInterrupt)
                  0x0000c6          0x4 LONG 0xd2a DEFINED (__Interrupt89)?ABSOLUTE (__Interrupt89):ABSOLUTE (__DefaultInterrupt)
                  0x0000c8          0x4 LONG 0xd2a DEFINED (__Interrupt90)?ABSOLUTE (__Interrupt90):ABSOLUTE (__DefaultInterrupt)
                  0x0000ca          0x4 LONG 0xd2a DEFINED (__Interrupt91)?ABSOLUTE (__Interrupt91):ABSOLUTE (__DefaultInterrupt)
                  0x0000cc          0x4 LONG 0xd2a DEFINED (__Interrupt92)?ABSOLUTE (__Interrupt92):ABSOLUTE (__DefaultInterrupt)
                  0x0000ce          0x4 LONG 0xd2a DEFINED (__Interrupt93)?ABSOLUTE (__Interrupt93):ABSOLUTE (__DefaultInterrupt)
                  0x0000d0          0x4 LONG 0xd2a DEFINED (__PWM1Interrupt)?ABSOLUTE (__PWM1Interrupt):ABSOLUTE (__DefaultInterrupt)
                  0x0000d2          0x4 LONG 0xd2a DEFINED (__PWM2Interrupt)?ABSOLUTE (__PWM2Interrupt):ABSOLUTE (__DefaultInterrupt)
                  0x0000d4          0x4 LONG 0xd2a DEFINED (__PWM3Interrupt)?ABSOLUTE (__PWM3Interrupt):ABSOLUTE (__DefaultInterrupt)
                  0x0000d6          0x4 LONG 0xd2a DEFINED (__Interrupt97)?ABSOLUTE (__Interrupt97):ABSOLUTE (__DefaultInterrupt)
                  0x0000d8          0x4 LONG 0xd2a DEFINED (__Interrupt98)?ABSOLUTE (__Interrupt98):ABSOLUTE (__DefaultInterrupt)
                  0x0000da          0x4 LONG 0xd2a DEFINED (__Interrupt99)?ABSOLUTE (__Interrupt99):ABSOLUTE (__DefaultInterrupt)
                  0x0000dc          0x4 LONG 0xd2a DEFINED (__Interrupt100)?ABSOLUTE (__Interrupt100):ABSOLUTE (__DefaultInterrupt)
                  0x0000de          0x4 LONG 0xd2a DEFINED (__Interrupt101)?ABSOLUTE (__Interrupt101):ABSOLUTE (__DefaultInterrupt)
                  0x0000e0          0x4 LONG 0xd2a DEFINED (__Interrupt102)?ABSOLUTE (__Interrupt102):ABSOLUTE (__DefaultInterrupt)
                  0x0000e2          0x4 LONG 0xd2a DEFINED (__Interrupt103)?ABSOLUTE (__Interrupt103):ABSOLUTE (__DefaultInterrupt)
                  0x0000e4          0x4 LONG 0xd2a DEFINED (__Interrupt104)?ABSOLUTE (__Interrupt104):ABSOLUTE (__DefaultInterrupt)
                  0x0000e6          0x4 LONG 0xd2a DEFINED (__Interrupt105)?ABSOLUTE (__Interrupt105):ABSOLUTE (__DefaultInterrupt)
                  0x0000e8          0x4 LONG 0xd2a DEFINED (__Interrupt106)?ABSOLUTE (__Interrupt106):ABSOLUTE (__DefaultInterrupt)
                  0x0000ea          0x4 LONG 0xd2a DEFINED (__Interrupt107)?ABSOLUTE (__Interrupt107):ABSOLUTE (__DefaultInterrupt)
                  0x0000ec          0x4 LONG 0xd2a DEFINED (__Interrupt108)?ABSOLUTE (__Interrupt108):ABSOLUTE (__DefaultInterrupt)
                  0x0000ee          0x4 LONG 0xd2a DEFINED (__Interrupt109)?ABSOLUTE (__Interrupt109):ABSOLUTE (__DefaultInterrupt)
                  0x0000f0          0x4 LONG 0xd2a DEFINED (__Interrupt110)?ABSOLUTE (__Interrupt110):ABSOLUTE (__DefaultInterrupt)
                  0x0000f2          0x4 LONG 0xd2a DEFINED (__Interrupt111)?ABSOLUTE (__Interrupt111):ABSOLUTE (__DefaultInterrupt)
                  0x0000f4          0x4 LONG 0xd2a DEFINED (__Interrupt112)?ABSOLUTE (__Interrupt112):ABSOLUTE (__DefaultInterrupt)
                  0x0000f6          0x4 LONG 0xd2a DEFINED (__Interrupt113)?ABSOLUTE (__Interrupt113):ABSOLUTE (__DefaultInterrupt)
                  0x0000f8          0x4 LONG 0xd2a DEFINED (__Interrupt114)?ABSOLUTE (__Interrupt114):ABSOLUTE (__DefaultInterrupt)
                  0x0000fa          0x4 LONG 0xd2a DEFINED (__Interrupt115)?ABSOLUTE (__Interrupt115):ABSOLUTE (__DefaultInterrupt)
                  0x0000fc          0x4 LONG 0xd2a DEFINED (__Interrupt116)?ABSOLUTE (__Interrupt116):ABSOLUTE (__DefaultInterrupt)
                  0x0000fe          0x4 LONG 0xd2a DEFINED (__Interrupt117)?ABSOLUTE (__Interrupt117):ABSOLUTE (__DefaultInterrupt)
                  0x000100          0x4 LONG 0xd2a DEFINED (__Interrupt118)?ABSOLUTE (__Interrupt118):ABSOLUTE (__DefaultInterrupt)
                  0x000102          0x4 LONG 0xd2a DEFINED (__Interrupt119)?ABSOLUTE (__Interrupt119):ABSOLUTE (__DefaultInterrupt)
                  0x000104          0x4 LONG 0xd2a DEFINED (__Interrupt120)?ABSOLUTE (__Interrupt120):ABSOLUTE (__DefaultInterrupt)
                  0x000106          0x4 LONG 0xd2a DEFINED (__Interrupt121)?ABSOLUTE (__Interrupt121):ABSOLUTE (__DefaultInterrupt)
                  0x000108          0x4 LONG 0xd2a DEFINED (__Interrupt122)?ABSOLUTE (__Interrupt122):ABSOLUTE (__DefaultInterrupt)
                  0x00010a          0x4 LONG 0xd2a DEFINED (__Interrupt123)?ABSOLUTE (__Interrupt123):ABSOLUTE (__DefaultInterrupt)
                  0x00010c          0x4 LONG 0xd2a DEFINED (__Interrupt124)?ABSOLUTE (__Interrupt124):ABSOLUTE (__DefaultInterrupt)
                  0x00010e          0x4 LONG 0xd2a DEFINED (__Interrupt125)?ABSOLUTE (__Interrupt125):ABSOLUTE (__DefaultInterrupt)
                  0x000110          0x4 LONG 0xd2a DEFINED (__Interrupt126)?ABSOLUTE (__Interrupt126):ABSOLUTE (__DefaultInterrupt)
                  0x000112          0x4 LONG 0xd2a DEFINED (__Interrupt127)?ABSOLUTE (__Interrupt127):ABSOLUTE (__DefaultInterrupt)
                  0x000114          0x4 LONG 0xd2a DEFINED (__Interrupt128)?ABSOLUTE (__Interrupt128):ABSOLUTE (__DefaultInterrupt)
                  0x000116          0x4 LONG 0xd2a DEFINED (__Interrupt129)?ABSOLUTE (__Interrupt129):ABSOLUTE (__DefaultInterrupt)
                  0x000118          0x4 LONG 0xd2a DEFINED (__Interrupt130)?ABSOLUTE (__Interrupt130):ABSOLUTE (__DefaultInterrupt)
                  0x00011a          0x4 LONG 0xd2a DEFINED (__Interrupt131)?ABSOLUTE (__Interrupt131):ABSOLUTE (__DefaultInterrupt)
                  0x00011c          0x4 LONG 0xd2a DEFINED (__Interrupt132)?ABSOLUTE (__Interrupt132):ABSOLUTE (__DefaultInterrupt)
                  0x00011e          0x4 LONG 0xd2a DEFINED (__Interrupt133)?ABSOLUTE (__Interrupt133):ABSOLUTE (__DefaultInterrupt)
                  0x000120          0x4 LONG 0xd2a DEFINED (__Interrupt134)?ABSOLUTE (__Interrupt134):ABSOLUTE (__DefaultInterrupt)
                  0x000122          0x4 LONG 0xd2a DEFINED (__Interrupt135)?ABSOLUTE (__Interrupt135):ABSOLUTE (__DefaultInterrupt)
                  0x000124          0x4 LONG 0xd2a DEFINED (__Interrupt136)?ABSOLUTE (__Interrupt136):ABSOLUTE (__DefaultInterrupt)
                  0x000126          0x4 LONG 0xd2a DEFINED (__Interrupt137)?ABSOLUTE (__Interrupt137):ABSOLUTE (__DefaultInterrupt)
                  0x000128          0x4 LONG 0xd2a DEFINED (__Interrupt138)?ABSOLUTE (__Interrupt138):ABSOLUTE (__DefaultInterrupt)
                  0x00012a          0x4 LONG 0xd2a DEFINED (__Interrupt139)?ABSOLUTE (__Interrupt139):ABSOLUTE (__DefaultInterrupt)
                  0x00012c          0x4 LONG 0xd2a DEFINED (__Interrupt140)?ABSOLUTE (__Interrupt140):ABSOLUTE (__DefaultInterrupt)
                  0x00012e          0x4 LONG 0xd2a DEFINED (__Interrupt141)?ABSOLUTE (__Interrupt141):ABSOLUTE (__DefaultInterrupt)
                  0x000130          0x4 LONG 0xd2a DEFINED (__ICDInterrupt)?ABSOLUTE (__ICDInterrupt):ABSOLUTE (__DefaultInterrupt)
                  0x000132          0x4 LONG 0xd2a DEFINED (__Interrupt143)?ABSOLUTE (__Interrupt143):ABSOLUTE (__DefaultInterrupt)
                  0x000134          0x4 LONG 0xd2a DEFINED (__Interrupt144)?ABSOLUTE (__Interrupt144):ABSOLUTE (__DefaultInterrupt)
                  0x000136          0x4 LONG 0xd2a DEFINED (__Interrupt145)?ABSOLUTE (__Interrupt145):ABSOLUTE (__DefaultInterrupt)
                  0x000138          0x4 LONG 0xd2a DEFINED (__Interrupt146)?ABSOLUTE (__Interrupt146):ABSOLUTE (__DefaultInterrupt)
                  0x00013a          0x4 LONG 0xd2a DEFINED (__Interrupt147)?ABSOLUTE (__Interrupt147):ABSOLUTE (__DefaultInterrupt)
                  0x00013c          0x4 LONG 0xd2a DEFINED (__Interrupt148)?ABSOLUTE (__Interrupt148):ABSOLUTE (__DefaultInterrupt)
                  0x00013e          0x4 LONG 0xd2a DEFINED (__Interrupt149)?ABSOLUTE (__Interrupt149):ABSOLUTE (__DefaultInterrupt)
                  0x000140          0x4 LONG 0xd2a DEFINED (__Interrupt150)?ABSOLUTE (__Interrupt150):ABSOLUTE (__DefaultInterrupt)
                  0x000142          0x4 LONG 0xd2a DEFINED (__Interrupt151)?ABSOLUTE (__Interrupt151):ABSOLUTE (__DefaultInterrupt)
                  0x000144          0x4 LONG 0xd2a DEFINED (__Interrupt152)?ABSOLUTE (__Interrupt152):ABSOLUTE (__DefaultInterrupt)
                  0x000146          0x4 LONG 0xd2a DEFINED (__Interrupt153)?ABSOLUTE (__Interrupt153):ABSOLUTE (__DefaultInterrupt)
                  0x000148          0x4 LONG 0xd2a DEFINED (__Interrupt154)?ABSOLUTE (__Interrupt154):ABSOLUTE (__DefaultInterrupt)
                  0x00014a          0x4 LONG 0xd2a DEFINED (__Interrupt155)?ABSOLUTE (__Interrupt155):ABSOLUTE (__DefaultInterrupt)
                  0x00014c          0x4 LONG 0xd2a DEFINED (__Interrupt156)?ABSOLUTE (__Interrupt156):ABSOLUTE (__DefaultInterrupt)
                  0x00014e          0x4 LONG 0xd2a DEFINED (__Interrupt157)?ABSOLUTE (__Interrupt157):ABSOLUTE (__DefaultInterrupt)
                  0x000150          0x4 LONG 0xd2a DEFINED (__Interrupt158)?ABSOLUTE (__Interrupt158):ABSOLUTE (__DefaultInterrupt)
                  0x000152          0x4 LONG 0xd2a DEFINED (__Interrupt159)?ABSOLUTE (__Interrupt159):ABSOLUTE (__DefaultInterrupt)
                  0x000154          0x4 LONG 0xd2a DEFINED (__Interrupt160)?ABSOLUTE (__Interrupt160):ABSOLUTE (__DefaultInterrupt)
                  0x000156          0x4 LONG 0xd2a DEFINED (__Interrupt161)?ABSOLUTE (__Interrupt161):ABSOLUTE (__DefaultInterrupt)
                  0x000158          0x4 LONG 0xd2a DEFINED (__Interrupt162)?ABSOLUTE (__Interrupt162):ABSOLUTE (__DefaultInterrupt)
                  0x00015a          0x4 LONG 0xd2a DEFINED (__Interrupt163)?ABSOLUTE (__Interrupt163):ABSOLUTE (__DefaultInterrupt)
                  0x00015c          0x4 LONG 0xd2a DEFINED (__Interrupt164)?ABSOLUTE (__Interrupt164):ABSOLUTE (__DefaultInterrupt)
                  0x00015e          0x4 LONG 0xd2a DEFINED (__Interrupt165)?ABSOLUTE (__Interrupt165):ABSOLUTE (__DefaultInterrupt)
                  0x000160          0x4 LONG 0xd2a DEFINED (__Interrupt166)?ABSOLUTE (__Interrupt166):ABSOLUTE (__DefaultInterrupt)
                  0x000162          0x4 LONG 0xd2a DEFINED (__Interrupt167)?ABSOLUTE (__Interrupt167):ABSOLUTE (__DefaultInterrupt)
                  0x000164          0x4 LONG 0xd2a DEFINED (__Interrupt168)?ABSOLUTE (__Interrupt168):ABSOLUTE (__DefaultInterrupt)
                  0x000166          0x4 LONG 0xd2a DEFINED (__Interrupt169)?ABSOLUTE (__Interrupt169):ABSOLUTE (__DefaultInterrupt)
                  0x000168          0x4 LONG 0xd2a DEFINED (__Interrupt170)?ABSOLUTE (__Interrupt170):ABSOLUTE (__DefaultInterrupt)
                  0x00016a          0x4 LONG 0xd2a DEFINED (__Interrupt171)?ABSOLUTE (__Interrupt171):ABSOLUTE (__DefaultInterrupt)
                  0x00016c          0x4 LONG 0xd2a DEFINED (__Interrupt172)?ABSOLUTE (__Interrupt172):ABSOLUTE (__DefaultInterrupt)
                  0x00016e          0x4 LONG 0xd2a DEFINED (__I2C1Interrupt)?ABSOLUTE (__I2C1Interrupt):ABSOLUTE (__DefaultInterrupt)
                  0x000170          0x4 LONG 0xd2a DEFINED (__Interrupt174)?ABSOLUTE (__Interrupt174):ABSOLUTE (__DefaultInterrupt)
                  0x000172          0x4 LONG 0xd2a DEFINED (__Interrupt175)?ABSOLUTE (__Interrupt175):ABSOLUTE (__DefaultInterrupt)
                  0x000174          0x4 LONG 0xd2a DEFINED (__Interrupt176)?ABSOLUTE (__Interrupt176):ABSOLUTE (__DefaultInterrupt)
                  0x000176          0x4 LONG 0xd2a DEFINED (__Interrupt177)?ABSOLUTE (__Interrupt177):ABSOLUTE (__DefaultInterrupt)
                  0x000178          0x4 LONG 0xd2a DEFINED (__Interrupt178)?ABSOLUTE (__Interrupt178):ABSOLUTE (__DefaultInterrupt)
                  0x00017a          0x4 LONG 0xd2a DEFINED (__Interrupt179)?ABSOLUTE (__Interrupt179):ABSOLUTE (__DefaultInterrupt)
                  0x00017c          0x4 LONG 0xd2a DEFINED (__Interrupt180)?ABSOLUTE (__Interrupt180):ABSOLUTE (__DefaultInterrupt)
                  0x00017e          0x4 LONG 0xd2a DEFINED (__Interrupt181)?ABSOLUTE (__Interrupt181):ABSOLUTE (__DefaultInterrupt)
                  0x000180          0x4 LONG 0xd2a DEFINED (__SENT1ERRInterrupt)?ABSOLUTE (__SENT1ERRInterrupt):ABSOLUTE (__DefaultInterrupt)
                  0x000182          0x4 LONG 0xd2a DEFINED (__SENT1Interrupt)?ABSOLUTE (__SENT1Interrupt):ABSOLUTE (__DefaultInterrupt)
                  0x000184          0x4 LONG 0xd2a DEFINED (__SENT2ERRInterrupt)?ABSOLUTE (__SENT2ERRInterrupt):ABSOLUTE (__DefaultInterrupt)
                  0x000186          0x4 LONG 0xd2a DEFINED (__SENT2Interrupt)?ABSOLUTE (__SENT2Interrupt):ABSOLUTE (__DefaultInterrupt)
                  0x000188          0x4 LONG 0xd2a DEFINED (__ECCSBEInterrupt)?ABSOLUTE (__ECCSBEInterrupt):ABSOLUTE (__DefaultInterrupt)

.my_aivt          0x000800        0x18a
                  0x000800          0x4 LONG 0x0
                  0x000802          0x4 LONG 0x0
                  0x000804          0x4 LONG 0xd2a DEFINED (__AltOscillatorFail)?ABSOLUTE (__AltOscillatorFail):DEFINED (__OscillatorFail)?ABSOLUTE (__OscillatorFail):ABSOLUTE (__DefaultInterrupt)
                  0x000806          0x4 LONG 0xd2a DEFINED (__AltAddressError)?ABSOLUTE (__AltAddressError):DEFINED (__AddressError)?ABSOLUTE (__AddressError):ABSOLUTE (__DefaultInterrupt)
                  0x000808          0x4 LONG 0xd2a DEFINED (__AltHardTrapError)?ABSOLUTE (__AltHardTrapError):DEFINED (__HardTrapError)?ABSOLUTE (__HardTrapError):ABSOLUTE (__DefaultInterrupt)
                  0x00080a          0x4 LONG 0xd2a DEFINED (__AltStackError)?ABSOLUTE (__AltStackError):DEFINED (__StackError)?ABSOLUTE (__StackError):ABSOLUTE (__DefaultInterrupt)
                  0x00080c          0x4 LONG 0xd2a DEFINED (__AltMathError)?ABSOLUTE (__AltMathError):DEFINED (__MathError)?ABSOLUTE (__MathError):ABSOLUTE (__DefaultInterrupt)
                  0x00080e          0x4 LONG 0xd2a DEFINED (__AltDMACError)?ABSOLUTE (__AltDMACError):DEFINED (__DMACError)?ABSOLUTE (__DMACError):ABSOLUTE (__DefaultInterrupt)
                  0x000810          0x4 LONG 0xd2a DEFINED (__AltSoftTrapError)?ABSOLUTE (__AltSoftTrapError):DEFINED (__SoftTrapError)?ABSOLUTE (__SoftTrapError):ABSOLUTE (__DefaultInterrupt)
                  0x000812          0x4 LONG 0xd2a DEFINED (__AltReservedTrap7)?ABSOLUTE (__AltReservedTrap7):DEFINED (__ReservedTrap7)?ABSOLUTE (__ReservedTrap7):ABSOLUTE (__DefaultInterrupt)
                  0x000814          0x4 LONG 0xd2a DEFINED (__AltINT0Interrupt)?ABSOLUTE (__AltINT0Interrupt):DEFINED (__INT0Interrupt)?ABSOLUTE (__INT0Interrupt):ABSOLUTE (__DefaultInterrupt)
                  0x000816          0x4 LONG 0xd2a DEFINED (__AltIC1Interrupt)?ABSOLUTE (__AltIC1Interrupt):DEFINED (__IC1Interrupt)?ABSOLUTE (__IC1Interrupt):ABSOLUTE (__DefaultInterrupt)
                  0x000818          0x4 LONG 0xd2a DEFINED (__AltOC1Interrupt)?ABSOLUTE (__AltOC1Interrupt):DEFINED (__OC1Interrupt)?ABSOLUTE (__OC1Interrupt):ABSOLUTE (__DefaultInterrupt)
                  0x00081a          0x4 LONG 0xeb4a DEFINED (__AltT1Interrupt)?ABSOLUTE (__AltT1Interrupt):DEFINED (__T1Interrupt)?ABSOLUTE (__T1Interrupt):ABSOLUTE (__DefaultInterrupt)
                  0x00081c          0x4 LONG 0xd2a DEFINED (__AltDMA0Interrupt)?ABSOLUTE (__AltDMA0Interrupt):DEFINED (__DMA0Interrupt)?ABSOLUTE (__DMA0Interrupt):ABSOLUTE (__DefaultInterrupt)
                  0x00081e          0x4 LONG 0xd2a DEFINED (__AltIC2Interrupt)?ABSOLUTE (__AltIC2Interrupt):DEFINED (__IC2Interrupt)?ABSOLUTE (__IC2Interrupt):ABSOLUTE (__DefaultInterrupt)
                  0x000820          0x4 LONG 0xd2a DEFINED (__AltOC2Interrupt)?ABSOLUTE (__AltOC2Interrupt):DEFINED (__OC2Interrupt)?ABSOLUTE (__OC2Interrupt):ABSOLUTE (__DefaultInterrupt)
                  0x000822          0x4 LONG 0xeb8c DEFINED (__AltT2Interrupt)?ABSOLUTE (__AltT2Interrupt):DEFINED (__T2Interrupt)?ABSOLUTE (__T2Interrupt):ABSOLUTE (__DefaultInterrupt)
                  0x000824          0x4 LONG 0xdf9c DEFINED (__AltT3Interrupt)?ABSOLUTE (__AltT3Interrupt):DEFINED (__T3Interrupt)?ABSOLUTE (__T3Interrupt):ABSOLUTE (__DefaultInterrupt)
                  0x000826          0x4 LONG 0xd2a DEFINED (__AltSPI1ErrInterrupt)?ABSOLUTE (__AltSPI1ErrInterrupt):DEFINED (__SPI1ErrInterrupt)?ABSOLUTE (__SPI1ErrInterrupt):ABSOLUTE (__DefaultInterrupt)
                  0x000828          0x4 LONG 0xd2a DEFINED (__AltSPI1Interrupt)?ABSOLUTE (__AltSPI1Interrupt):DEFINED (__SPI1Interrupt)?ABSOLUTE (__SPI1Interrupt):ABSOLUTE (__DefaultInterrupt)
                  0x00082a          0x4 LONG 0xde08 DEFINED (__AltU1RXInterrupt)?ABSOLUTE (__AltU1RXInterrupt):DEFINED (__U1RXInterrupt)?ABSOLUTE (__U1RXInterrupt):ABSOLUTE (__DefaultInterrupt)
                  0x00082c          0x4 LONG 0xd2a DEFINED (__AltU1TXInterrupt)?ABSOLUTE (__AltU1TXInterrupt):DEFINED (__U1TXInterrupt)?ABSOLUTE (__U1TXInterrupt):ABSOLUTE (__DefaultInterrupt)
                  0x00082e          0x4 LONG 0xd2a DEFINED (__AltAD1Interrupt)?ABSOLUTE (__AltAD1Interrupt):DEFINED (__AD1Interrupt)?ABSOLUTE (__AD1Interrupt):ABSOLUTE (__DefaultInterrupt)
                  0x000830          0x4 LONG 0xd2a DEFINED (__AltDMA1Interrupt)?ABSOLUTE (__AltDMA1Interrupt):DEFINED (__DMA1Interrupt)?ABSOLUTE (__DMA1Interrupt):ABSOLUTE (__DefaultInterrupt)
                  0x000832          0x4 LONG 0xd2a DEFINED (__AltNVMInterrupt)?ABSOLUTE (__AltNVMInterrupt):DEFINED (__NVMInterrupt)?ABSOLUTE (__NVMInterrupt):ABSOLUTE (__DefaultInterrupt)
                  0x000834          0x4 LONG 0xd2a DEFINED (__AltSI2C1Interrupt)?ABSOLUTE (__AltSI2C1Interrupt):DEFINED (__SI2C1Interrupt)?ABSOLUTE (__SI2C1Interrupt):ABSOLUTE (__DefaultInterrupt)
                  0x000836          0x4 LONG 0xd2a DEFINED (__AltMI2C1Interrupt)?ABSOLUTE (__AltMI2C1Interrupt):DEFINED (__MI2C1Interrupt)?ABSOLUTE (__MI2C1Interrupt):ABSOLUTE (__DefaultInterrupt)
                  0x000838          0x4 LONG 0xd2a DEFINED (__AltCMP1Interrupt)?ABSOLUTE (__AltCMP1Interrupt):DEFINED (__CMP1Interrupt)?ABSOLUTE (__CMP1Interrupt):ABSOLUTE (__DefaultInterrupt)
                  0x00083a          0x4 LONG 0xd2a DEFINED (__AltCNInterrupt)?ABSOLUTE (__AltCNInterrupt):DEFINED (__CNInterrupt)?ABSOLUTE (__CNInterrupt):ABSOLUTE (__DefaultInterrupt)
                  0x00083c          0x4 LONG 0xd2a DEFINED (__AltINT1Interrupt)?ABSOLUTE (__AltINT1Interrupt):DEFINED (__INT1Interrupt)?ABSOLUTE (__INT1Interrupt):ABSOLUTE (__DefaultInterrupt)
                  0x00083e          0x4 LONG 0xd2a DEFINED (__AltInterrupt21)?ABSOLUTE (__AltInterrupt21):DEFINED (__Interrupt21)?ABSOLUTE (__Interrupt21):ABSOLUTE (__DefaultInterrupt)
                  0x000840          0x4 LONG 0xd2a DEFINED (__AltInterrupt22)?ABSOLUTE (__AltInterrupt22):DEFINED (__Interrupt22)?ABSOLUTE (__Interrupt22):ABSOLUTE (__DefaultInterrupt)
                  0x000842          0x4 LONG 0xd2a DEFINED (__AltInterrupt23)?ABSOLUTE (__AltInterrupt23):DEFINED (__Interrupt23)?ABSOLUTE (__Interrupt23):ABSOLUTE (__DefaultInterrupt)
                  0x000844          0x4 LONG 0xd2a DEFINED (__AltDMA2Interrupt)?ABSOLUTE (__AltDMA2Interrupt):DEFINED (__DMA2Interrupt)?ABSOLUTE (__DMA2Interrupt):ABSOLUTE (__DefaultInterrupt)
                  0x000846          0x4 LONG 0xd2a DEFINED (__AltOC3Interrupt)?ABSOLUTE (__AltOC3Interrupt):DEFINED (__OC3Interrupt)?ABSOLUTE (__OC3Interrupt):ABSOLUTE (__DefaultInterrupt)
                  0x000848          0x4 LONG 0xd2a DEFINED (__AltOC4Interrupt)?ABSOLUTE (__AltOC4Interrupt):DEFINED (__OC4Interrupt)?ABSOLUTE (__OC4Interrupt):ABSOLUTE (__DefaultInterrupt)
                  0x00084a          0x4 LONG 0xd7bc DEFINED (__AltT4Interrupt)?ABSOLUTE (__AltT4Interrupt):DEFINED (__T4Interrupt)?ABSOLUTE (__T4Interrupt):ABSOLUTE (__DefaultInterrupt)
                  0x00084c          0x4 LONG 0xd2a DEFINED (__AltT5Interrupt)?ABSOLUTE (__AltT5Interrupt):DEFINED (__T5Interrupt)?ABSOLUTE (__T5Interrupt):ABSOLUTE (__DefaultInterrupt)
                  0x00084e          0x4 LONG 0xd2a DEFINED (__AltINT2Interrupt)?ABSOLUTE (__AltINT2Interrupt):DEFINED (__INT2Interrupt)?ABSOLUTE (__INT2Interrupt):ABSOLUTE (__DefaultInterrupt)
                  0x000850          0x4 LONG 0x56c6 DEFINED (__AltU2RXInterrupt)?ABSOLUTE (__AltU2RXInterrupt):DEFINED (__U2RXInterrupt)?ABSOLUTE (__U2RXInterrupt):ABSOLUTE (__DefaultInterrupt)
                  0x000852          0x4 LONG 0xd2a DEFINED (__AltU2TXInterrupt)?ABSOLUTE (__AltU2TXInterrupt):DEFINED (__U2TXInterrupt)?ABSOLUTE (__U2TXInterrupt):ABSOLUTE (__DefaultInterrupt)
                  0x000854          0x4 LONG 0xd2a DEFINED (__AltSPI2ErrInterrupt)?ABSOLUTE (__AltSPI2ErrInterrupt):DEFINED (__SPI2ErrInterrupt)?ABSOLUTE (__SPI2ErrInterrupt):ABSOLUTE (__DefaultInterrupt)
                  0x000856          0x4 LONG 0xd2a DEFINED (__AltSPI2Interrupt)?ABSOLUTE (__AltSPI2Interrupt):DEFINED (__SPI2Interrupt)?ABSOLUTE (__SPI2Interrupt):ABSOLUTE (__DefaultInterrupt)
                  0x000858          0x4 LONG 0xd2a DEFINED (__AltInterrupt34)?ABSOLUTE (__AltInterrupt34):DEFINED (__Interrupt34)?ABSOLUTE (__Interrupt34):ABSOLUTE (__DefaultInterrupt)
                  0x00085a          0x4 LONG 0xd2a DEFINED (__AltInterrupt35)?ABSOLUTE (__AltInterrupt35):DEFINED (__Interrupt35)?ABSOLUTE (__Interrupt35):ABSOLUTE (__DefaultInterrupt)
                  0x00085c          0x4 LONG 0xd2a DEFINED (__AltDMA3Interrupt)?ABSOLUTE (__AltDMA3Interrupt):DEFINED (__DMA3Interrupt)?ABSOLUTE (__DMA3Interrupt):ABSOLUTE (__DefaultInterrupt)
                  0x00085e          0x4 LONG 0xd2a DEFINED (__AltIC3Interrupt)?ABSOLUTE (__AltIC3Interrupt):DEFINED (__IC3Interrupt)?ABSOLUTE (__IC3Interrupt):ABSOLUTE (__DefaultInterrupt)
                  0x000860          0x4 LONG 0xd2a DEFINED (__AltIC4Interrupt)?ABSOLUTE (__AltIC4Interrupt):DEFINED (__IC4Interrupt)?ABSOLUTE (__IC4Interrupt):ABSOLUTE (__DefaultInterrupt)
                  0x000862          0x4 LONG 0xd2a DEFINED (__AltInterrupt39)?ABSOLUTE (__AltInterrupt39):DEFINED (__Interrupt39)?ABSOLUTE (__Interrupt39):ABSOLUTE (__DefaultInterrupt)
                  0x000864          0x4 LONG 0xd2a DEFINED (__AltInterrupt40)?ABSOLUTE (__AltInterrupt40):DEFINED (__Interrupt40)?ABSOLUTE (__Interrupt40):ABSOLUTE (__DefaultInterrupt)
                  0x000866          0x4 LONG 0xd2a DEFINED (__AltInterrupt41)?ABSOLUTE (__AltInterrupt41):DEFINED (__Interrupt41)?ABSOLUTE (__Interrupt41):ABSOLUTE (__DefaultInterrupt)
                  0x000868          0x4 LONG 0xd2a DEFINED (__AltInterrupt42)?ABSOLUTE (__AltInterrupt42):DEFINED (__Interrupt42)?ABSOLUTE (__Interrupt42):ABSOLUTE (__DefaultInterrupt)
                  0x00086a          0x4 LONG 0xd2a DEFINED (__AltInterrupt43)?ABSOLUTE (__AltInterrupt43):DEFINED (__Interrupt43)?ABSOLUTE (__Interrupt43):ABSOLUTE (__DefaultInterrupt)
                  0x00086c          0x4 LONG 0xd2a DEFINED (__AltInterrupt44)?ABSOLUTE (__AltInterrupt44):DEFINED (__Interrupt44)?ABSOLUTE (__Interrupt44):ABSOLUTE (__DefaultInterrupt)
                  0x00086e          0x4 LONG 0xd2a DEFINED (__AltInterrupt45)?ABSOLUTE (__AltInterrupt45):DEFINED (__Interrupt45)?ABSOLUTE (__Interrupt45):ABSOLUTE (__DefaultInterrupt)
                  0x000870          0x4 LONG 0xd2a DEFINED (__AltInterrupt46)?ABSOLUTE (__AltInterrupt46):DEFINED (__Interrupt46)?ABSOLUTE (__Interrupt46):ABSOLUTE (__DefaultInterrupt)
                  0x000872          0x4 LONG 0xd2a DEFINED (__AltInterrupt47)?ABSOLUTE (__AltInterrupt47):DEFINED (__Interrupt47)?ABSOLUTE (__Interrupt47):ABSOLUTE (__DefaultInterrupt)
                  0x000874          0x4 LONG 0xd2a DEFINED (__AltInterrupt48)?ABSOLUTE (__AltInterrupt48):DEFINED (__Interrupt48)?ABSOLUTE (__Interrupt48):ABSOLUTE (__DefaultInterrupt)
                  0x000876          0x4 LONG 0xd2a DEFINED (__AltInterrupt49)?ABSOLUTE (__AltInterrupt49):DEFINED (__Interrupt49)?ABSOLUTE (__Interrupt49):ABSOLUTE (__DefaultInterrupt)
                  0x000878          0x4 LONG 0xd2a DEFINED (__AltInterrupt50)?ABSOLUTE (__AltInterrupt50):DEFINED (__Interrupt50)?ABSOLUTE (__Interrupt50):ABSOLUTE (__DefaultInterrupt)
                  0x00087a          0x4 LONG 0xd2a DEFINED (__AltInterrupt51)?ABSOLUTE (__AltInterrupt51):DEFINED (__Interrupt51)?ABSOLUTE (__Interrupt51):ABSOLUTE (__DefaultInterrupt)
                  0x00087c          0x4 LONG 0xd2a DEFINED (__AltInterrupt52)?ABSOLUTE (__AltInterrupt52):DEFINED (__Interrupt52)?ABSOLUTE (__Interrupt52):ABSOLUTE (__DefaultInterrupt)
                  0x00087e          0x4 LONG 0xd2a DEFINED (__AltInterrupt53)?ABSOLUTE (__AltInterrupt53):DEFINED (__Interrupt53)?ABSOLUTE (__Interrupt53):ABSOLUTE (__DefaultInterrupt)
                  0x000880          0x4 LONG 0xd2a DEFINED (__AltInterrupt54)?ABSOLUTE (__AltInterrupt54):DEFINED (__Interrupt54)?ABSOLUTE (__Interrupt54):ABSOLUTE (__DefaultInterrupt)
                  0x000882          0x4 LONG 0xd2a DEFINED (__AltInterrupt55)?ABSOLUTE (__AltInterrupt55):DEFINED (__Interrupt55)?ABSOLUTE (__Interrupt55):ABSOLUTE (__DefaultInterrupt)
                  0x000884          0x4 LONG 0xd2a DEFINED (__AltInterrupt56)?ABSOLUTE (__AltInterrupt56):DEFINED (__Interrupt56)?ABSOLUTE (__Interrupt56):ABSOLUTE (__DefaultInterrupt)
                  0x000886          0x4 LONG 0xd2a DEFINED (__AltPWMSpEventMatchInterrupt)?ABSOLUTE (__AltPWMSpEventMatchInterrupt):DEFINED (__PWMSpEventMatchInterrupt)?ABSOLUTE (__PWMSpEventMatchInterrupt):ABSOLUTE (__DefaultInterrupt)
                  0x000888          0x4 LONG 0xd2a DEFINED (__AltInterrupt58)?ABSOLUTE (__AltInterrupt58):DEFINED (__Interrupt58)?ABSOLUTE (__Interrupt58):ABSOLUTE (__DefaultInterrupt)
                  0x00088a          0x4 LONG 0xd2a DEFINED (__AltInterrupt59)?ABSOLUTE (__AltInterrupt59):DEFINED (__Interrupt59)?ABSOLUTE (__Interrupt59):ABSOLUTE (__DefaultInterrupt)
                  0x00088c          0x4 LONG 0xd2a DEFINED (__AltInterrupt60)?ABSOLUTE (__AltInterrupt60):DEFINED (__Interrupt60)?ABSOLUTE (__Interrupt60):ABSOLUTE (__DefaultInterrupt)
                  0x00088e          0x4 LONG 0xd2a DEFINED (__AltInterrupt61)?ABSOLUTE (__AltInterrupt61):DEFINED (__Interrupt61)?ABSOLUTE (__Interrupt61):ABSOLUTE (__DefaultInterrupt)
                  0x000890          0x4 LONG 0xd2a DEFINED (__AltInterrupt62)?ABSOLUTE (__AltInterrupt62):DEFINED (__Interrupt62)?ABSOLUTE (__Interrupt62):ABSOLUTE (__DefaultInterrupt)
                  0x000892          0x4 LONG 0xd2a DEFINED (__AltInterrupt63)?ABSOLUTE (__AltInterrupt63):DEFINED (__Interrupt63)?ABSOLUTE (__Interrupt63):ABSOLUTE (__DefaultInterrupt)
                  0x000894          0x4 LONG 0xd2a DEFINED (__AltInterrupt64)?ABSOLUTE (__AltInterrupt64):DEFINED (__Interrupt64)?ABSOLUTE (__Interrupt64):ABSOLUTE (__DefaultInterrupt)
                  0x000896          0x4 LONG 0xd2a DEFINED (__AltU1ErrInterrupt)?ABSOLUTE (__AltU1ErrInterrupt):DEFINED (__U1ErrInterrupt)?ABSOLUTE (__U1ErrInterrupt):ABSOLUTE (__DefaultInterrupt)
                  0x000898          0x4 LONG 0xd2a DEFINED (__AltU2ErrInterrupt)?ABSOLUTE (__AltU2ErrInterrupt):DEFINED (__U2ErrInterrupt)?ABSOLUTE (__U2ErrInterrupt):ABSOLUTE (__DefaultInterrupt)
                  0x00089a          0x4 LONG 0xd2a DEFINED (__AltInterrupt67)?ABSOLUTE (__AltInterrupt67):DEFINED (__Interrupt67)?ABSOLUTE (__Interrupt67):ABSOLUTE (__DefaultInterrupt)
                  0x00089c          0x4 LONG 0xd2a DEFINED (__AltInterrupt68)?ABSOLUTE (__AltInterrupt68):DEFINED (__Interrupt68)?ABSOLUTE (__Interrupt68):ABSOLUTE (__DefaultInterrupt)
                  0x00089e          0x4 LONG 0xd2a DEFINED (__AltInterrupt69)?ABSOLUTE (__AltInterrupt69):DEFINED (__Interrupt69)?ABSOLUTE (__Interrupt69):ABSOLUTE (__DefaultInterrupt)
                  0x0008a0          0x4 LONG 0xd2a DEFINED (__AltC1TXInterrupt)?ABSOLUTE (__AltC1TXInterrupt):DEFINED (__C1TXInterrupt)?ABSOLUTE (__C1TXInterrupt):ABSOLUTE (__DefaultInterrupt)
                  0x0008a2          0x4 LONG 0xd2a DEFINED (__AltInterrupt71)?ABSOLUTE (__AltInterrupt71):DEFINED (__Interrupt71)?ABSOLUTE (__Interrupt71):ABSOLUTE (__DefaultInterrupt)
                  0x0008a4          0x4 LONG 0xd2a DEFINED (__AltInterrupt72)?ABSOLUTE (__AltInterrupt72):DEFINED (__Interrupt72)?ABSOLUTE (__Interrupt72):ABSOLUTE (__DefaultInterrupt)
                  0x0008a6          0x4 LONG 0xd2a DEFINED (__AltInterrupt73)?ABSOLUTE (__AltInterrupt73):DEFINED (__Interrupt73)?ABSOLUTE (__Interrupt73):ABSOLUTE (__DefaultInterrupt)
                  0x0008a8          0x4 LONG 0xd2a DEFINED (__AltInterrupt74)?ABSOLUTE (__AltInterrupt74):DEFINED (__Interrupt74)?ABSOLUTE (__Interrupt74):ABSOLUTE (__DefaultInterrupt)
                  0x0008aa          0x4 LONG 0xd2a DEFINED (__AltInterrupt75)?ABSOLUTE (__AltInterrupt75):DEFINED (__Interrupt75)?ABSOLUTE (__Interrupt75):ABSOLUTE (__DefaultInterrupt)
                  0x0008ac          0x4 LONG 0xd2a DEFINED (__AltInterrupt76)?ABSOLUTE (__AltInterrupt76):DEFINED (__Interrupt76)?ABSOLUTE (__Interrupt76):ABSOLUTE (__DefaultInterrupt)
                  0x0008ae          0x4 LONG 0xd2a DEFINED (__AltCTMUInterrupt)?ABSOLUTE (__AltCTMUInterrupt):DEFINED (__CTMUInterrupt)?ABSOLUTE (__CTMUInterrupt):ABSOLUTE (__DefaultInterrupt)
                  0x0008b0          0x4 LONG 0xd2a DEFINED (__AltInterrupt78)?ABSOLUTE (__AltInterrupt78):DEFINED (__Interrupt78)?ABSOLUTE (__Interrupt78):ABSOLUTE (__DefaultInterrupt)
                  0x0008b2          0x4 LONG 0xd2a DEFINED (__AltInterrupt79)?ABSOLUTE (__AltInterrupt79):DEFINED (__Interrupt79)?ABSOLUTE (__Interrupt79):ABSOLUTE (__DefaultInterrupt)
                  0x0008b4          0x4 LONG 0xd2a DEFINED (__AltInterrupt80)?ABSOLUTE (__AltInterrupt80):DEFINED (__Interrupt80)?ABSOLUTE (__Interrupt80):ABSOLUTE (__DefaultInterrupt)
                  0x0008b6          0x4 LONG 0xd2a DEFINED (__AltInterrupt81)?ABSOLUTE (__AltInterrupt81):DEFINED (__Interrupt81)?ABSOLUTE (__Interrupt81):ABSOLUTE (__DefaultInterrupt)
                  0x0008b8          0x4 LONG 0xd2a DEFINED (__AltInterrupt82)?ABSOLUTE (__AltInterrupt82):DEFINED (__Interrupt82)?ABSOLUTE (__Interrupt82):ABSOLUTE (__DefaultInterrupt)
                  0x0008ba          0x4 LONG 0xd2a DEFINED (__AltInterrupt83)?ABSOLUTE (__AltInterrupt83):DEFINED (__Interrupt83)?ABSOLUTE (__Interrupt83):ABSOLUTE (__DefaultInterrupt)
                  0x0008bc          0x4 LONG 0xd2a DEFINED (__AltInterrupt84)?ABSOLUTE (__AltInterrupt84):DEFINED (__Interrupt84)?ABSOLUTE (__Interrupt84):ABSOLUTE (__DefaultInterrupt)
                  0x0008be          0x4 LONG 0xd2a DEFINED (__AltInterrupt85)?ABSOLUTE (__AltInterrupt85):DEFINED (__Interrupt85)?ABSOLUTE (__Interrupt85):ABSOLUTE (__DefaultInterrupt)
                  0x0008c0          0x4 LONG 0xd2a DEFINED (__AltInterrupt86)?ABSOLUTE (__AltInterrupt86):DEFINED (__Interrupt86)?ABSOLUTE (__Interrupt86):ABSOLUTE (__DefaultInterrupt)
                  0x0008c2          0x4 LONG 0xd2a DEFINED (__AltInterrupt87)?ABSOLUTE (__AltInterrupt87):DEFINED (__Interrupt87)?ABSOLUTE (__Interrupt87):ABSOLUTE (__DefaultInterrupt)
                  0x0008c4          0x4 LONG 0xd2a DEFINED (__AltInterrupt88)?ABSOLUTE (__AltInterrupt88):DEFINED (__Interrupt88)?ABSOLUTE (__Interrupt88):ABSOLUTE (__DefaultInterrupt)
                  0x0008c6          0x4 LONG 0xd2a DEFINED (__AltInterrupt89)?ABSOLUTE (__AltInterrupt89):DEFINED (__Interrupt89)?ABSOLUTE (__Interrupt89):ABSOLUTE (__DefaultInterrupt)
                  0x0008c8          0x4 LONG 0xd2a DEFINED (__AltInterrupt90)?ABSOLUTE (__AltInterrupt90):DEFINED (__Interrupt90)?ABSOLUTE (__Interrupt90):ABSOLUTE (__DefaultInterrupt)
                  0x0008ca          0x4 LONG 0xd2a DEFINED (__AltInterrupt91)?ABSOLUTE (__AltInterrupt91):DEFINED (__Interrupt91)?ABSOLUTE (__Interrupt91):ABSOLUTE (__DefaultInterrupt)
                  0x0008cc          0x4 LONG 0xd2a DEFINED (__AltInterrupt92)?ABSOLUTE (__AltInterrupt92):DEFINED (__Interrupt92)?ABSOLUTE (__Interrupt92):ABSOLUTE (__DefaultInterrupt)
                  0x0008ce          0x4 LONG 0xd2a DEFINED (__AltInterrupt93)?ABSOLUTE (__AltInterrupt93):DEFINED (__Interrupt93)?ABSOLUTE (__Interrupt93):ABSOLUTE (__DefaultInterrupt)
                  0x0008d0          0x4 LONG 0xd2a DEFINED (__AltPWM1Interrupt)?ABSOLUTE (__AltPWM1Interrupt):DEFINED (__PWM1Interrupt)?ABSOLUTE (__PWM1Interrupt):ABSOLUTE (__DefaultInterrupt)
                  0x0008d2          0x4 LONG 0xd2a DEFINED (__AltPWM2Interrupt)?ABSOLUTE (__AltPWM2Interrupt):DEFINED (__PWM2Interrupt)?ABSOLUTE (__PWM2Interrupt):ABSOLUTE (__DefaultInterrupt)
                  0x0008d4          0x4 LONG 0xd2a DEFINED (__AltPWM3Interrupt)?ABSOLUTE (__AltPWM3Interrupt):DEFINED (__PWM3Interrupt)?ABSOLUTE (__PWM3Interrupt):ABSOLUTE (__DefaultInterrupt)
                  0x0008d6          0x4 LONG 0xd2a DEFINED (__AltInterrupt97)?ABSOLUTE (__AltInterrupt97):DEFINED (__Interrupt97)?ABSOLUTE (__Interrupt97):ABSOLUTE (__DefaultInterrupt)
                  0x0008d8          0x4 LONG 0xd2a DEFINED (__AltInterrupt98)?ABSOLUTE (__AltInterrupt98):DEFINED (__Interrupt98)?ABSOLUTE (__Interrupt98):ABSOLUTE (__DefaultInterrupt)
                  0x0008da          0x4 LONG 0xd2a DEFINED (__AltInterrupt99)?ABSOLUTE (__AltInterrupt99):DEFINED (__Interrupt99)?ABSOLUTE (__Interrupt99):ABSOLUTE (__DefaultInterrupt)
                  0x0008dc          0x4 LONG 0xd2a DEFINED (__AltInterrupt100)?ABSOLUTE (__AltInterrupt100):DEFINED (__Interrupt100)?ABSOLUTE (__Interrupt100):ABSOLUTE (__DefaultInterrupt)
                  0x0008de          0x4 LONG 0xd2a DEFINED (__AltInterrupt101)?ABSOLUTE (__AltInterrupt101):DEFINED (__Interrupt101)?ABSOLUTE (__Interrupt101):ABSOLUTE (__DefaultInterrupt)
                  0x0008e0          0x4 LONG 0xd2a DEFINED (__AltInterrupt102)?ABSOLUTE (__AltInterrupt102):DEFINED (__Interrupt102)?ABSOLUTE (__Interrupt102):ABSOLUTE (__DefaultInterrupt)
                  0x0008e2          0x4 LONG 0xd2a DEFINED (__AltInterrupt103)?ABSOLUTE (__AltInterrupt103):DEFINED (__Interrupt103)?ABSOLUTE (__Interrupt103):ABSOLUTE (__DefaultInterrupt)
                  0x0008e4          0x4 LONG 0xd2a DEFINED (__AltInterrupt104)?ABSOLUTE (__AltInterrupt104):DEFINED (__Interrupt104)?ABSOLUTE (__Interrupt104):ABSOLUTE (__DefaultInterrupt)
                  0x0008e6          0x4 LONG 0xd2a DEFINED (__AltInterrupt105)?ABSOLUTE (__AltInterrupt105):DEFINED (__Interrupt105)?ABSOLUTE (__Interrupt105):ABSOLUTE (__DefaultInterrupt)
                  0x0008e8          0x4 LONG 0xd2a DEFINED (__AltInterrupt106)?ABSOLUTE (__AltInterrupt106):DEFINED (__Interrupt106)?ABSOLUTE (__Interrupt106):ABSOLUTE (__DefaultInterrupt)
                  0x0008ea          0x4 LONG 0xd2a DEFINED (__AltInterrupt107)?ABSOLUTE (__AltInterrupt107):DEFINED (__Interrupt107)?ABSOLUTE (__Interrupt107):ABSOLUTE (__DefaultInterrupt)
                  0x0008ec          0x4 LONG 0xd2a DEFINED (__AltInterrupt108)?ABSOLUTE (__AltInterrupt108):DEFINED (__Interrupt108)?ABSOLUTE (__Interrupt108):ABSOLUTE (__DefaultInterrupt)
                  0x0008ee          0x4 LONG 0xd2a DEFINED (__AltInterrupt109)?ABSOLUTE (__AltInterrupt109):DEFINED (__Interrupt109)?ABSOLUTE (__Interrupt109):ABSOLUTE (__DefaultInterrupt)
                  0x0008f0          0x4 LONG 0xd2a DEFINED (__AltInterrupt110)?ABSOLUTE (__AltInterrupt110):DEFINED (__Interrupt110)?ABSOLUTE (__Interrupt110):ABSOLUTE (__DefaultInterrupt)
                  0x0008f2          0x4 LONG 0xd2a DEFINED (__AltInterrupt111)?ABSOLUTE (__AltInterrupt111):DEFINED (__Interrupt111)?ABSOLUTE (__Interrupt111):ABSOLUTE (__DefaultInterrupt)
                  0x0008f4          0x4 LONG 0xd2a DEFINED (__AltInterrupt112)?ABSOLUTE (__AltInterrupt112):DEFINED (__Interrupt112)?ABSOLUTE (__Interrupt112):ABSOLUTE (__DefaultInterrupt)
                  0x0008f6          0x4 LONG 0xd2a DEFINED (__AltInterrupt113)?ABSOLUTE (__AltInterrupt113):DEFINED (__Interrupt113)?ABSOLUTE (__Interrupt113):ABSOLUTE (__DefaultInterrupt)
                  0x0008f8          0x4 LONG 0xd2a DEFINED (__AltInterrupt114)?ABSOLUTE (__AltInterrupt114):DEFINED (__Interrupt114)?ABSOLUTE (__Interrupt114):ABSOLUTE (__DefaultInterrupt)
                  0x0008fa          0x4 LONG 0xd2a DEFINED (__AltInterrupt115)?ABSOLUTE (__AltInterrupt115):DEFINED (__Interrupt115)?ABSOLUTE (__Interrupt115):ABSOLUTE (__DefaultInterrupt)
                  0x0008fc          0x4 LONG 0xd2a DEFINED (__AltInterrupt116)?ABSOLUTE (__AltInterrupt116):DEFINED (__Interrupt116)?ABSOLUTE (__Interrupt116):ABSOLUTE (__DefaultInterrupt)
                  0x0008fe          0x4 LONG 0xd2a DEFINED (__AltInterrupt117)?ABSOLUTE (__AltInterrupt117):DEFINED (__Interrupt117)?ABSOLUTE (__Interrupt117):ABSOLUTE (__DefaultInterrupt)
                  0x000900          0x4 LONG 0xd2a DEFINED (__AltInterrupt118)?ABSOLUTE (__AltInterrupt118):DEFINED (__Interrupt118)?ABSOLUTE (__Interrupt118):ABSOLUTE (__DefaultInterrupt)
                  0x000902          0x4 LONG 0xd2a DEFINED (__AltInterrupt119)?ABSOLUTE (__AltInterrupt119):DEFINED (__Interrupt119)?ABSOLUTE (__Interrupt119):ABSOLUTE (__DefaultInterrupt)
                  0x000904          0x4 LONG 0xd2a DEFINED (__AltInterrupt120)?ABSOLUTE (__AltInterrupt120):DEFINED (__Interrupt120)?ABSOLUTE (__Interrupt120):ABSOLUTE (__DefaultInterrupt)
                  0x000906          0x4 LONG 0xd2a DEFINED (__AltInterrupt121)?ABSOLUTE (__AltInterrupt121):DEFINED (__Interrupt121)?ABSOLUTE (__Interrupt121):ABSOLUTE (__DefaultInterrupt)
                  0x000908          0x4 LONG 0xd2a DEFINED (__AltInterrupt122)?ABSOLUTE (__AltInterrupt122):DEFINED (__Interrupt122)?ABSOLUTE (__Interrupt122):ABSOLUTE (__DefaultInterrupt)
                  0x00090a          0x4 LONG 0xd2a DEFINED (__AltInterrupt123)?ABSOLUTE (__AltInterrupt123):DEFINED (__Interrupt123)?ABSOLUTE (__Interrupt123):ABSOLUTE (__DefaultInterrupt)
                  0x00090c          0x4 LONG 0xd2a DEFINED (__AltInterrupt124)?ABSOLUTE (__AltInterrupt124):DEFINED (__Interrupt124)?ABSOLUTE (__Interrupt124):ABSOLUTE (__DefaultInterrupt)
                  0x00090e          0x4 LONG 0xd2a DEFINED (__AltInterrupt125)?ABSOLUTE (__AltInterrupt125):DEFINED (__Interrupt125)?ABSOLUTE (__Interrupt125):ABSOLUTE (__DefaultInterrupt)
                  0x000910          0x4 LONG 0xd2a DEFINED (__AltInterrupt126)?ABSOLUTE (__AltInterrupt126):DEFINED (__Interrupt126)?ABSOLUTE (__Interrupt126):ABSOLUTE (__DefaultInterrupt)
                  0x000912          0x4 LONG 0xd2a DEFINED (__AltInterrupt127)?ABSOLUTE (__AltInterrupt127):DEFINED (__Interrupt127)?ABSOLUTE (__Interrupt127):ABSOLUTE (__DefaultInterrupt)
                  0x000914          0x4 LONG 0xd2a DEFINED (__AltInterrupt128)?ABSOLUTE (__AltInterrupt128):DEFINED (__Interrupt128)?ABSOLUTE (__Interrupt128):ABSOLUTE (__DefaultInterrupt)
                  0x000916          0x4 LONG 0xd2a DEFINED (__AltInterrupt129)?ABSOLUTE (__AltInterrupt129):DEFINED (__Interrupt129)?ABSOLUTE (__Interrupt129):ABSOLUTE (__DefaultInterrupt)
                  0x000918          0x4 LONG 0xd2a DEFINED (__AltInterrupt130)?ABSOLUTE (__AltInterrupt130):DEFINED (__Interrupt130)?ABSOLUTE (__Interrupt130):ABSOLUTE (__DefaultInterrupt)
                  0x00091a          0x4 LONG 0xd2a DEFINED (__AltInterrupt131)?ABSOLUTE (__AltInterrupt131):DEFINED (__Interrupt131)?ABSOLUTE (__Interrupt131):ABSOLUTE (__DefaultInterrupt)
                  0x00091c          0x4 LONG 0xd2a DEFINED (__AltInterrupt132)?ABSOLUTE (__AltInterrupt132):DEFINED (__Interrupt132)?ABSOLUTE (__Interrupt132):ABSOLUTE (__DefaultInterrupt)
                  0x00091e          0x4 LONG 0xd2a DEFINED (__AltInterrupt133)?ABSOLUTE (__AltInterrupt133):DEFINED (__Interrupt133)?ABSOLUTE (__Interrupt133):ABSOLUTE (__DefaultInterrupt)
                  0x000920          0x4 LONG 0xd2a DEFINED (__AltInterrupt134)?ABSOLUTE (__AltInterrupt134):DEFINED (__Interrupt134)?ABSOLUTE (__Interrupt134):ABSOLUTE (__DefaultInterrupt)
                  0x000922          0x4 LONG 0xd2a DEFINED (__AltInterrupt135)?ABSOLUTE (__AltInterrupt135):DEFINED (__Interrupt135)?ABSOLUTE (__Interrupt135):ABSOLUTE (__DefaultInterrupt)
                  0x000924          0x4 LONG 0xd2a DEFINED (__AltInterrupt136)?ABSOLUTE (__AltInterrupt136):DEFINED (__Interrupt136)?ABSOLUTE (__Interrupt136):ABSOLUTE (__DefaultInterrupt)
                  0x000926          0x4 LONG 0xd2a DEFINED (__AltInterrupt137)?ABSOLUTE (__AltInterrupt137):DEFINED (__Interrupt137)?ABSOLUTE (__Interrupt137):ABSOLUTE (__DefaultInterrupt)
                  0x000928          0x4 LONG 0xd2a DEFINED (__AltInterrupt138)?ABSOLUTE (__AltInterrupt138):DEFINED (__Interrupt138)?ABSOLUTE (__Interrupt138):ABSOLUTE (__DefaultInterrupt)
                  0x00092a          0x4 LONG 0xd2a DEFINED (__AltInterrupt139)?ABSOLUTE (__AltInterrupt139):DEFINED (__Interrupt139)?ABSOLUTE (__Interrupt139):ABSOLUTE (__DefaultInterrupt)
                  0x00092c          0x4 LONG 0xd2a DEFINED (__AltInterrupt140)?ABSOLUTE (__AltInterrupt140):DEFINED (__Interrupt140)?ABSOLUTE (__Interrupt140):ABSOLUTE (__DefaultInterrupt)
                  0x00092e          0x4 LONG 0xd2a DEFINED (__AltInterrupt141)?ABSOLUTE (__AltInterrupt141):DEFINED (__Interrupt141)?ABSOLUTE (__Interrupt141):ABSOLUTE (__DefaultInterrupt)
                  0x000930          0x4 LONG 0xd2a DEFINED (__AltICDInterrupt)?ABSOLUTE (__AltICDInterrupt):DEFINED (__ICDInterrupt)?ABSOLUTE (__ICDInterrupt):ABSOLUTE (__DefaultInterrupt)
                  0x000932          0x4 LONG 0xd2a DEFINED (__AltInterrupt143)?ABSOLUTE (__AltInterrupt143):DEFINED (__Interrupt143)?ABSOLUTE (__Interrupt143):ABSOLUTE (__DefaultInterrupt)
                  0x000934          0x4 LONG 0xd2a DEFINED (__AltInterrupt144)?ABSOLUTE (__AltInterrupt144):DEFINED (__Interrupt144)?ABSOLUTE (__Interrupt144):ABSOLUTE (__DefaultInterrupt)
                  0x000936          0x4 LONG 0xd2a DEFINED (__AltInterrupt145)?ABSOLUTE (__AltInterrupt145):DEFINED (__Interrupt145)?ABSOLUTE (__Interrupt145):ABSOLUTE (__DefaultInterrupt)
                  0x000938          0x4 LONG 0xd2a DEFINED (__AltInterrupt146)?ABSOLUTE (__AltInterrupt146):DEFINED (__Interrupt146)?ABSOLUTE (__Interrupt146):ABSOLUTE (__DefaultInterrupt)
                  0x00093a          0x4 LONG 0xd2a DEFINED (__AltInterrupt147)?ABSOLUTE (__AltInterrupt147):DEFINED (__Interrupt147)?ABSOLUTE (__Interrupt147):ABSOLUTE (__DefaultInterrupt)
                  0x00093c          0x4 LONG 0xd2a DEFINED (__AltInterrupt148)?ABSOLUTE (__AltInterrupt148):DEFINED (__Interrupt148)?ABSOLUTE (__Interrupt148):ABSOLUTE (__DefaultInterrupt)
                  0x00093e          0x4 LONG 0xd2a DEFINED (__AltInterrupt149)?ABSOLUTE (__AltInterrupt149):DEFINED (__Interrupt149)?ABSOLUTE (__Interrupt149):ABSOLUTE (__DefaultInterrupt)
                  0x000940          0x4 LONG 0xd2a DEFINED (__AltInterrupt150)?ABSOLUTE (__AltInterrupt150):DEFINED (__Interrupt150)?ABSOLUTE (__Interrupt150):ABSOLUTE (__DefaultInterrupt)
                  0x000942          0x4 LONG 0xd2a DEFINED (__AltInterrupt151)?ABSOLUTE (__AltInterrupt151):DEFINED (__Interrupt151)?ABSOLUTE (__Interrupt151):ABSOLUTE (__DefaultInterrupt)
                  0x000944          0x4 LONG 0xd2a DEFINED (__AltInterrupt152)?ABSOLUTE (__AltInterrupt152):DEFINED (__Interrupt152)?ABSOLUTE (__Interrupt152):ABSOLUTE (__DefaultInterrupt)
                  0x000946          0x4 LONG 0xd2a DEFINED (__AltInterrupt153)?ABSOLUTE (__AltInterrupt153):DEFINED (__Interrupt153)?ABSOLUTE (__Interrupt153):ABSOLUTE (__DefaultInterrupt)
                  0x000948          0x4 LONG 0xd2a DEFINED (__AltInterrupt154)?ABSOLUTE (__AltInterrupt154):DEFINED (__Interrupt154)?ABSOLUTE (__Interrupt154):ABSOLUTE (__DefaultInterrupt)
                  0x00094a          0x4 LONG 0xd2a DEFINED (__AltInterrupt155)?ABSOLUTE (__AltInterrupt155):DEFINED (__Interrupt155)?ABSOLUTE (__Interrupt155):ABSOLUTE (__DefaultInterrupt)
                  0x00094c          0x4 LONG 0xd2a DEFINED (__AltInterrupt156)?ABSOLUTE (__AltInterrupt156):DEFINED (__Interrupt156)?ABSOLUTE (__Interrupt156):ABSOLUTE (__DefaultInterrupt)
                  0x00094e          0x4 LONG 0xd2a DEFINED (__AltInterrupt157)?ABSOLUTE (__AltInterrupt157):DEFINED (__Interrupt157)?ABSOLUTE (__Interrupt157):ABSOLUTE (__DefaultInterrupt)
                  0x000950          0x4 LONG 0xd2a DEFINED (__AltInterrupt158)?ABSOLUTE (__AltInterrupt158):DEFINED (__Interrupt158)?ABSOLUTE (__Interrupt158):ABSOLUTE (__DefaultInterrupt)
                  0x000952          0x4 LONG 0xd2a DEFINED (__AltInterrupt159)?ABSOLUTE (__AltInterrupt159):DEFINED (__Interrupt159)?ABSOLUTE (__Interrupt159):ABSOLUTE (__DefaultInterrupt)
                  0x000954          0x4 LONG 0xd2a DEFINED (__AltInterrupt160)?ABSOLUTE (__AltInterrupt160):DEFINED (__Interrupt160)?ABSOLUTE (__Interrupt160):ABSOLUTE (__DefaultInterrupt)
                  0x000956          0x4 LONG 0xd2a DEFINED (__AltInterrupt161)?ABSOLUTE (__AltInterrupt161):DEFINED (__Interrupt161)?ABSOLUTE (__Interrupt161):ABSOLUTE (__DefaultInterrupt)
                  0x000958          0x4 LONG 0xd2a DEFINED (__AltInterrupt162)?ABSOLUTE (__AltInterrupt162):DEFINED (__Interrupt162)?ABSOLUTE (__Interrupt162):ABSOLUTE (__DefaultInterrupt)
                  0x00095a          0x4 LONG 0xd2a DEFINED (__AltInterrupt163)?ABSOLUTE (__AltInterrupt163):DEFINED (__Interrupt163)?ABSOLUTE (__Interrupt163):ABSOLUTE (__DefaultInterrupt)
                  0x00095c          0x4 LONG 0xd2a DEFINED (__AltInterrupt164)?ABSOLUTE (__AltInterrupt164):DEFINED (__Interrupt164)?ABSOLUTE (__Interrupt164):ABSOLUTE (__DefaultInterrupt)
                  0x00095e          0x4 LONG 0xd2a DEFINED (__AltInterrupt165)?ABSOLUTE (__AltInterrupt165):DEFINED (__Interrupt165)?ABSOLUTE (__Interrupt165):ABSOLUTE (__DefaultInterrupt)
                  0x000960          0x4 LONG 0xd2a DEFINED (__AltInterrupt166)?ABSOLUTE (__AltInterrupt166):DEFINED (__Interrupt166)?ABSOLUTE (__Interrupt166):ABSOLUTE (__DefaultInterrupt)
                  0x000962          0x4 LONG 0xd2a DEFINED (__AltInterrupt167)?ABSOLUTE (__AltInterrupt167):DEFINED (__Interrupt167)?ABSOLUTE (__Interrupt167):ABSOLUTE (__DefaultInterrupt)
                  0x000964          0x4 LONG 0xd2a DEFINED (__AltInterrupt168)?ABSOLUTE (__AltInterrupt168):DEFINED (__Interrupt168)?ABSOLUTE (__Interrupt168):ABSOLUTE (__DefaultInterrupt)
                  0x000966          0x4 LONG 0xd2a DEFINED (__AltInterrupt169)?ABSOLUTE (__AltInterrupt169):DEFINED (__Interrupt169)?ABSOLUTE (__Interrupt169):ABSOLUTE (__DefaultInterrupt)
                  0x000968          0x4 LONG 0xd2a DEFINED (__AltInterrupt170)?ABSOLUTE (__AltInterrupt170):DEFINED (__Interrupt170)?ABSOLUTE (__Interrupt170):ABSOLUTE (__DefaultInterrupt)
                  0x00096a          0x4 LONG 0xd2a DEFINED (__AltInterrupt171)?ABSOLUTE (__AltInterrupt171):DEFINED (__Interrupt171)?ABSOLUTE (__Interrupt171):ABSOLUTE (__DefaultInterrupt)
                  0x00096c          0x4 LONG 0xd2a DEFINED (__AltInterrupt172)?ABSOLUTE (__AltInterrupt172):DEFINED (__Interrupt172)?ABSOLUTE (__Interrupt172):ABSOLUTE (__DefaultInterrupt)
                  0x00096e          0x4 LONG 0xd2a DEFINED (__AltI2C1Interrupt)?ABSOLUTE (__AltI2C1Interrupt):DEFINED (__I2C1Interrupt)?ABSOLUTE (__I2C1Interrupt):ABSOLUTE (__DefaultInterrupt)
                  0x000970          0x4 LONG 0xd2a DEFINED (__AltInterrupt174)?ABSOLUTE (__AltInterrupt174):DEFINED (__Interrupt174)?ABSOLUTE (__Interrupt174):ABSOLUTE (__DefaultInterrupt)
                  0x000972          0x4 LONG 0xd2a DEFINED (__AltInterrupt175)?ABSOLUTE (__AltInterrupt175):DEFINED (__Interrupt175)?ABSOLUTE (__Interrupt175):ABSOLUTE (__DefaultInterrupt)
                  0x000974          0x4 LONG 0xd2a DEFINED (__AltInterrupt176)?ABSOLUTE (__AltInterrupt176):DEFINED (__Interrupt176)?ABSOLUTE (__Interrupt176):ABSOLUTE (__DefaultInterrupt)
                  0x000976          0x4 LONG 0xd2a DEFINED (__AltInterrupt177)?ABSOLUTE (__AltInterrupt177):DEFINED (__Interrupt177)?ABSOLUTE (__Interrupt177):ABSOLUTE (__DefaultInterrupt)
                  0x000978          0x4 LONG 0xd2a DEFINED (__AltInterrupt178)?ABSOLUTE (__AltInterrupt178):DEFINED (__Interrupt178)?ABSOLUTE (__Interrupt178):ABSOLUTE (__DefaultInterrupt)
                  0x00097a          0x4 LONG 0xd2a DEFINED (__AltInterrupt179)?ABSOLUTE (__AltInterrupt179):DEFINED (__Interrupt179)?ABSOLUTE (__Interrupt179):ABSOLUTE (__DefaultInterrupt)
                  0x00097c          0x4 LONG 0xd2a DEFINED (__AltInterrupt180)?ABSOLUTE (__AltInterrupt180):DEFINED (__Interrupt180)?ABSOLUTE (__Interrupt180):ABSOLUTE (__DefaultInterrupt)
                  0x00097e          0x4 LONG 0xd2a DEFINED (__AltInterrupt181)?ABSOLUTE (__AltInterrupt181):DEFINED (__Interrupt181)?ABSOLUTE (__Interrupt181):ABSOLUTE (__DefaultInterrupt)
                  0x000980          0x4 LONG 0xd2a DEFINED (__AltSENT1ERRInterrupt)?ABSOLUTE (__AltSENT1ERRInterrupt):DEFINED (__SENT1ERRInterrupt)?ABSOLUTE (__SENT1ERRInterrupt):ABSOLUTE (__DefaultInterrupt)